<html>
<body>
<pre>
<h1>µVision Build Log</h1>
<h2>Tool Versions:</h2>
IDE-Version: ¶ÃVision V5.21.1.0
Copyright (C) 2016 ARM Ltd and ARM Germany GmbH. All rights reserved.
License Information: Pengyu Qu, Personal, LIC=8VRJ7-EBUW5-BS2YX-HPGPI-4EUBD-8IHK2
 
Tool Versions:
Toolchain:       MDK-ARM Plus  Version: 5.21a
Toolchain Path:  D:\MDK5\ARM\ARMCC\Bin
C Compiler:      Armcc.exe V5.06 update 3 (build 300)
Assembler:       Armasm.exe V5.06 update 3 (build 300)
Linker/Locator:  ArmLink.exe V5.06 update 3 (build 300)
Library Manager: ArmAr.exe V5.06 update 3 (build 300)
Hex Converter:   FromElf.exe V5.06 update 3 (build 300)
CPU DLL:         SARMCM3.DLL V5.21a
Dialog DLL:      DCM.DLL V1.13.8.0
Target DLL:      STLink\ST-LINKIII-KEIL_SWO.dll V2.0.18.0
Dialog DLL:      TCM.DLL V1.14.14.0
 
<h2>Project:</h2>
C:\Users\86156\Desktop\2022.12.2\Project\RVMDK£®uv5£©\BH-F103 .uvprojx
Project File Date:  12/01/2022

<h2>Output:</h2>
*** Using Compiler 'V5.06 update 3 (build 300)', folder: 'D:\MDK5\ARM\ARMCC\Bin'
Rebuild target 'GPS'
assembling startup_stm32f10x_hd.s...
compiling system_stm32f10x.c...
compiling stm32f10x_dac.c...
compiling core_cm3.c...
compiling stm32f10x_dbgmcu.c...
compiling stm32f10x_crc.c...
compiling misc.c...
compiling stm32f10x_exti.c...
compiling stm32f10x_dma.c...
compiling stm32f10x_flash.c...
compiling stm32f10x_cec.c...
compiling stm32f10x_bkp.c...
compiling stm32f10x_can.c...
compiling stm32f10x_adc.c...
compiling stm32f10x_fsmc.c...
compiling stm32f10x_gpio.c...
compiling stm32f10x_i2c.c...
compiling stm32f10x_iwdg.c...
compiling stm32f10x_pwr.c...
compiling stm32f10x_rcc.c...
compiling stm32f10x_rtc.c...
compiling stm32f10x_spi.c...
compiling stm32f10x_sdio.c...
compiling stm32f10x_wwdg.c...
compiling bsp_led.c...
compiling stm32f10x_it.c...
compiling stm32f10x_usart.c...
compiling stm32f10x_tim.c...
compiling gps_config.c...
compiling usart.c...
compiling nema_decode_test.c...
..\..\User\nema_decode_test.c(118): warning:  #223-D: function "memset" declared implicitly
  					memset(v_timestamp, 0, 13);
..\..\User\nema_decode_test.c(119): warning:  #223-D: function "memcpy" declared implicitly
  					memcpy(v_timestamp, bufTime, 12);
..\..\User\nema_decode_test.c(124): warning:  #223-D: function "memset" declared implicitly
  				memset(bufTime,0,12);
..\..\User\nema_decode_test.c: 3 warnings, 0 errors
compiling key.c...
compiling main.c...
..\..\User\main.c(26): warning:  #177-D: variable "i" was declared but never referenced
  	int i;
..\..\User\main.c: 1 warning, 0 errors
compiling usart2.c...
compiling ec20.c...
compiling context.c...
compiling info.c...
compiling generate.c...
compiling generator.c...
compiling bsp_internal_flash.c...
compiling parse.c...
compiling parser.c...
compiling time.c...
compiling sentence.c...
compiling gmath.c...
..\..\User\nmea_decode\src\gmath.c(166): warning:  #550-D: variable "tan_sigma" was set but never used
          double tmp1, tmp2, tan_sigma, sin_alpha, cos_alpha, C, lambda_prev; 
..\..\User\nmea_decode\src\gmath.c(264): warning:  #550-D: variable "tan_sigma1" was set but never used
      double tan_sigma1, sigma1, sin_alpha, cos_alpha, sqr_cos_alpha, sqr_u, A, B;
..\..\User\nmea_decode\src\gmath.c(264): warning:  #550-D: variable "cos_alpha" was set but never used
      double tan_sigma1, sigma1, sin_alpha, cos_alpha, sqr_cos_alpha, sqr_u, A, B;
..\..\User\nmea_decode\src\gmath.c: 3 warnings, 0 errors
compiling tok.c...
compiling gbk_utf8.c...
compiling bcd.c...
compiling client_manager.c...
..\..\User\jt808\src\client_manager.c(129): warning:  #870-D: invalid multibyte character sequence
          printf("%s[%d]: Êâ?Ë°?„Ä? Âπ?Âè?ÈÄ?Áî?Â∫?Á≠? „Ä?Âê?Áö?Êì?‰Ω?\r\n", __FUNCTION__, __LINE__);
..\..\User\jt808\src\client_manager.c(136): warning:  #870-D: invalid multibyte character sequence
          printf("%s[%d]: Êâ?Ë°?„Ä? Ë°?‰º?Âà?Âå?ËØ?Ê±? „Ä?Âê?Áö?Êì?‰Ω?\r\n", __FUNCTION__, __LINE__);
..\..\User\jt808\src\client_manager.c(150): warning:  #870-D: invalid multibyte character sequence
          printf("%s[%d]: Êâ?Ë°?„Ä? ËÆ?ÁΩ?Áª?Á´?Âè?Êï? „Ä?Âê?Áö?Êì?‰Ω?\r\n", __FUNCTION__, __LINE__);
..\..\User\jt808\src\client_manager.c(157): warning:  #870-D: invalid multibyte character sequence
          printf("%s[%d]: Êâ?Ë°?„Ä? Êü?ËØ?Áª?Á´?Âè?Êï? „Ä?Âê?Áö?Êì?‰Ω?\r\n", __FUNCTION__, __LINE__);
..\..\User\jt808\src\client_manager.c(164): warning:  #870-D: invalid multibyte character sequence
          printf("%s[%d]: Êâ?Ë°?„Ä? Êü?ËØ?Êå?ÂÆ?Áª?Á´?Âè?Êï? „Ä?Âê?Áö?Êì?‰Ω?\r\n", __FUNCTION__, __LINE__);
..\..\User\jt808\src\client_manager.c(171): warning:  #870-D: invalid multibyte character sequence
          printf("%s[%d]: Êâ?Ë°?„Ä? Áª?Á´?Êé?Âà? „Ä?Âê?Áö?Êì?‰Ω?\r\n", __FUNCTION__, __LINE__);
..\..\User\jt808\src\client_manager.c(178): warning:  #870-D: invalid multibyte character sequence
          printf("%s[%d]: Êâ?Ë°?„Ä? ‰∏?Âè?Áª?Á´?Âç?Á∫?Âå? „Ä?Âê?Áö?Êì?‰Ω?\r\n", __FUNCTION__, __LINE__);
..\..\User\jt808\src\client_manager.c(178): warning:  #870-D: invalid multibyte character sequence
          printf("%s[%d]: Êâ?Ë°?„Ä? ‰∏?Âè?Áª?Á´?Âç?Á∫?Âå? „Ä?Âê?Áö?Êì?‰Ω?\r\n", __FUNCTION__, __LINE__);
..\..\User\jt808\src\client_manager.c(185): warning:  #870-D: invalid multibyte character sequence
          printf("%s[%d]: Êâ?Ë°?„Ä? ‰Ω?ÁΩ?‰ø?ÊÅ?Êü?ËØ? „Ä?Âê?Áö?Êì?‰Ω?\r\n", __FUNCTION__, __LINE__);
..\..\User\jt808\src\client_manager.c: 9 warnings, 0 errors
compiling jt808_parser.c...
..\..\User\jt808\src\jt808_parser.c(87): warning:  #870-D: invalid multibyte character sequence
      printf("[%s] Âπ?Âè?ÈÄ?Áî?Â∫?Á≠? Â∫?Á≠?Êµ?Ê∞?Âè? = 0x%04x\r\n", __FUNCTION__, para->parse.respone_flow_num);
..\..\User\jt808\src\jt808_parser.c(91): warning:  #870-D: invalid multibyte character sequence
      printf("[%s] Âπ?Âè?ÈÄ?Áî?Â∫?Á≠? Â∫?Á≠?Êµ?Ê∞?Âè? = 0x%04x\r\n", __FUNCTION__, para->parse.respone_msg_id);
..\..\User\jt808\src\jt808_parser.c(95): warning:  #870-D: invalid multibyte character sequence
      printf("[%s] Âπ?Âè?ÈÄ?Áî?Â∫?Á≠? Â∫?Á≠?Êµ?Ê∞?Âè? = 0x%04x\r\n", __FUNCTION__, para->parse.respone_result);
..\..\User\jt808\src\jt808_parser.c(145): warning:  #550-D: variable "cnt" was set but never used
  		unsigned char cnt;
..\..\User\jt808\src\jt808_parser.c(146): warning:  #177-D: variable "u32converter" was declared but never referenced
  		union U32ToU8Array u32converter;
..\..\User\jt808\src\jt808_parser.c(147): warning:  #550-D: variable "id" was set but never used
  		unsigned int id;
..\..\User\jt808\src\jt808_parser.c(212): warning:  #870-D: invalid multibyte character sequence
      printf("[%s] ‰∏?Âè?Áª?Á´?Âç?Á∫?Âå? msg_id = 0x%04x\r\n", __FUNCTION__, kTerminalUpgrade);
..\..\User\jt808\src\jt808_parser.c: 7 warnings, 0 errors
compiling location_report.c...
compiling jt808_packager.c...
..\..\User\jt808\src\jt808_packager.c(105): warning:  #870-D: invalid multibyte character sequence
      printf("[%s] Áª?Á´?Âø?Ë∑? <Ê∂?ÊÅ?‰Ω?‰∏?Á©?>  msg_id = 0x%04x\n", __FUNCTION__, kTerminalHeartBeat);
..\..\User\jt808\src\jt808_packager.c(145): warning:  #167-D: argument of type "unsigned char *" is incompatible with parameter of type "const char *"
          unsigned int len_car_num = strlen(para->register_info.car_plate_num);
..\..\User\jt808\src\jt808_packager.c(156): warning:  #870-D: invalid multibyte character sequence
      printf("[%s] Áª?Á´?Ê≥?ÈîÄ <Ê∂?ÊÅ?‰Ω?‰∏?Á©?> msg_id = 0x%04x\n", __FUNCTION__, kTerminalLogOut);
..\..\User\jt808\src\jt808_packager.c(167): warning:  #167-D: argument of type "unsigned char *" is incompatible with parameter of type "const char *"
      int msg_len = strlen(para->parse.authentication_code);
..\..\User\jt808\src\jt808_packager.c(222): warning:  #167-D: argument of type "unsigned char *" is incompatible with parameter of type "const char *"
      jt808StringToBcdCompress(para->location_info.time, time_bcd, strlen(para->location_info.time));
..\..\User\jt808\src\jt808_packager.c(402): warning:  #167-D: argument of type "unsigned char *" is incompatible with parameter of type "const char *"
      jt808StringToBcdCompress(msg_head->phone_num, phone_num_bcd, strlen(msg_head->phone_num));
..\..\User\jt808\src\jt808_packager.c: 6 warnings, 0 errors
compiling util.c...
compiling sys.c...
compiling delay.c...
compiling terminal_register.c...
..\..\User\jt808\src\terminal_register.c(63): warning:  #167-D: argument of type "unsigned char *" is incompatible with parameter of type "const char *"
      memset(terminal_model_, 0, strlen(terminal_model_));
..\..\User\jt808\src\terminal_register.c(72): warning:  #120-D: return value type does not match the function type
      return terminal_model_;
..\..\User\jt808\src\terminal_register.c(115): warning:  #167-D: argument of type "unsigned char *" is incompatible with parameter of type "const char *"
      memset(car_plate_num_, 0, strlen(car_plate_num_));
..\..\User\jt808\src\terminal_register.c(124): warning:  #120-D: return value type does not match the function type
      return car_plate_num_;
..\..\User\jt808\src\terminal_register.c: 4 warnings, 0 errors
linking...
Program Size: Code=4536 RO-data=336 RW-data=36 ZI-data=26828  
FromELF: creating hex file...
"..\..\Output\Template.axf" - 0 Error(s), 33 Warning(s).

<h2>Collection of Component include folders:</h2>
  C:\Users\86156\Desktop\2022.12.2\Project\RVMDK£®uv5£©\RTE
  D:\MDK5\ARM\PACK\Keil\STM32F1xx_DFP\2.2.0\Device\Include

<h2>Collection of Component Files used:</h2>
Build Time Elapsed:  00:00:03
</pre>
</body>
</html>
