Component: ARM Compiler 5.06 update 3 (build 300) Tool: armlink [4d35c9]

==============================================================================

Section Cross References

    startup_stm32f10x_hd.o(RESET) refers to startup_stm32f10x_hd.o(STACK) for __initial_sp
    startup_stm32f10x_hd.o(RESET) refers to startup_stm32f10x_hd.o(.text) for Reset_Handler
    startup_stm32f10x_hd.o(RESET) refers to stm32f10x_it.o(i.NMI_Handler) for NMI_Handler
    startup_stm32f10x_hd.o(RESET) refers to stm32f10x_it.o(i.HardFault_Handler) for HardFault_Handler
    startup_stm32f10x_hd.o(RESET) refers to stm32f10x_it.o(i.MemManage_Handler) for MemManage_Handler
    startup_stm32f10x_hd.o(RESET) refers to stm32f10x_it.o(i.BusFault_Handler) for BusFault_Handler
    startup_stm32f10x_hd.o(RESET) refers to stm32f10x_it.o(i.UsageFault_Handler) for UsageFault_Handler
    startup_stm32f10x_hd.o(RESET) refers to stm32f10x_it.o(i.SVC_Handler) for SVC_Handler
    startup_stm32f10x_hd.o(RESET) refers to stm32f10x_it.o(i.DebugMon_Handler) for DebugMon_Handler
    startup_stm32f10x_hd.o(RESET) refers to stm32f10x_it.o(i.PendSV_Handler) for PendSV_Handler
    startup_stm32f10x_hd.o(RESET) refers to stm32f10x_it.o(i.DMA1_Channel3_IRQHandler) for DMA1_Channel3_IRQHandler
    startup_stm32f10x_hd.o(RESET) refers to usart2.o(i.TIM4_IRQHandler) for TIM4_IRQHandler
    startup_stm32f10x_hd.o(RESET) refers to usart2.o(i.USART2_IRQHandler) for USART2_IRQHandler
    startup_stm32f10x_hd.o(.text) refers to system_stm32f10x.o(i.SystemInit) for SystemInit
    startup_stm32f10x_hd.o(.text) refers to entry.o(.ARM.Collect$$$$00000000) for __main
    system_stm32f10x.o(i.SetSysClock) refers to system_stm32f10x.o(i.SetSysClockTo72) for SetSysClockTo72
    system_stm32f10x.o(i.SystemCoreClockUpdate) refers to system_stm32f10x.o(.data) for .data
    system_stm32f10x.o(i.SystemInit) refers to system_stm32f10x.o(i.SetSysClock) for SetSysClock
    stm32f10x_adc.o(i.ADC_DeInit) refers to stm32f10x_rcc.o(i.RCC_APB2PeriphResetCmd) for RCC_APB2PeriphResetCmd
    stm32f10x_bkp.o(i.BKP_DeInit) refers to stm32f10x_rcc.o(i.RCC_BackupResetCmd) for RCC_BackupResetCmd
    stm32f10x_can.o(i.CAN_DeInit) refers to stm32f10x_rcc.o(i.RCC_APB1PeriphResetCmd) for RCC_APB1PeriphResetCmd
    stm32f10x_can.o(i.CAN_GetITStatus) refers to stm32f10x_can.o(i.CheckITStatus) for CheckITStatus
    stm32f10x_cec.o(i.CEC_DeInit) refers to stm32f10x_rcc.o(i.RCC_APB1PeriphResetCmd) for RCC_APB1PeriphResetCmd
    stm32f10x_dac.o(i.DAC_DeInit) refers to stm32f10x_rcc.o(i.RCC_APB1PeriphResetCmd) for RCC_APB1PeriphResetCmd
    stm32f10x_flash.o(i.FLASH_EnableWriteProtection) refers to stm32f10x_flash.o(i.FLASH_WaitForLastOperation) for FLASH_WaitForLastOperation
    stm32f10x_flash.o(i.FLASH_EraseAllBank1Pages) refers to stm32f10x_flash.o(i.FLASH_WaitForLastBank1Operation) for FLASH_WaitForLastBank1Operation
    stm32f10x_flash.o(i.FLASH_EraseAllPages) refers to stm32f10x_flash.o(i.FLASH_WaitForLastOperation) for FLASH_WaitForLastOperation
    stm32f10x_flash.o(i.FLASH_EraseOptionBytes) refers to stm32f10x_flash.o(i.FLASH_GetReadOutProtectionStatus) for FLASH_GetReadOutProtectionStatus
    stm32f10x_flash.o(i.FLASH_EraseOptionBytes) refers to stm32f10x_flash.o(i.FLASH_WaitForLastOperation) for FLASH_WaitForLastOperation
    stm32f10x_flash.o(i.FLASH_ErasePage) refers to stm32f10x_flash.o(i.FLASH_WaitForLastOperation) for FLASH_WaitForLastOperation
    stm32f10x_flash.o(i.FLASH_ProgramHalfWord) refers to stm32f10x_flash.o(i.FLASH_WaitForLastOperation) for FLASH_WaitForLastOperation
    stm32f10x_flash.o(i.FLASH_ProgramOptionByteData) refers to stm32f10x_flash.o(i.FLASH_WaitForLastOperation) for FLASH_WaitForLastOperation
    stm32f10x_flash.o(i.FLASH_ProgramWord) refers to stm32f10x_flash.o(i.FLASH_WaitForLastOperation) for FLASH_WaitForLastOperation
    stm32f10x_flash.o(i.FLASH_ReadOutProtection) refers to stm32f10x_flash.o(i.FLASH_WaitForLastOperation) for FLASH_WaitForLastOperation
    stm32f10x_flash.o(i.FLASH_UserOptionByteConfig) refers to stm32f10x_flash.o(i.FLASH_WaitForLastOperation) for FLASH_WaitForLastOperation
    stm32f10x_flash.o(i.FLASH_WaitForLastBank1Operation) refers to stm32f10x_flash.o(i.FLASH_GetBank1Status) for FLASH_GetBank1Status
    stm32f10x_flash.o(i.FLASH_WaitForLastOperation) refers to stm32f10x_flash.o(i.FLASH_GetBank1Status) for FLASH_GetBank1Status
    stm32f10x_gpio.o(i.GPIO_AFIODeInit) refers to stm32f10x_rcc.o(i.RCC_APB2PeriphResetCmd) for RCC_APB2PeriphResetCmd
    stm32f10x_gpio.o(i.GPIO_DeInit) refers to stm32f10x_rcc.o(i.RCC_APB2PeriphResetCmd) for RCC_APB2PeriphResetCmd
    stm32f10x_i2c.o(i.I2C_DeInit) refers to stm32f10x_rcc.o(i.RCC_APB1PeriphResetCmd) for RCC_APB1PeriphResetCmd
    stm32f10x_i2c.o(i.I2C_Init) refers to stm32f10x_rcc.o(i.RCC_GetClocksFreq) for RCC_GetClocksFreq
    stm32f10x_pwr.o(i.PWR_DeInit) refers to stm32f10x_rcc.o(i.RCC_APB1PeriphResetCmd) for RCC_APB1PeriphResetCmd
[...]
    ../clib/microlib/printf/printf.c         0x00000000   Number         0  printf2.o ABSOLUTE
    ../clib/microlib/printf/printf.c         0x00000000   Number         0  printf3.o ABSOLUTE
    ../clib/microlib/printf/printf.c         0x00000000   Number         0  printf4.o ABSOLUTE
    ../clib/microlib/printf/printf.c         0x00000000   Number         0  printf6.o ABSOLUTE
    ../clib/microlib/printf/printf.c         0x00000000   Number         0  printf7.o ABSOLUTE
    ../clib/microlib/printf/stubs.s          0x00000000   Number         0  stubs.o ABSOLUTE
    ../clib/microlib/stdio/streams.c         0x00000000   Number         0  stdout.o ABSOLUTE
    ../clib/microlib/stdlib/rand.c           0x00000000   Number         0  rand.o ABSOLUTE
    ../clib/microlib/string/memchr.c         0x00000000   Number         0  memchr.o ABSOLUTE
    ../clib/microlib/string/memcmp.c         0x00000000   Number         0  memcmp.o ABSOLUTE
    ../clib/microlib/string/memcpy.c         0x00000000   Number         0  memcpya.o ABSOLUTE
    ../clib/microlib/string/memcpy.c         0x00000000   Number         0  memcpyb.o ABSOLUTE
    ../clib/microlib/string/memset.c         0x00000000   Number         0  memseta.o ABSOLUTE
    ../clib/microlib/string/strlen.c         0x00000000   Number         0  strlen.o ABSOLUTE
    ../clib/microlib/string/strstr.c         0x00000000   Number         0  strstr.o ABSOLUTE
    ../clib/microlib/stubs.s                 0x00000000   Number         0  iusefp.o ABSOLUTE
    ../clib/scanf.c                          0x00000000   Number         0  strtol.o ABSOLUTE
    ../clib/scanf.c                          0x00000000   Number         0  _chval.o ABSOLUTE
    ../clib/scanf.c                          0x00000000   Number         0  _sgetc.o ABSOLUTE
    ../clib/scanf.c                          0x00000000   Number         0  strtod.o ABSOLUTE
    ../clib/scanf.c                          0x00000000   Number         0  scanf_fp.o ABSOLUTE
    ../clib/scanf.c                          0x00000000   Number         0  _strtoul.o ABSOLUTE
    ../fplib/microlib/d2f.c                  0x00000000   Number         0  d2f.o ABSOLUTE
    ../fplib/microlib/fpadd.c                0x00000000   Number         0  dadd.o ABSOLUTE
    ../fplib/microlib/fpdiv.c                0x00000000   Number         0  ddiv.o ABSOLUTE
    ../fplib/microlib/fpepilogue.c           0x00000000   Number         0  fepilogue.o ABSOLUTE
    ../fplib/microlib/fpepilogue.c           0x00000000   Number         0  depilogue.o ABSOLUTE
    ../fplib/microlib/fpfix.c                0x00000000   Number         0  dfixi.o ABSOLUTE
    ../fplib/microlib/fpfix.c                0x00000000   Number         0  dfixui.o ABSOLUTE
    ../fplib/microlib/fpfix.c                0x00000000   Number         0  ffixui.o ABSOLUTE
    ../fplib/microlib/fpfix.c                0x00000000   Number         0  dfixul.o ABSOLUTE
    ../fplib/microlib/fpflt.c                0x00000000   Number         0  dfltul.o ABSOLUTE
    ../fplib/microlib/fpflt.c                0x00000000   Number         0  dfltui.o ABSOLUTE
    ../fplib/microlib/fpflt.c                0x00000000   Number         0  dflti.o ABSOLUTE
    ../fplib/microlib/fpmul.c                0x00000000   Number         0  fmul.o ABSOLUTE
    ../fplib/microlib/fpmul.c                0x00000000   Number         0  dmul.o ABSOLUTE
    ../fplib/microlib/fpscalb.c              0x00000000   Number         0  dscalb.o ABSOLUTE
    ../fplib/microlib/fpsqrt.c               0x00000000   Number         0  dsqrt.o ABSOLUTE
    ../mathlib/acos.c                        0x00000000   Number         0  acos.o ABSOLUTE
    ../mathlib/acos.c                        0x00000000   Number         0  acos_x.o ABSOLUTE
    ../mathlib/asin.c                        0x00000000   Number         0  asin_x.o ABSOLUTE
    ../mathlib/asin.c                        0x00000000   Number         0  asin.o ABSOLUTE
    ../mathlib/atan.c                        0x00000000   Number         0  atan.o ABSOLUTE
    ../mathlib/atan.c                        0x00000000   Number         0  atan_x.o ABSOLUTE
    ../mathlib/atan2.c                       0x00000000   Number         0  atan2.o ABSOLUTE
    ../mathlib/atan2.c                       0x00000000   Number         0  atan2_x.o ABSOLUTE
    ../mathlib/ceil.c                        0x00000000   Number         0  ceil.o ABSOLUTE
    ../mathlib/cos.c                         0x00000000   Number         0  cos.o ABSOLUTE
    ../mathlib/cos.c                         0x00000000   Number         0  cos_x.o ABSOLUTE
    ../mathlib/cos_i.c                       0x00000000   Number         0  cos_i.o ABSOLUTE
    ../mathlib/dunder.c                      0x00000000   Number         0  dunder.o ABSOLUTE
    ../mathlib/fpclassify.c                  0x00000000   Number         0  fpclassify.o ABSOLUTE
    ../mathlib/modf.c                        0x00000000   Number         0  modf.o ABSOLUTE
    ../mathlib/poly.c                        0x00000000   Number         0  poly.o ABSOLUTE
    ../mathlib/pow.c                         0x00000000   Number         0  pow.o ABSOLUTE
    ../mathlib/pow.c                         0x00000000   Number         0  pow_x.o ABSOLUTE
    ../mathlib/qnan.c                        0x00000000   Number         0  qnan.o ABSOLUTE
    ../mathlib/rred.c                        0x00000000   Number         0  rred.o ABSOLUTE
    ../mathlib/sin.c                         0x00000000   Number         0  sin_x.o ABSOLUTE
    ../mathlib/sin.c                         0x00000000   Number         0  sin.o ABSOLUTE
    ../mathlib/sin_i.c                       0x00000000   Number         0  sin_i_x.o ABSOLUTE
    ../mathlib/sin_i.c                       0x00000000   Number         0  sin_i.o ABSOLUTE
    ../mathlib/sqrt.c                        0x00000000   Number         0  sqrt_x.o ABSOLUTE
    ../mathlib/sqrt.c                        0x00000000   Number         0  sqrt.o ABSOLUTE
    ../mathlib/strtod.c                      0x00000000   Number         0  strtod.o ABSOLUTE
    ../mathlib/tan.c                         0x00000000   Number         0  tan_x.o ABSOLUTE
    ../mathlib/tan.c                         0x00000000   Number         0  tan.o ABSOLUTE
    ../mathlib/tan_i.c                       0x00000000   Number         0  tan_i.o ABSOLUTE
    ../mathlib/tan_i.c                       0x00000000   Number         0  tan_i_x.o ABSOLUTE
    ..\..\Libraries\CMSIS\core_cm3.c         0x00000000   Number         0  core_cm3.o ABSOLUTE
    ..\..\Libraries\CMSIS\startup\startup_stm32f10x_hd.s 0x00000000   Number         0  startup_stm32f10x_hd.o ABSOLUTE
    ..\..\Libraries\CMSIS\system_stm32f10x.c 0x00000000   Number         0  system_stm32f10x.o ABSOLUTE
    ..\..\Libraries\FWlib\src\misc.c         0x00000000   Number         0  misc.o ABSOLUTE
    ..\..\Libraries\FWlib\src\stm32f10x_adc.c 0x00000000   Number         0  stm32f10x_adc.o ABSOLUTE
    ..\..\Libraries\FWlib\src\stm32f10x_bkp.c 0x00000000   Number         0  stm32f10x_bkp.o ABSOLUTE
    ..\..\Libraries\FWlib\src\stm32f10x_can.c 0x00000000   Number         0  stm32f10x_can.o ABSOLUTE
    ..\..\Libraries\FWlib\src\stm32f10x_cec.c 0x00000000   Number         0  stm32f10x_cec.o ABSOLUTE
    ..\..\Libraries\FWlib\src\stm32f10x_crc.c 0x00000000   Number         0  stm32f10x_crc.o ABSOLUTE
    ..\..\Libraries\FWlib\src\stm32f10x_dac.c 0x00000000   Number         0  stm32f10x_dac.o ABSOLUTE
    ..\..\Libraries\FWlib\src\stm32f10x_dbgmcu.c 0x00000000   Number         0  stm32f10x_dbgmcu.o ABSOLUTE
    ..\..\Libraries\FWlib\src\stm32f10x_dma.c 0x00000000   Number         0  stm32f10x_dma.o ABSOLUTE
    ..\..\Libraries\FWlib\src\stm32f10x_exti.c 0x00000000   Number         0  stm32f10x_exti.o ABSOLUTE
    ..\..\Libraries\FWlib\src\stm32f10x_flash.c 0x00000000   Number         0  stm32f10x_flash.o ABSOLUTE
    ..\..\Libraries\FWlib\src\stm32f10x_fsmc.c 0x00000000   Number         0  stm32f10x_fsmc.o ABSOLUTE
    ..\..\Libraries\FWlib\src\stm32f10x_gpio.c 0x00000000   Number         0  stm32f10x_gpio.o ABSOLUTE
    ..\..\Libraries\FWlib\src\stm32f10x_i2c.c 0x00000000   Number         0  stm32f10x_i2c.o ABSOLUTE
    ..\..\Libraries\FWlib\src\stm32f10x_iwdg.c 0x00000000   Number         0  stm32f10x_iwdg.o ABSOLUTE
    ..\..\Libraries\FWlib\src\stm32f10x_pwr.c 0x00000000   Number         0  stm32f10x_pwr.o ABSOLUTE
    ..\..\Libraries\FWlib\src\stm32f10x_rcc.c 0x00000000   Number         0  stm32f10x_rcc.o ABSOLUTE
    ..\..\Libraries\FWlib\src\stm32f10x_rtc.c 0x00000000   Number         0  stm32f10x_rtc.o ABSOLUTE
    ..\..\Libraries\FWlib\src\stm32f10x_sdio.c 0x00000000   Number         0  stm32f10x_sdio.o ABSOLUTE
    ..\..\Libraries\FWlib\src\stm32f10x_spi.c 0x00000000   Number         0  stm32f10x_spi.o ABSOLUTE
    ..\..\Libraries\FWlib\src\stm32f10x_tim.c 0x00000000   Number         0  stm32f10x_tim.o ABSOLUTE
    ..\..\Libraries\FWlib\src\stm32f10x_usart.c 0x00000000   Number         0  stm32f10x_usart.o ABSOLUTE
    ..\..\Libraries\FWlib\src\stm32f10x_wwdg.c 0x00000000   Number         0  stm32f10x_wwdg.o ABSOLUTE
    ..\..\User\Bsp\EC20\ec20.c               0x00000000   Number         0  ec20.o ABSOLUTE
    ..\..\User\Bsp\USART2\usart2.c           0x00000000   Number         0  usart2.o ABSOLUTE
    ..\..\User\Bsp\gps\gps_config.c          0x00000000   Number         0  gps_config.o ABSOLUTE
    ..\..\User\Bsp\key\bsp_key.c             0x00000000   Number         0  bsp_key.o ABSOLUTE
    ..\..\User\Bsp\led\bsp_led.c             0x00000000   Number         0  bsp_led.o ABSOLUTE
    ..\..\User\Bsp\usart\bsp_usart.c         0x00000000   Number         0  bsp_usart.o ABSOLUTE
    ..\..\User\main.c                        0x00000000   Number         0  main.o ABSOLUTE
    ..\..\User\nema_decode_test.c            0x00000000   Number         0  nema_decode_test.o ABSOLUTE
    ..\..\User\nmea_decode\src\context.c     0x00000000   Number         0  context.o ABSOLUTE
    ..\..\User\nmea_decode\src\generate.c    0x00000000   Number         0  generate.o ABSOLUTE
    ..\..\User\nmea_decode\src\generator.c   0x00000000   Number         0  generator.o ABSOLUTE
    ..\..\User\nmea_decode\src\gmath.c       0x00000000   Number         0  gmath.o ABSOLUTE
    ..\..\User\nmea_decode\src\info.c        0x00000000   Number         0  info.o ABSOLUTE
    ..\..\User\nmea_decode\src\parse.c       0x00000000   Number         0  parse.o ABSOLUTE
    ..\..\User\nmea_decode\src\parser.c      0x00000000   Number         0  parser.o ABSOLUTE
    ..\..\User\nmea_decode\src\sentence.c    0x00000000   Number         0  sentence.o ABSOLUTE
    ..\..\User\nmea_decode\src\time.c        0x00000000   Number         0  time.o ABSOLUTE
    ..\..\User\nmea_decode\src\tok.c         0x00000000   Number         0  tok.o ABSOLUTE
    ..\..\User\stm32f10x_it.c                0x00000000   Number         0  stm32f10x_it.o ABSOLUTE
    ..\..\jt808\src\bcd.c                    0x00000000   Number         0  bcd.o ABSOLUTE
    ..\..\jt808\src\client_manager.c         0x00000000   Number         0  client_manager.o ABSOLUTE
    ..\..\jt808\src\gbk_utf8.c               0x00000000   Number         0  gbk_utf8.o ABSOLUTE
    ..\..\jt808\src\jt808_packager.c         0x00000000   Number         0  jt808_packager.o ABSOLUTE
    ..\..\jt808\src\jt808_parser.c           0x00000000   Number         0  jt808_parser.o ABSOLUTE
    ..\..\jt808\src\location_report.c        0x00000000   Number         0  location_report.o ABSOLUTE
    ..\..\jt808\src\terminal_register.c      0x00000000   Number         0  terminal_register.o ABSOLUTE
    ..\..\jt808\src\util.c                   0x00000000   Number         0  util.o ABSOLUTE
    ..\\..\\Libraries\\CMSIS\\core_cm3.c     0x00000000   Number         0  core_cm3.o ABSOLUTE
    cdcmple.s                                0x00000000   Number         0  cdcmple.o ABSOLUTE
    cdrcmple.s                               0x00000000   Number         0  cdrcmple.o ABSOLUTE
    dc.s                                     0x00000000   Number         0  dc.o ABSOLUTE
    handlers.s                               0x00000000   Number         0  handlers.o ABSOLUTE
    init.s                                   0x00000000   Number         0  init.o ABSOLUTE
    RESET                                    0x08000000   Section      304  startup_stm32f10x_hd.o(RESET)
    .ARM.Collect$$$$00000000                 0x08000130   Section        0  entry.o(.ARM.Collect$$$$00000000)
    .ARM.Collect$$$$00000001                 0x08000130   Section        4  entry2.o(.ARM.Collect$$$$00000001)
    .ARM.Collect$$$$00000004                 0x08000134   Section        4  entry5.o(.ARM.Collect$$$$00000004)
    .ARM.Collect$$$$00000008                 0x08000138   Section        0  entry7b.o(.ARM.Collect$$$$00000008)
    .ARM.Collect$$$$0000000A                 0x08000138   Section        0  entry8b.o(.ARM.Collect$$$$0000000A)
    .ARM.Collect$$$$0000000B                 0x08000138   Section        8  entry9a.o(.ARM.Collect$$$$0000000B)
    .ARM.Collect$$$$0000000D                 0x08000140   Section        0  entry10a.o(.ARM.Collect$$$$0000000D)
    .ARM.Collect$$$$0000000F                 0x08000140   Section        0  entry11a.o(.ARM.Collect$$$$0000000F)
    .ARM.Collect$$$$00002712                 0x08000140   Section        4  entry2.o(.ARM.Collect$$$$00002712)
    __lit__00000000                          0x08000140   Data           4  entry2.o(.ARM.Collect$$$$00002712)
    .text                                    0x08000144   Section       36  startup_stm32f10x_hd.o(.text)
    .text                                    0x08000168   Section        0  memcpya.o(.text)
    .text                                    0x0800018c   Section        0  memseta.o(.text)
    .text                                    0x080001b0   Section        0  strstr.o(.text)
    .text                                    0x080001d4   Section        0  strlen.o(.text)
    .text                                    0x080001e2   Section        0  fmul.o(.text)
    .text                                    0x08000246   Section        0  dadd.o(.text)
    .text                                    0x08000394   Section        0  dmul.o(.text)
    .text                                    0x08000478   Section        0  ddiv.o(.text)
    .text                                    0x08000556   Section        0  ffixui.o(.text)
    .text                                    0x0800057e   Section        0  dfixui.o(.text)
    .text                                    0x080005b0   Section       48  cdrcmple.o(.text)
    .text                                    0x080005e0   Section        0  uidiv.o(.text)
    .text                                    0x0800060c   Section        0  uldiv.o(.text)
    .text                                    0x0800066e   Section        0  llshl.o(.text)
    .text                                    0x0800068c   Section        0  llushr.o(.text)
    .text                                    0x080006ac   Section        0  llsshr.o(.text)
    .text                                    0x080006d0   Section        0  depilogue.o(.text)
    .text                                    0x080006d0   Section        0  iusefp.o(.text)
    .text                                    0x0800078a   Section        0  dfixul.o(.text)
    .text                                    0x080007bc   Section       36  init.o(.text)
    i.BccCheckSum                            0x080007e0   Section        0  util.o(i.BccCheckSum)
    i.BcdToHex                               0x080007f6   Section        0  bcd.o(i.BcdToHex)
    i.BusFault_Handler                       0x08000808   Section        0  stm32f10x_it.o(i.BusFault_Handler)
    i.DMA1_Channel3_IRQHandler               0x0800080a   Section        0  stm32f10x_it.o(i.DMA1_Channel3_IRQHandler)
    i.DMA_ClearFlag                          0x08000810   Section        0  stm32f10x_dma.o(i.DMA_ClearFlag)
    i.DMA_Cmd                                0x08000828   Section        0  stm32f10x_dma.o(i.DMA_Cmd)
    i.DMA_DeInit                             0x08000844   Section        0  stm32f10x_dma.o(i.DMA_DeInit)
    i.DMA_GetITStatus                        0x0800093c   Section        0  stm32f10x_dma.o(i.DMA_GetITStatus)
    i.DMA_ITConfig                           0x08000960   Section        0  stm32f10x_dma.o(i.DMA_ITConfig)
    i.DMA_Init                               0x08000974   Section        0  stm32f10x_dma.o(i.DMA_Init)
    i.DMA_SetCurrDataCounter                 0x080009ae   Section        0  stm32f10x_dma.o(i.DMA_SetCurrDataCounter)
    i.DebugMon_Handler                       0x080009b2   Section        0  stm32f10x_it.o(i.DebugMon_Handler)
    i.Delay                                  0x080009b4   Section        0  main.o(i.Delay)
    i.EndianSwap16                           0x080009c6   Section        0  util.o(i.EndianSwap16)
    i.EndianSwap32                           0x080009d0   Section        0  util.o(i.EndianSwap32)
    i.Escape_C                               0x080009e8   Section        0  util.o(i.Escape_C)
    i.GPIO_Init                              0x08000a54   Section        0  stm32f10x_gpio.o(i.GPIO_Init)
    i.GPIO_SetBits                           0x08000afa   Section        0  stm32f10x_gpio.o(i.GPIO_SetBits)
    i.GPS_Config                             0x08000afe   Section        0  gps_config.o(i.GPS_Config)
    i.GPS_DMA_Config                         0x08000b0c   Section        0  gps_config.o(i.GPS_DMA_Config)
    GPS_DMA_Config                           0x08000b0d   Thumb Code    98  gps_config.o(i.GPS_DMA_Config)
    i.GPS_Interrupt_Config                   0x08000b7c   Section        0  gps_config.o(i.GPS_Interrupt_Config)
    GPS_Interrupt_Config                     0x08000b7d   Thumb Code    40  gps_config.o(i.GPS_Interrupt_Config)
    i.GPS_ProcessDMAIRQ                      0x08000ba4   Section        0  gps_config.o(i.GPS_ProcessDMAIRQ)
    i.GPS_USART_Config                       0x08000be4   Section        0  gps_config.o(i.GPS_USART_Config)
    GPS_USART_Config                         0x08000be5   Thumb Code   122  gps_config.o(i.GPS_USART_Config)
    i.HardFault_Handler                      0x08000c68   Section        0  stm32f10x_it.o(i.HardFault_Handler)
    i.HexToBcd                               0x08000c6a   Section        0  bcd.o(i.HexToBcd)
    i.LED_GPIO_Config                        0x08000c80   Section        0  bsp_led.o(i.LED_GPIO_Config)
    i.MemManage_Handler                      0x08000cd4   Section        0  stm32f10x_it.o(i.MemManage_Handler)
    i.NMI_Handler                            0x08000cd6   Section        0  stm32f10x_it.o(i.NMI_Handler)
    i.NVIC_Init                              0x08000cd8   Section        0  misc.o(i.NVIC_Init)
    i.NVIC_PriorityGroupConfig               0x08000d3c   Section        0  misc.o(i.NVIC_PriorityGroupConfig)
    i.PendSV_Handler                         0x08000d50   Section        0  stm32f10x_it.o(i.PendSV_Handler)
    i.RCC_AHBPeriphClockCmd                  0x08000d54   Section        0  stm32f10x_rcc.o(i.RCC_AHBPeriphClockCmd)
    i.RCC_APB1PeriphClockCmd                 0x08000d70   Section        0  stm32f10x_rcc.o(i.RCC_APB1PeriphClockCmd)
    i.RCC_APB1PeriphResetCmd                 0x08000d8c   Section        0  stm32f10x_rcc.o(i.RCC_APB1PeriphResetCmd)
    i.RCC_APB2PeriphClockCmd                 0x08000da8   Section        0  stm32f10x_rcc.o(i.RCC_APB2PeriphClockCmd)
    i.RCC_APB2PeriphResetCmd                 0x08000dc4   Section        0  stm32f10x_rcc.o(i.RCC_APB2PeriphResetCmd)
    i.RCC_GetClocksFreq                      0x08000de0   Section        0  stm32f10x_rcc.o(i.RCC_GetClocksFreq)
    i.ReverseEscape_C                        0x08000e8c   Section        0  util.o(i.ReverseEscape_C)
    i.SVC_Handler                            0x08000f1c   Section        0  stm32f10x_it.o(i.SVC_Handler)
    i.SetSysClock                            0x08000f1e   Section        0  system_stm32f10x.o(i.SetSysClock)
    SetSysClock                              0x08000f1f   Thumb Code     4  system_stm32f10x.o(i.SetSysClock)
    i.SetSysClockTo72                        0x08000f24   Section        0  system_stm32f10x.o(i.SetSysClockTo72)
    SetSysClockTo72                          0x08000f25   Thumb Code   166  system_stm32f10x.o(i.SetSysClockTo72)
    i.SystemInit                             0x08000fd4   Section        0  system_stm32f10x.o(i.SystemInit)
    i.TIM4_IRQHandler                        0x08001024   Section        0  usart2.o(i.TIM4_IRQHandler)
    i.TIM4_Init                              0x08001090   Section        0  usart2.o(i.TIM4_Init)
    i.TIM4_Set                               0x080010e8   Section        0  usart2.o(i.TIM4_Set)
    i.TIM4_SetARR                            0x08001118   Section        0  usart2.o(i.TIM4_SetARR)
    i.TIM_ClearITPendingBit                  0x0800113c   Section        0  stm32f10x_tim.o(i.TIM_ClearITPendingBit)
    i.TIM_Cmd                                0x08001142   Section        0  stm32f10x_tim.o(i.TIM_Cmd)
    i.TIM_GetITStatus                        0x0800115a   Section        0  stm32f10x_tim.o(i.TIM_GetITStatus)
    i.TIM_ITConfig                           0x08001172   Section        0  stm32f10x_tim.o(i.TIM_ITConfig)
    i.TIM_SetCounter                         0x08001186   Section        0  stm32f10x_tim.o(i.TIM_SetCounter)
    i.TIM_TimeBaseInit                       0x0800118c   Section        0  stm32f10x_tim.o(i.TIM_TimeBaseInit)
    i.UART_DMA_Config                        0x08001228   Section        0  usart2.o(i.UART_DMA_Config)
    i.UART_DMA_Enable                        0x0800126a   Section        0  usart2.o(i.UART_DMA_Enable)
    i.USART2_IRQHandler                      0x0800128c   Section        0  usart2.o(i.USART2_IRQHandler)
    i.USART2_Init                            0x080012e8   Section        0  usart2.o(i.USART2_Init)
    i.USART_Cmd                              0x080013cc   Section        0  stm32f10x_usart.o(i.USART_Cmd)
    i.USART_Config                           0x080013e4   Section        0  bsp_usart.o(i.USART_Config)
    i.USART_DMACmd                           0x08001468   Section        0  stm32f10x_usart.o(i.USART_DMACmd)
    i.USART_DeInit                           0x0800147c   Section        0  stm32f10x_usart.o(i.USART_DeInit)
    i.USART_GetFlagStatus                    0x08001520   Section        0  stm32f10x_usart.o(i.USART_GetFlagStatus)
    i.USART_GetITStatus                      0x0800152e   Section        0  stm32f10x_usart.o(i.USART_GetITStatus)
    i.USART_ITConfig                         0x0800156e   Section        0  stm32f10x_usart.o(i.USART_ITConfig)
    i.USART_Init                             0x080015a4   Section        0  stm32f10x_usart.o(i.USART_Init)
    i.USART_ReceiveData                      0x08001660   Section        0  stm32f10x_usart.o(i.USART_ReceiveData)
    i.USART_SendData                         0x08001668   Section        0  stm32f10x_usart.o(i.USART_SendData)
    i.UsageFault_Handler                     0x08001670   Section        0  stm32f10x_it.o(i.UsageFault_Handler)
    i.Usart_SendByte                         0x08001672   Section        0  main.o(i.Usart_SendByte)
    Usart_SendByte                           0x08001673   Thumb Code    24  main.o(i.Usart_SendByte)
    i.Usart_SendString                       0x0800168a   Section        0  main.o(i.Usart_SendString)
    i.__0printf                              0x080016a4   Section        0  printfa.o(i.__0printf)
    i.__0sprintf                             0x080016c4   Section        0  printfa.o(i.__0sprintf)
    i.__0vsprintf                            0x080016ec   Section        0  printfa.o(i.__0vsprintf)
    i.__scatterload_copy                     0x08001710   Section       14  handlers.o(i.__scatterload_copy)
    i.__scatterload_null                     0x0800171e   Section        2  handlers.o(i.__scatterload_null)
    i.__scatterload_zeroinit                 0x08001720   Section       14  handlers.o(i.__scatterload_zeroinit)
    i._fp_digits                             0x08001730   Section        0  printfa.o(i._fp_digits)
    _fp_digits                               0x08001731   Thumb Code   366  printfa.o(i._fp_digits)
    i._printf_core                           0x080018b4   Section        0  printfa.o(i._printf_core)
    _printf_core                             0x080018b5   Thumb Code  1744  printfa.o(i._printf_core)
    i._printf_post_padding                   0x08001f90   Section        0  printfa.o(i._printf_post_padding)
    _printf_post_padding                     0x08001f91   Thumb Code    36  printfa.o(i._printf_post_padding)
    i._printf_pre_padding                    0x08001fb4   Section        0  printfa.o(i._printf_pre_padding)
    _printf_pre_padding                      0x08001fb5   Thumb Code    46  printfa.o(i._printf_pre_padding)
    i._sputc                                 0x08001fe2   Section        0  printfa.o(i._sputc)
    _sputc                                   0x08001fe3   Thumb Code    10  printfa.o(i._sputc)
    i.bufferSendChangeByte                   0x08001fec   Section        0  jt808_packager.o(i.bufferSendChangeByte)
    i.bufferSendPushByte                     0x0800201c   Section        0  jt808_packager.o(i.bufferSendPushByte)
    i.bufferSendPushBytes                    0x08002034   Section        0  jt808_packager.o(i.bufferSendPushBytes)
    i.clearBufferSend                        0x08002058   Section        0  jt808_packager.o(i.clearBufferSend)
    i.copyU16ToU8ArrayToBufferSend           0x08002074   Section        0  jt808_packager.o(i.copyU16ToU8ArrayToBufferSend)
    i.copyU32ToU8ArrayToBufferSend           0x0800207a   Section        0  jt808_packager.o(i.copyU32ToU8ArrayToBufferSend)
    i.ec20_check_cmd                         0x08002080   Section        0  ec20.o(i.ec20_check_cmd)
    i.ec20_init                              0x080020a4   Section        0  main.o(i.ec20_init)
    i.ec20_send_cmd                          0x0800227c   Section        0  ec20.o(i.ec20_send_cmd)
    i.findMsgIDFromTerminalPackagerCMD       0x0800234c   Section        0  client_manager.o(i.findMsgIDFromTerminalPackagerCMD)
    i.fputc                                  0x0800236c   Section        0  bsp_usart.o(i.fputc)
    i.free                                   0x08002390   Section        0  malloc.o(i.free)
    i.getRegisterCityId                      0x080023e0   Section        0  terminal_register.o(i.getRegisterCityId)
    i.getRegisterProvinceId                  0x080023ec   Section        0  terminal_register.o(i.getRegisterProvinceId)
    i.getRegister_car_plate_color            0x080023f8   Section        0  terminal_register.o(i.getRegister_car_plate_color)
    i.getRegister_car_plate_num              0x08002404   Section        0  terminal_register.o(i.getRegister_car_plate_num)
    i.getRegister_manufacturer_id            0x0800240c   Section        0  terminal_register.o(i.getRegister_manufacturer_id)
    i.getRegister_terminal_id                0x08002414   Section        0  terminal_register.o(i.getRegister_terminal_id)
    i.getRegister_terminal_model             0x0800241c   Section        0  terminal_register.o(i.getRegister_terminal_model)
    i.handle_kFillPacketRequest              0x08002424   Section        0  jt808_parser.o(i.handle_kFillPacketRequest)
    i.handle_kGetLocationInformation         0x08002454   Section        0  jt808_parser.o(i.handle_kGetLocationInformation)
    i.handle_kGetLocationInformationResponse 0x08002498   Section        0  jt808_packager.o(i.handle_kGetLocationInformationResponse)
    i.handle_kGetSpecificTerminalParameters  0x080024c8   Section        0  jt808_parser.o(i.handle_kGetSpecificTerminalParameters)
    i.handle_kGetTerminalParameters          0x08002510   Section        0  jt808_parser.o(i.handle_kGetTerminalParameters)
    i.handle_kGetTerminalParametersResponse  0x08002554   Section        0  jt808_packager.o(i.handle_kGetTerminalParametersResponse)
    i.handle_kLocationReport                 0x08002584   Section        0  jt808_packager.o(i.handle_kLocationReport)
    i.handle_kPlatformGeneralResponse        0x080026a0   Section        0  jt808_parser.o(i.handle_kPlatformGeneralResponse)
    i.handle_kSetTerminalParameters          0x0800276c   Section        0  jt808_parser.o(i.handle_kSetTerminalParameters)
    i.handle_kTerminalAuthentication         0x080027c8   Section        0  jt808_packager.o(i.handle_kTerminalAuthentication)
    i.handle_kTerminalControl                0x0800280c   Section        0  jt808_parser.o(i.handle_kTerminalControl)
    i.handle_kTerminalHeartBeat              0x08002848   Section        0  jt808_packager.o(i.handle_kTerminalHeartBeat)
    i.handle_kTerminalLogOut                 0x08002894   Section        0  jt808_packager.o(i.handle_kTerminalLogOut)
    i.handle_kTerminalRegister               0x080028e0   Section        0  jt808_packager.o(i.handle_kTerminalRegister)
    i.handle_kTerminalRegisterResponse       0x08002980   Section        0  jt808_parser.o(i.handle_kTerminalRegisterResponse)
    i.handle_kTerminalUpgrade                0x08002ab4   Section        0  jt808_parser.o(i.handle_kTerminalUpgrade)
    i.handle_kTerminalUpgradeResultReport    0x08002af8   Section        0  jt808_packager.o(i.handle_kTerminalUpgradeResultReport)
    i.initRegisterInfo                       0x08002b28   Section        0  terminal_register.o(i.initRegisterInfo)
    i.jt808BcdToStringCompress               0x08002e54   Section        0  bcd.o(i.jt808BcdToStringCompress)
    i.jt808FrameBodyPackage                  0x08002e98   Section        0  jt808_packager.o(i.jt808FrameBodyPackage)
    i.jt808FrameBodyParse                    0x08002f70   Section        0  jt808_parser.o(i.jt808FrameBodyParse)
    i.jt808FrameHeadPackage                  0x08003048   Section        0  jt808_packager.o(i.jt808FrameHeadPackage)
    i.jt808FrameHeadParse                    0x080030c4   Section        0  jt808_parser.o(i.jt808FrameHeadParse)
    i.jt808FramePackage                      0x0800325c   Section        0  jt808_packager.o(i.jt808FramePackage)
    i.jt808FrameParse                        0x08003314   Section        0  jt808_parser.o(i.jt808FrameParse)
    i.jt808MsgBodyLengthFix                  0x080034b0   Section        0  jt808_packager.o(i.jt808MsgBodyLengthFix)
    i.jt808MsgEscape                         0x080034f0   Section        0  jt808_packager.o(i.jt808MsgEscape)
    i.jt808SetFrameFlagHeader                0x08003550   Section        0  jt808_packager.o(i.jt808SetFrameFlagHeader)
    i.jt808StringToBcdCompress               0x08003558   Section        0  bcd.o(i.jt808StringToBcdCompress)
    i.main                                   0x0800359c   Section        0  main.o(i.main)
    i.malloc                                 0x080037ec   Section        0  malloc.o(i.malloc)
    i.packagingMessage                       0x08003858   Section        0  client_manager.o(i.packagingMessage)
    i.parsingMessage                         0x08003904   Section        0  client_manager.o(i.parsingMessage)
    i.setTerminalPhoneNumber                 0x08003c38   Section        0  client_manager.o(i.setTerminalPhoneNumber)
    i.u2_printf                              0x08003c44   Section        0  usart2.o(i.u2_printf)
    i.updateLocation                         0x08003c80   Section        0  jt808_packager.o(i.updateLocation)
    .constdata                               0x08003e08   Section       15  client_manager.o(.constdata)
    __FUNCTION__                             0x08003e08   Data          15  client_manager.o(.constdata)
    .constdata                               0x08003e17   Section      273  jt808_packager.o(.constdata)
    __FUNCTION__                             0x08003e17   Data          32  jt808_packager.o(.constdata)
    __FUNCTION__                             0x08003e37   Data          26  jt808_packager.o(.constdata)
    __FUNCTION__                             0x08003e51   Data          25  jt808_packager.o(.constdata)
    __FUNCTION__                             0x08003e6a   Data          23  jt808_packager.o(.constdata)
    __FUNCTION__                             0x08003e81   Data          31  jt808_packager.o(.constdata)
    __FUNCTION__                             0x08003ea0   Data          38  jt808_packager.o(.constdata)
    __FUNCTION__                             0x08003ec6   Data          36  jt808_packager.o(.constdata)
    __FUNCTION__                             0x08003eea   Data          23  jt808_packager.o(.constdata)
    __FUNCTION__                             0x08003f01   Data          39  jt808_packager.o(.constdata)
    .constdata                               0x08003f28   Section      284  jt808_parser.o(.constdata)
    __FUNCTION__                             0x08003f28   Data          32  jt808_parser.o(.constdata)
    __FUNCTION__                             0x08003f48   Data          26  jt808_parser.o(.constdata)
    __FUNCTION__                             0x08003f62   Data          33  jt808_parser.o(.constdata)
    __FUNCTION__                             0x08003f83   Data          30  jt808_parser.o(.constdata)
    __FUNCTION__                             0x08003fa1   Data          30  jt808_parser.o(.constdata)
    __FUNCTION__                             0x08003fbf   Data          38  jt808_parser.o(.constdata)
    __FUNCTION__                             0x08003fe5   Data          24  jt808_parser.o(.constdata)
    __FUNCTION__                             0x08003ffd   Data          24  jt808_parser.o(.constdata)
    __FUNCTION__                             0x08004015   Data          31  jt808_parser.o(.constdata)
    __FUNCTION__                             0x08004034   Data          16  jt808_parser.o(.constdata)
    .conststring                             0x08004044   Section       78  client_manager.o(.conststring)
    .data                                    0x20000000   Section       20  stm32f10x_rcc.o(.data)
    ADCPrescTable                            0x20000000   Data           4  stm32f10x_rcc.o(.data)
    APBAHBPrescTable                         0x20000004   Data          16  stm32f10x_rcc.o(.data)
    .data                                    0x20000014   Section        2  gps_config.o(.data)
    .data                                    0x20000016   Section        4  usart2.o(.data)
    i                                        0x20000016   Data           1  usart2.o(.data)
    .data                                    0x2000001a   Section        1  ec20.o(.data)
    .data                                    0x2000001c   Section       18  jt808_packager.o(.data)
    .data                                    0x20000030   Section        4  jt808_packager.o(.data)
    .data                                    0x20000034   Section        8  jt808_parser.o(.data)
    isPhoneMalloc                            0x20000038   Data           4  jt808_parser.o(.data)
    .data                                    0x2000003c   Section       86  terminal_register.o(.data)
    .data                                    0x20000094   Section        4  stdout.o(.data)
    .data                                    0x20000098   Section        4  mvars.o(.data)
    .data                                    0x2000009c   Section        4  mvars.o(.data)
    .bss                                     0x200000a0   Section     2048  gps_config.o(.bss)
    .bss                                     0x200008a0   Section     2048  usart2.o(.bss)
    .bss                                     0x200010a0   Section      288  client_manager.o(.bss)
    .bss                                     0x200011c0   Section     4096  jt808_packager.o(.bss)
    .bss                                     0x200021c0   Section     4096  jt808_parser.o(.bss)
    HEAP                                     0x200031c0   Section     4096  startup_stm32f10x_hd.o(HEAP)
    STACK                                    0x200041c0   Section    16384  startup_stm32f10x_hd.o(STACK)

    Global Symbols

    Symbol Name                              Value     Ov Type        Size  Object(Section)

    BuildAttributes$$THM_ISAv4$P$D$K$B$S$PE$A:L22UL41UL21$X:L11$S22US41US21$IEEE1$IW$USESV6$~STKCKD$USESV7$~SHL$OTIME$ROPI$IEEEX$EBA8$MICROLIB$REQ8$PRES8$EABIv2 0x00000000   Number         0  anon$$obj.o ABSOLUTE
    __ARM_use_no_argv                        0x00000000   Number         0  main.o ABSOLUTE
    _printf_a                                0x00000000   Number         0  stubs.o ABSOLUTE
    _printf_c                                0x00000000   Number         0  stubs.o ABSOLUTE
    _printf_charcount                        0x00000000   Number         0  stubs.o ABSOLUTE
    _printf_d                                0x00000000   Number         0  stubs.o ABSOLUTE
    _printf_e                                0x00000000   Number         0  stubs.o ABSOLUTE
    _printf_f                                0x00000000   Number         0  stubs.o ABSOLUTE
    _printf_flags                            0x00000000   Number         0  stubs.o ABSOLUTE
    _printf_fp_dec                           0x00000000   Number         0  stubs.o ABSOLUTE
    _printf_fp_hex                           0x00000000   Number         0  stubs.o ABSOLUTE
    _printf_g                                0x00000000   Number         0  stubs.o ABSOLUTE
    _printf_i                                0x00000000   Number         0  stubs.o ABSOLUTE
    _printf_int_dec                          0x00000000   Number         0  stubs.o ABSOLUTE
    _printf_l                                0x00000000   Number         0  stubs.o ABSOLUTE
    _printf_lc                               0x00000000   Number         0  stubs.o ABSOLUTE
    _printf_ll                               0x00000000   Number         0  stubs.o ABSOLUTE
    _printf_lld                              0x00000000   Number         0  stubs.o ABSOLUTE
    _printf_lli                              0x00000000   Number         0  stubs.o ABSOLUTE
    _printf_llo                              0x00000000   Number         0  stubs.o ABSOLUTE
    _printf_llu                              0x00000000   Number         0  stubs.o ABSOLUTE
    _printf_llx                              0x00000000   Number         0  stubs.o ABSOLUTE
    _printf_longlong_dec                     0x00000000   Number         0  stubs.o ABSOLUTE
    _printf_longlong_hex                     0x00000000   Number         0  stubs.o ABSOLUTE
    _printf_longlong_oct                     0x00000000   Number         0  stubs.o ABSOLUTE
    _printf_ls                               0x00000000   Number         0  stubs.o ABSOLUTE
    _printf_mbtowc                           0x00000000   Number         0  stubs.o ABSOLUTE
    _printf_n                                0x00000000   Number         0  stubs.o ABSOLUTE
    _printf_o                                0x00000000   Number         0  stubs.o ABSOLUTE
    _printf_p                                0x00000000   Number         0  stubs.o ABSOLUTE
    _printf_percent                          0x00000000   Number         0  stubs.o ABSOLUTE
    _printf_pre_padding                      0x00000000   Number         0  stubs.o ABSOLUTE
    _printf_return_value                     0x00000000   Number         0  stubs.o ABSOLUTE
    _printf_s                                0x00000000   Number         0  stubs.o ABSOLUTE
    _printf_sizespec                         0x00000000   Number         0  stubs.o ABSOLUTE
    _printf_str                              0x00000000   Number         0  stubs.o ABSOLUTE
    _printf_truncate_signed                  0x00000000   Number         0  stubs.o ABSOLUTE
    _printf_truncate_unsigned                0x00000000   Number         0  stubs.o ABSOLUTE
    _printf_u                                0x00000000   Number         0  stubs.o ABSOLUTE
    _printf_wc                               0x00000000   Number         0  stubs.o ABSOLUTE
    _printf_wctomb                           0x00000000   Number         0  stubs.o ABSOLUTE
    _printf_widthprec                        0x00000000   Number         0  stubs.o ABSOLUTE
    _printf_x                                0x00000000   Number         0  stubs.o ABSOLUTE
    __cpp_initialize__aeabi_                  - Undefined Weak Reference
    __cxa_finalize                            - Undefined Weak Reference
    __decompress                              - Undefined Weak Reference
    _clock_init                               - Undefined Weak Reference
    _microlib_exit                            - Undefined Weak Reference
    __Vectors_Size                           0x00000130   Number         0  startup_stm32f10x_hd.o ABSOLUTE
    __Vectors                                0x08000000   Data           4  startup_stm32f10x_hd.o(RESET)
    __Vectors_End                            0x08000130   Data           0  startup_stm32f10x_hd.o(RESET)
    __main                                   0x08000131   Thumb Code     0  entry.o(.ARM.Collect$$$$00000000)
    _main_stk                                0x08000131   Thumb Code     0  entry2.o(.ARM.Collect$$$$00000001)
    _main_scatterload                        0x08000135   Thumb Code     0  entry5.o(.ARM.Collect$$$$00000004)
    __main_after_scatterload                 0x08000139   Thumb Code     0  entry5.o(.ARM.Collect$$$$00000004)
    _main_clock                              0x08000139   Thumb Code     0  entry7b.o(.ARM.Collect$$$$00000008)
    _main_cpp_init                           0x08000139   Thumb Code     0  entry8b.o(.ARM.Collect$$$$0000000A)
    _main_init                               0x08000139   Thumb Code     0  entry9a.o(.ARM.Collect$$$$0000000B)
    __rt_final_cpp                           0x08000141   Thumb Code     0  entry10a.o(.ARM.Collect$$$$0000000D)
    __rt_final_exit                          0x08000141   Thumb Code     0  entry11a.o(.ARM.Collect$$$$0000000F)
    Reset_Handler                            0x08000145   Thumb Code     8  startup_stm32f10x_hd.o(.text)
    SysTick_Handler                          0x0800015d   Thumb Code     2  startup_stm32f10x_hd.o(.text)
    ADC1_2_IRQHandler                        0x0800015f   Thumb Code     0  startup_stm32f10x_hd.o(.text)
    ADC3_IRQHandler                          0x0800015f   Thumb Code     0  startup_stm32f10x_hd.o(.text)
    CAN1_RX1_IRQHandler                      0x0800015f   Thumb Code     0  startup_stm32f10x_hd.o(.text)
    CAN1_SCE_IRQHandler                      0x0800015f   Thumb Code     0  startup_stm32f10x_hd.o(.text)
    DMA1_Channel1_IRQHandler                 0x0800015f   Thumb Code     0  startup_stm32f10x_hd.o(.text)
    DMA1_Channel2_IRQHandler                 0x0800015f   Thumb Code     0  startup_stm32f10x_hd.o(.text)
    DMA1_Channel4_IRQHandler                 0x0800015f   Thumb Code     0  startup_stm32f10x_hd.o(.text)
    DMA1_Channel5_IRQHandler                 0x0800015f   Thumb Code     0  startup_stm32f10x_hd.o(.text)
    DMA1_Channel6_IRQHandler                 0x0800015f   Thumb Code     0  startup_stm32f10x_hd.o(.text)
    DMA1_Channel7_IRQHandler                 0x0800015f   Thumb Code     0  startup_stm32f10x_hd.o(.text)
    DMA2_Channel1_IRQHandler                 0x0800015f   Thumb Code     0  startup_stm32f10x_hd.o(.text)
    DMA2_Channel2_IRQHandler                 0x0800015f   Thumb Code     0  startup_stm32f10x_hd.o(.text)
    DMA2_Channel3_IRQHandler                 0x0800015f   Thumb Code     0  startup_stm32f10x_hd.o(.text)
    DMA2_Channel4_5_IRQHandler               0x0800015f   Thumb Code     0  startup_stm32f10x_hd.o(.text)
    EXTI0_IRQHandler                         0x0800015f   Thumb Code     0  startup_stm32f10x_hd.o(.text)
    EXTI15_10_IRQHandler                     0x0800015f   Thumb Code     0  startup_stm32f10x_hd.o(.text)
    EXTI1_IRQHandler                         0x0800015f   Thumb Code     0  startup_stm32f10x_hd.o(.text)
    EXTI2_IRQHandler                         0x0800015f   Thumb Code     0  startup_stm32f10x_hd.o(.text)
    EXTI3_IRQHandler                         0x0800015f   Thumb Code     0  startup_stm32f10x_hd.o(.text)
    EXTI4_IRQHandler                         0x0800015f   Thumb Code     0  startup_stm32f10x_hd.o(.text)
    EXTI9_5_IRQHandler                       0x0800015f   Thumb Code     0  startup_stm32f10x_hd.o(.text)
    FLASH_IRQHandler                         0x0800015f   Thumb Code     0  startup_stm32f10x_hd.o(.text)
    FSMC_IRQHandler                          0x0800015f   Thumb Code     0  startup_stm32f10x_hd.o(.text)
    I2C1_ER_IRQHandler                       0x0800015f   Thumb Code     0  startup_stm32f10x_hd.o(.text)
    I2C1_EV_IRQHandler                       0x0800015f   Thumb Code     0  startup_stm32f10x_hd.o(.text)
    I2C2_ER_IRQHandler                       0x0800015f   Thumb Code     0  startup_stm32f10x_hd.o(.text)
    I2C2_EV_IRQHandler                       0x0800015f   Thumb Code     0  startup_stm32f10x_hd.o(.text)
    PVD_IRQHandler                           0x0800015f   Thumb Code     0  startup_stm32f10x_hd.o(.text)
    RCC_IRQHandler                           0x0800015f   Thumb Code     0  startup_stm32f10x_hd.o(.text)
    RTCAlarm_IRQHandler                      0x0800015f   Thumb Code     0  startup_stm32f10x_hd.o(.text)
    RTC_IRQHandler                           0x0800015f   Thumb Code     0  startup_stm32f10x_hd.o(.text)
    SDIO_IRQHandler                          0x0800015f   Thumb Code     0  startup_stm32f10x_hd.o(.text)
    SPI1_IRQHandler                          0x0800015f   Thumb Code     0  startup_stm32f10x_hd.o(.text)
    SPI2_IRQHandler                          0x0800015f   Thumb Code     0  startup_stm32f10x_hd.o(.text)
    SPI3_IRQHandler                          0x0800015f   Thumb Code     0  startup_stm32f10x_hd.o(.text)
    TAMPER_IRQHandler                        0x0800015f   Thumb Code     0  startup_stm32f10x_hd.o(.text)
    TIM1_BRK_IRQHandler                      0x0800015f   Thumb Code     0  startup_stm32f10x_hd.o(.text)
    TIM1_CC_IRQHandler                       0x0800015f   Thumb Code     0  startup_stm32f10x_hd.o(.text)
    TIM1_TRG_COM_IRQHandler                  0x0800015f   Thumb Code     0  startup_stm32f10x_hd.o(.text)
    TIM1_UP_IRQHandler                       0x0800015f   Thumb Code     0  startup_stm32f10x_hd.o(.text)
    TIM2_IRQHandler                          0x0800015f   Thumb Code     0  startup_stm32f10x_hd.o(.text)
    TIM3_IRQHandler                          0x0800015f   Thumb Code     0  startup_stm32f10x_hd.o(.text)
    TIM5_IRQHandler                          0x0800015f   Thumb Code     0  startup_stm32f10x_hd.o(.text)
    TIM6_IRQHandler                          0x0800015f   Thumb Code     0  startup_stm32f10x_hd.o(.text)
    TIM7_IRQHandler                          0x0800015f   Thumb Code     0  startup_stm32f10x_hd.o(.text)
    TIM8_BRK_IRQHandler                      0x0800015f   Thumb Code     0  startup_stm32f10x_hd.o(.text)
    TIM8_CC_IRQHandler                       0x0800015f   Thumb Code     0  startup_stm32f10x_hd.o(.text)
    TIM8_TRG_COM_IRQHandler                  0x0800015f   Thumb Code     0  startup_stm32f10x_hd.o(.text)
    TIM8_UP_IRQHandler                       0x0800015f   Thumb Code     0  startup_stm32f10x_hd.o(.text)
    UART4_IRQHandler                         0x0800015f   Thumb Code     0  startup_stm32f10x_hd.o(.text)
    UART5_IRQHandler                         0x0800015f   Thumb Code     0  startup_stm32f10x_hd.o(.text)
    USART1_IRQHandler                        0x0800015f   Thumb Code     0  startup_stm32f10x_hd.o(.text)
    USART3_IRQHandler                        0x0800015f   Thumb Code     0  startup_stm32f10x_hd.o(.text)
    USBWakeUp_IRQHandler                     0x0800015f   Thumb Code     0  startup_stm32f10x_hd.o(.text)
    USB_HP_CAN1_TX_IRQHandler                0x0800015f   Thumb Code     0  startup_stm32f10x_hd.o(.text)
    USB_LP_CAN1_RX0_IRQHandler               0x0800015f   Thumb Code     0  startup_stm32f10x_hd.o(.text)
    WWDG_IRQHandler                          0x0800015f   Thumb Code     0  startup_stm32f10x_hd.o(.text)
    __aeabi_memcpy                           0x08000169   Thumb Code    36  memcpya.o(.text)
    __aeabi_memcpy4                          0x08000169   Thumb Code     0  memcpya.o(.text)
    __aeabi_memcpy8                          0x08000169   Thumb Code     0  memcpya.o(.text)
    __aeabi_memset                           0x0800018d   Thumb Code    14  memseta.o(.text)
    __aeabi_memset4                          0x0800018d   Thumb Code     0  memseta.o(.text)
    __aeabi_memset8                          0x0800018d   Thumb Code     0  memseta.o(.text)
    __aeabi_memclr                           0x0800019b   Thumb Code     4  memseta.o(.text)
    __aeabi_memclr4                          0x0800019b   Thumb Code     0  memseta.o(.text)
    __aeabi_memclr8                          0x0800019b   Thumb Code     0  memseta.o(.text)
    _memset$wrapper                          0x0800019f   Thumb Code    18  memseta.o(.text)
    strstr                                   0x080001b1   Thumb Code    36  strstr.o(.text)
    strlen                                   0x080001d5   Thumb Code    14  strlen.o(.text)
    __aeabi_fmul                             0x080001e3   Thumb Code   100  fmul.o(.text)
    __aeabi_dadd                             0x08000247   Thumb Code   322  dadd.o(.text)
    __aeabi_dsub                             0x08000389   Thumb Code     6  dadd.o(.text)
    __aeabi_drsub                            0x0800038f   Thumb Code     6  dadd.o(.text)
    __aeabi_dmul                             0x08000395   Thumb Code   228  dmul.o(.text)
    __aeabi_ddiv                             0x08000479   Thumb Code   222  ddiv.o(.text)
    __aeabi_f2uiz                            0x08000557   Thumb Code    40  ffixui.o(.text)
    __aeabi_d2uiz                            0x0800057f   Thumb Code    50  dfixui.o(.text)
    __aeabi_cdrcmple                         0x080005b1   Thumb Code    48  cdrcmple.o(.text)
    __aeabi_uidiv                            0x080005e1   Thumb Code     0  uidiv.o(.text)
    __aeabi_uidivmod                         0x080005e1   Thumb Code    44  uidiv.o(.text)
    __aeabi_uldivmod                         0x0800060d   Thumb Code    98  uldiv.o(.text)
    __aeabi_llsl                             0x0800066f   Thumb Code    30  llshl.o(.text)
    _ll_shift_l                              0x0800066f   Thumb Code     0  llshl.o(.text)
    __aeabi_llsr                             0x0800068d   Thumb Code    32  llushr.o(.text)
    _ll_ushift_r                             0x0800068d   Thumb Code     0  llushr.o(.text)
    __aeabi_lasr                             0x080006ad   Thumb Code    36  llsshr.o(.text)
    _ll_sshift_r                             0x080006ad   Thumb Code     0  llsshr.o(.text)
    __I$use$fp                               0x080006d1   Thumb Code     0  iusefp.o(.text)
    _double_round                            0x080006d1   Thumb Code    30  depilogue.o(.text)
    _double_epilogue                         0x080006ef   Thumb Code   156  depilogue.o(.text)
    __aeabi_d2ulz                            0x0800078b   Thumb Code    48  dfixul.o(.text)
    __scatterload                            0x080007bd   Thumb Code    28  init.o(.text)
    __scatterload_rt2                        0x080007bd   Thumb Code     0  init.o(.text)
    BccCheckSum                              0x080007e1   Thumb Code    22  util.o(i.BccCheckSum)
    BcdToHex                                 0x080007f7   Thumb Code    18  bcd.o(i.BcdToHex)
    BusFault_Handler                         0x08000809   Thumb Code     2  stm32f10x_it.o(i.BusFault_Handler)
    DMA1_Channel3_IRQHandler                 0x0800080b   Thumb Code     4  stm32f10x_it.o(i.DMA1_Channel3_IRQHandler)
    DMA_ClearFlag                            0x08000811   Thumb Code    16  stm32f10x_dma.o(i.DMA_ClearFlag)
    DMA_Cmd                                  0x08000829   Thumb Code    26  stm32f10x_dma.o(i.DMA_Cmd)
    DMA_DeInit                               0x08000845   Thumb Code   238  stm32f10x_dma.o(i.DMA_DeInit)
    DMA_GetITStatus                          0x0800093d   Thumb Code    26  stm32f10x_dma.o(i.DMA_GetITStatus)
    DMA_ITConfig                             0x08000961   Thumb Code    20  stm32f10x_dma.o(i.DMA_ITConfig)
    DMA_Init                                 0x08000975   Thumb Code    58  stm32f10x_dma.o(i.DMA_Init)
    DMA_SetCurrDataCounter                   0x080009af   Thumb Code     4  stm32f10x_dma.o(i.DMA_SetCurrDataCounter)
    DebugMon_Handler                         0x080009b3   Thumb Code     2  stm32f10x_it.o(i.DebugMon_Handler)
    Delay                                    0x080009b5   Thumb Code    18  main.o(i.Delay)
    EndianSwap16                             0x080009c7   Thumb Code    10  util.o(i.EndianSwap16)
    EndianSwap32                             0x080009d1   Thumb Code    24  util.o(i.EndianSwap32)
    Escape_C                                 0x080009e9   Thumb Code   108  util.o(i.Escape_C)
    GPIO_Init                                0x08000a55   Thumb Code   166  stm32f10x_gpio.o(i.GPIO_Init)
    GPIO_SetBits                             0x08000afb   Thumb Code     4  stm32f10x_gpio.o(i.GPIO_SetBits)
    GPS_Config                               0x08000aff   Thumb Code    14  gps_config.o(i.GPS_Config)
    GPS_ProcessDMAIRQ                        0x08000ba5   Thumb Code    58  gps_config.o(i.GPS_ProcessDMAIRQ)
    HardFault_Handler                        0x08000c69   Thumb Code     2  stm32f10x_it.o(i.HardFault_Handler)
    HexToBcd                                 0x08000c6b   Thumb Code    22  bcd.o(i.HexToBcd)
    LED_GPIO_Config                          0x08000c81   Thumb Code    74  bsp_led.o(i.LED_GPIO_Config)
    MemManage_Handler                        0x08000cd5   Thumb Code     2  stm32f10x_it.o(i.MemManage_Handler)
    NMI_Handler                              0x08000cd7   Thumb Code     2  stm32f10x_it.o(i.NMI_Handler)
    NVIC_Init                                0x08000cd9   Thumb Code    96  misc.o(i.NVIC_Init)
    NVIC_PriorityGroupConfig                 0x08000d3d   Thumb Code    10  misc.o(i.NVIC_PriorityGroupConfig)
    PendSV_Handler                           0x08000d51   Thumb Code     2  stm32f10x_it.o(i.PendSV_Handler)
    RCC_AHBPeriphClockCmd                    0x08000d55   Thumb Code    22  stm32f10x_rcc.o(i.RCC_AHBPeriphClockCmd)
    RCC_APB1PeriphClockCmd                   0x08000d71   Thumb Code    22  stm32f10x_rcc.o(i.RCC_APB1PeriphClockCmd)
    RCC_APB1PeriphResetCmd                   0x08000d8d   Thumb Code    22  stm32f10x_rcc.o(i.RCC_APB1PeriphResetCmd)
    RCC_APB2PeriphClockCmd                   0x08000da9   Thumb Code    22  stm32f10x_rcc.o(i.RCC_APB2PeriphClockCmd)
    RCC_APB2PeriphResetCmd                   0x08000dc5   Thumb Code    22  stm32f10x_rcc.o(i.RCC_APB2PeriphResetCmd)
    RCC_GetClocksFreq                        0x08000de1   Thumb Code   154  stm32f10x_rcc.o(i.RCC_GetClocksFreq)
    ReverseEscape_C                          0x08000e8d   Thumb Code   112  util.o(i.ReverseEscape_C)
    SVC_Handler                              0x08000f1d   Thumb Code     2  stm32f10x_it.o(i.SVC_Handler)
    SystemInit                               0x08000fd5   Thumb Code    64  system_stm32f10x.o(i.SystemInit)
    TIM4_IRQHandler                          0x08001025   Thumb Code    94  usart2.o(i.TIM4_IRQHandler)
    TIM4_Init                                0x08001091   Thumb Code    82  usart2.o(i.TIM4_Init)
    TIM4_Set                                 0x080010e9   Thumb Code    42  usart2.o(i.TIM4_Set)
    TIM4_SetARR                              0x08001119   Thumb Code    30  usart2.o(i.TIM4_SetARR)
    TIM_ClearITPendingBit                    0x0800113d   Thumb Code     6  stm32f10x_tim.o(i.TIM_ClearITPendingBit)
    TIM_Cmd                                  0x08001143   Thumb Code    24  stm32f10x_tim.o(i.TIM_Cmd)
    TIM_GetITStatus                          0x0800115b   Thumb Code    24  stm32f10x_tim.o(i.TIM_GetITStatus)
    TIM_ITConfig                             0x08001173   Thumb Code    20  stm32f10x_tim.o(i.TIM_ITConfig)
    TIM_SetCounter                           0x08001187   Thumb Code     4  stm32f10x_tim.o(i.TIM_SetCounter)
    TIM_TimeBaseInit                         0x0800118d   Thumb Code   114  stm32f10x_tim.o(i.TIM_TimeBaseInit)
    UART_DMA_Config                          0x08001229   Thumb Code    66  usart2.o(i.UART_DMA_Config)
    UART_DMA_Enable                          0x0800126b   Thumb Code    34  usart2.o(i.UART_DMA_Enable)
    USART2_IRQHandler                        0x0800128d   Thumb Code    74  usart2.o(i.USART2_IRQHandler)
    USART2_Init                              0x080012e9   Thumb Code   208  usart2.o(i.USART2_Init)
    USART_Cmd                                0x080013cd   Thumb Code    24  stm32f10x_usart.o(i.USART_Cmd)
    USART_Config                             0x080013e5   Thumb Code   122  bsp_usart.o(i.USART_Config)
    USART_DMACmd                             0x08001469   Thumb Code    20  stm32f10x_usart.o(i.USART_DMACmd)
    USART_DeInit                             0x0800147d   Thumb Code   144  stm32f10x_usart.o(i.USART_DeInit)
    USART_GetFlagStatus                      0x08001521   Thumb Code    14  stm32f10x_usart.o(i.USART_GetFlagStatus)
    USART_GetITStatus                        0x0800152f   Thumb Code    64  stm32f10x_usart.o(i.USART_GetITStatus)
    USART_ITConfig                           0x0800156f   Thumb Code    54  stm32f10x_usart.o(i.USART_ITConfig)
    USART_Init                               0x080015a5   Thumb Code   182  stm32f10x_usart.o(i.USART_Init)
    USART_ReceiveData                        0x08001661   Thumb Code     8  stm32f10x_usart.o(i.USART_ReceiveData)
    USART_SendData                           0x08001669   Thumb Code     8  stm32f10x_usart.o(i.USART_SendData)
    UsageFault_Handler                       0x08001671   Thumb Code     2  stm32f10x_it.o(i.UsageFault_Handler)
    Usart_SendString                         0x0800168b   Thumb Code    26  main.o(i.Usart_SendString)
    __0printf                                0x080016a5   Thumb Code    22  printfa.o(i.__0printf)
    __1printf                                0x080016a5   Thumb Code     0  printfa.o(i.__0printf)
    __2printf                                0x080016a5   Thumb Code     0  printfa.o(i.__0printf)
    __c89printf                              0x080016a5   Thumb Code     0  printfa.o(i.__0printf)
    printf                                   0x080016a5   Thumb Code     0  printfa.o(i.__0printf)
    __0sprintf                               0x080016c5   Thumb Code    34  printfa.o(i.__0sprintf)
    __1sprintf                               0x080016c5   Thumb Code     0  printfa.o(i.__0sprintf)
    __2sprintf                               0x080016c5   Thumb Code     0  printfa.o(i.__0sprintf)
    __c89sprintf                             0x080016c5   Thumb Code     0  printfa.o(i.__0sprintf)
    sprintf                                  0x080016c5   Thumb Code     0  printfa.o(i.__0sprintf)
    __0vsprintf                              0x080016ed   Thumb Code    30  printfa.o(i.__0vsprintf)
    __1vsprintf                              0x080016ed   Thumb Code     0  printfa.o(i.__0vsprintf)
    __2vsprintf                              0x080016ed   Thumb Code     0  printfa.o(i.__0vsprintf)
    __c89vsprintf                            0x080016ed   Thumb Code     0  printfa.o(i.__0vsprintf)
    vsprintf                                 0x080016ed   Thumb Code     0  printfa.o(i.__0vsprintf)
    __scatterload_copy                       0x08001711   Thumb Code    14  handlers.o(i.__scatterload_copy)
    __scatterload_null                       0x0800171f   Thumb Code     2  handlers.o(i.__scatterload_null)
    __scatterload_zeroinit                   0x08001721   Thumb Code    14  handlers.o(i.__scatterload_zeroinit)
    bufferSendChangeByte                     0x08001fed   Thumb Code    38  jt808_packager.o(i.bufferSendChangeByte)
    bufferSendPushByte                       0x0800201d   Thumb Code    14  jt808_packager.o(i.bufferSendPushByte)
    bufferSendPushBytes                      0x08002035   Thumb Code    34  jt808_packager.o(i.bufferSendPushBytes)
    clearBufferSend                          0x08002059   Thumb Code    20  jt808_packager.o(i.clearBufferSend)
    copyU16ToU8ArrayToBufferSend             0x08002075   Thumb Code     6  jt808_packager.o(i.copyU16ToU8ArrayToBufferSend)
    copyU32ToU8ArrayToBufferSend             0x0800207b   Thumb Code     6  jt808_packager.o(i.copyU32ToU8ArrayToBufferSend)
    ec20_check_cmd                           0x08002081   Thumb Code    28  ec20.o(i.ec20_check_cmd)
    ec20_init                                0x080020a5   Thumb Code   280  main.o(i.ec20_init)
    ec20_send_cmd                            0x0800227d   Thumb Code   174  ec20.o(i.ec20_send_cmd)
    findMsgIDFromTerminalPackagerCMD         0x0800234d   Thumb Code    28  client_manager.o(i.findMsgIDFromTerminalPackagerCMD)
    fputc                                    0x0800236d   Thumb Code    30  bsp_usart.o(i.fputc)
    free                                     0x08002391   Thumb Code    76  malloc.o(i.free)
    getRegisterCityId                        0x080023e1   Thumb Code     6  terminal_register.o(i.getRegisterCityId)
    getRegisterProvinceId                    0x080023ed   Thumb Code     6  terminal_register.o(i.getRegisterProvinceId)
    getRegister_car_plate_color              0x080023f9   Thumb Code     6  terminal_register.o(i.getRegister_car_plate_color)
    getRegister_car_plate_num                0x08002405   Thumb Code     4  terminal_register.o(i.getRegister_car_plate_num)
    getRegister_manufacturer_id              0x0800240d   Thumb Code     4  terminal_register.o(i.getRegister_manufacturer_id)
    getRegister_terminal_id                  0x08002415   Thumb Code     4  terminal_register.o(i.getRegister_terminal_id)
    getRegister_terminal_model               0x0800241d   Thumb Code     4  terminal_register.o(i.getRegister_terminal_model)
    handle_kFillPacketRequest                0x08002425   Thumb Code    18  jt808_parser.o(i.handle_kFillPacketRequest)
    handle_kGetLocationInformation           0x08002455   Thumb Code    18  jt808_parser.o(i.handle_kGetLocationInformation)
    handle_kGetLocationInformationResponse   0x08002499   Thumb Code    18  jt808_packager.o(i.handle_kGetLocationInformationResponse)
    handle_kGetSpecificTerminalParameters    0x080024c9   Thumb Code    18  jt808_parser.o(i.handle_kGetSpecificTerminalParameters)
    handle_kGetTerminalParameters            0x08002511   Thumb Code    18  jt808_parser.o(i.handle_kGetTerminalParameters)
    handle_kGetTerminalParametersResponse    0x08002555   Thumb Code    18  jt808_packager.o(i.handle_kGetTerminalParametersResponse)
    handle_kLocationReport                   0x08002585   Thumb Code   202  jt808_packager.o(i.handle_kLocationReport)
    handle_kPlatformGeneralResponse          0x080026a1   Thumb Code    98  jt808_parser.o(i.handle_kPlatformGeneralResponse)
    handle_kSetTerminalParameters            0x0800276d   Thumb Code    44  jt808_parser.o(i.handle_kSetTerminalParameters)
    handle_kTerminalAuthentication           0x080027c9   Thumb Code    38  jt808_packager.o(i.handle_kTerminalAuthentication)
    handle_kTerminalControl                  0x0800280d   Thumb Code    18  jt808_parser.o(i.handle_kTerminalControl)
    handle_kTerminalHeartBeat                0x08002849   Thumb Code    16  jt808_packager.o(i.handle_kTerminalHeartBeat)
    handle_kTerminalLogOut                   0x08002895   Thumb Code    16  jt808_packager.o(i.handle_kTerminalLogOut)
    handle_kTerminalRegister                 0x080028e1   Thumb Code   118  jt808_packager.o(i.handle_kTerminalRegister)
    handle_kTerminalRegisterResponse         0x08002981   Thumb Code   128  jt808_parser.o(i.handle_kTerminalRegisterResponse)
    handle_kTerminalUpgrade                  0x08002ab5   Thumb Code    18  jt808_parser.o(i.handle_kTerminalUpgrade)
    handle_kTerminalUpgradeResultReport      0x08002af9   Thumb Code    18  jt808_packager.o(i.handle_kTerminalUpgradeResultReport)
    initRegisterInfo                         0x08002b29   Thumb Code   412  terminal_register.o(i.initRegisterInfo)
    jt808BcdToStringCompress                 0x08002e55   Thumb Code    66  bcd.o(i.jt808BcdToStringCompress)
    jt808FrameBodyPackage                    0x08002e99   Thumb Code   166  jt808_packager.o(i.jt808FrameBodyPackage)
    jt808FrameBodyParse                      0x08002f71   Thumb Code   166  jt808_parser.o(i.jt808FrameBodyParse)
    jt808FrameHeadPackage                    0x08003049   Thumb Code   124  jt808_packager.o(i.jt808FrameHeadPackage)
    jt808FrameHeadParse                      0x080030c5   Thumb Code   174  jt808_parser.o(i.jt808FrameHeadParse)
    jt808FramePackage                        0x0800325d   Thumb Code   112  jt808_packager.o(i.jt808FramePackage)
    jt808FrameParse                          0x08003315   Thumb Code   206  jt808_parser.o(i.jt808FrameParse)
    jt808MsgBodyLengthFix                    0x080034b1   Thumb Code    54  jt808_packager.o(i.jt808MsgBodyLengthFix)
    jt808MsgEscape                           0x080034f1   Thumb Code    88  jt808_packager.o(i.jt808MsgEscape)
    jt808SetFrameFlagHeader                  0x08003551   Thumb Code     8  jt808_packager.o(i.jt808SetFrameFlagHeader)
    jt808StringToBcdCompress                 0x08003559   Thumb Code    68  bcd.o(i.jt808StringToBcdCompress)
    main                                     0x0800359d   Thumb Code   390  main.o(i.main)
    malloc                                   0x080037ed   Thumb Code    92  malloc.o(i.malloc)
    packagingMessage                         0x08003859   Thumb Code    66  client_manager.o(i.packagingMessage)
    parsingMessage                           0x08003905   Thumb Code   212  client_manager.o(i.parsingMessage)
    setTerminalPhoneNumber                   0x08003c39   Thumb Code     6  client_manager.o(i.setTerminalPhoneNumber)
    u2_printf                                0x08003c45   Thumb Code    50  usart2.o(i.u2_printf)
    updateLocation                           0x08003c81   Thumb Code   176  jt808_packager.o(i.updateLocation)
    Region$$Table$$Base                      0x08004094   Number         0  anon$$obj.o(Region$$Table)
    Region$$Table$$Limit                     0x080040b4   Number         0  anon$$obj.o(Region$$Table)
    GPS_TransferEnd                          0x20000014   Data           1  gps_config.o(.data)
    GPS_HalfTransferEnd                      0x20000015   Data           1  gps_config.o(.data)
    USART2_RX_STA                            0x20000018   Data           2  usart2.o(.data)
    Scan_Wtime                               0x2000001a   Data           1  ec20.o(.data)
    kTerminalPackagerCMD                     0x2000001c   Data          18  jt808_packager.o(.data)
    RealBufferSendSize                       0x20000030   Data           4  jt808_packager.o(.data)
    RealBufferReceiveSize                    0x20000034   Data           4  jt808_parser.o(.data)
    car_plate_color_                         0x2000003c   Data           1  terminal_register.o(.data)
    provinceId_                              0x2000003e   Data           2  terminal_register.o(.data)
    cityId_                                  0x20000040   Data           2  terminal_register.o(.data)
    manufacturer_id_                         0x20000042   Data          20  terminal_register.o(.data)
    terminal_model_                          0x20000056   Data          20  terminal_register.o(.data)
    terminal_id_                             0x2000006a   Data          20  terminal_register.o(.data)
    car_plate_num_                           0x2000007e   Data          20  terminal_register.o(.data)
    __stdout                                 0x20000094   Data           4  stdout.o(.data)
    __microlib_freelist                      0x20000098   Data           4  mvars.o(.data)
    __microlib_freelist_initialised          0x2000009c   Data           4  mvars.o(.data)
    gps_rbuff                                0x200000a0   Data        2048  gps_config.o(.bss)
    USART2_TX_BUF                            0x200008a0   Data        1024  usart2.o(.bss)
    USART2_RX_BUF                            0x20000ca0   Data        1024  usart2.o(.bss)
    parameter_                               0x200010a0   Data         288  client_manager.o(.bss)
    BufferSend                               0x200011c0   Data        4096  jt808_packager.o(.bss)
    BufferReceive                            0x200021c0   Data        4096  jt808_parser.o(.bss)
    __heap_base                              0x200031c0   Data           0  startup_stm32f10x_hd.o(HEAP)
    __heap_limit                             0x200041c0   Data           0  startup_stm32f10x_hd.o(HEAP)
    __initial_sp                             0x200081c0   Data           0  startup_stm32f10x_hd.o(STACK)



==============================================================================

Memory Map of the image

  Image Entry point : 0x08000131

  Load Region LR_IROM1 (Base: 0x08000000, Size: 0x00004154, Max: 0x00040000, ABSOLUTE)

    Execution Region ER_IROM1 (Base: 0x08000000, Size: 0x000040b4, Max: 0x00040000, ABSOLUTE)

    Base Addr    Size         Type   Attr      Idx    E Section Name        Object

    0x08000000   0x00000130   Data   RO            3    RESET               startup_stm32f10x_hd.o
    0x08000130   0x00000000   Code   RO         5000  * .ARM.Collect$$$$00000000  mc_w.l(entry.o)
    0x08000130   0x00000004   Code   RO         5400    .ARM.Collect$$$$00000001  mc_w.l(entry2.o)
    0x08000134   0x00000004   Code   RO         5403    .ARM.Collect$$$$00000004  mc_w.l(entry5.o)
    0x08000138   0x00000000   Code   RO         5405    .ARM.Collect$$$$00000008  mc_w.l(entry7b.o)
    0x08000138   0x00000000   Code   RO         5407    .ARM.Collect$$$$0000000A  mc_w.l(entry8b.o)
    0x08000138   0x00000008   Code   RO         5408    .ARM.Collect$$$$0000000B  mc_w.l(entry9a.o)
    0x08000140   0x00000000   Code   RO         5410    .ARM.Collect$$$$0000000D  mc_w.l(entry10a.o)
    0x08000140   0x00000000   Code   RO         5412    .ARM.Collect$$$$0000000F  mc_w.l(entry11a.o)
    0x08000140   0x00000004   Code   RO         5401    .ARM.Collect$$$$00002712  mc_w.l(entry2.o)
    0x08000144   0x00000024   Code   RO            4    .text               startup_stm32f10x_hd.o
    0x08000168   0x00000024   Code   RO         5034    .text               mc_w.l(memcpya.o)
    0x0800018c   0x00000024   Code   RO         5036    .text               mc_w.l(memseta.o)
    0x080001b0   0x00000024   Code   RO         5038    .text               mc_w.l(strstr.o)
    0x080001d4   0x0000000e   Code   RO         5040    .text               mc_w.l(strlen.o)
    0x080001e2   0x00000064   Code   RO         5339    .text               mf_w.l(fmul.o)
    0x08000246   0x0000014e   Code   RO         5341    .text               mf_w.l(dadd.o)
    0x08000394   0x000000e4   Code   RO         5343    .text               mf_w.l(dmul.o)
    0x08000478   0x000000de   Code   RO         5345    .text               mf_w.l(ddiv.o)
    0x08000556   0x00000028   Code   RO         5351    .text               mf_w.l(ffixui.o)
    0x0800057e   0x00000032   Code   RO         5355    .text               mf_w.l(dfixui.o)
    0x080005b0   0x00000030   Code   RO         5359    .text               mf_w.l(cdrcmple.o)
    0x080005e0   0x0000002c   Code   RO         5415    .text               mc_w.l(uidiv.o)
    0x0800060c   0x00000062   Code   RO         5417    .text               mc_w.l(uldiv.o)
    0x0800066e   0x0000001e   Code   RO         5419    .text               mc_w.l(llshl.o)
    0x0800068c   0x00000020   Code   RO         5421    .text               mc_w.l(llushr.o)
    0x080006ac   0x00000024   Code   RO         5423    .text               mc_w.l(llsshr.o)
    0x080006d0   0x00000000   Code   RO         5438    .text               mc_w.l(iusefp.o)
    0x080006d0   0x000000ba   Code   RO         5439    .text               mf_w.l(depilogue.o)
    0x0800078a   0x00000030   Code   RO         5443    .text               mf_w.l(dfixul.o)
    0x080007ba   0x00000002   PAD
    0x080007bc   0x00000024   Code   RO         5445    .text               mc_w.l(init.o)
    0x080007e0   0x00000016   Code   RO         4868    i.BccCheckSum       util.o
    0x080007f6   0x00000012   Code   RO         4429    i.BcdToHex          bcd.o
    0x08000808   0x00000002   Code   RO         3239    i.BusFault_Handler  stm32f10x_it.o
    0x0800080a   0x00000004   Code   RO         3240    i.DMA1_Channel3_IRQHandler  stm32f10x_it.o
    0x0800080e   0x00000002   PAD
    0x08000810   0x00000018   Code   RO          866    i.DMA_ClearFlag     stm32f10x_dma.o
    0x08000828   0x0000001a   Code   RO          868    i.DMA_Cmd           stm32f10x_dma.o
    0x08000842   0x00000002   PAD
    0x08000844   0x000000f8   Code   RO          869    i.DMA_DeInit        stm32f10x_dma.o
    0x0800093c   0x00000024   Code   RO          872    i.DMA_GetITStatus   stm32f10x_dma.o
    0x08000960   0x00000014   Code   RO          873    i.DMA_ITConfig      stm32f10x_dma.o
    0x08000974   0x0000003a   Code   RO          874    i.DMA_Init          stm32f10x_dma.o
    0x080009ae   0x00000004   Code   RO          875    i.DMA_SetCurrDataCounter  stm32f10x_dma.o
    0x080009b2   0x00000002   Code   RO         3241    i.DebugMon_Handler  stm32f10x_it.o
    0x080009b4   0x00000012   Code   RO         3108    i.Delay             main.o
    0x080009c6   0x0000000a   Code   RO         4869    i.EndianSwap16      util.o
    0x080009d0   0x00000018   Code   RO         4870    i.EndianSwap32      util.o
    0x080009e8   0x0000006c   Code   RO         4871    i.Escape_C          util.o
    0x08000a54   0x000000a6   Code   RO         1292    i.GPIO_Init         stm32f10x_gpio.o
    0x08000afa   0x00000004   Code   RO         1300    i.GPIO_SetBits      stm32f10x_gpio.o
    0x08000afe   0x0000000e   Code   RO         3321    i.GPS_Config        gps_config.o
    0x08000b0c   0x00000070   Code   RO         3322    i.GPS_DMA_Config    gps_config.o
    0x08000b7c   0x00000028   Code   RO         3323    i.GPS_Interrupt_Config  gps_config.o
    0x08000ba4   0x00000040   Code   RO         3324    i.GPS_ProcessDMAIRQ  gps_config.o
    0x08000be4   0x00000084   Code   RO         3325    i.GPS_USART_Config  gps_config.o
    0x08000c68   0x00000002   Code   RO         3242    i.HardFault_Handler  stm32f10x_it.o
    0x08000c6a   0x00000016   Code   RO         4430    i.HexToBcd          bcd.o
    0x08000c80   0x00000054   Code   RO         3413    i.LED_GPIO_Config   bsp_led.o
    0x08000cd4   0x00000002   Code   RO         3243    i.MemManage_Handler  stm32f10x_it.o
    0x08000cd6   0x00000002   Code   RO         3244    i.NMI_Handler       stm32f10x_it.o
    0x08000cd8   0x00000064   Code   RO          137    i.NVIC_Init         misc.o
    0x08000d3c   0x00000014   Code   RO          138    i.NVIC_PriorityGroupConfig  misc.o
    0x08000d50   0x00000002   Code   RO         3245    i.PendSV_Handler    stm32f10x_it.o
    0x08000d52   0x00000002   PAD
    0x08000d54   0x0000001c   Code   RO         1707    i.RCC_AHBPeriphClockCmd  stm32f10x_rcc.o
    0x08000d70   0x0000001c   Code   RO         1708    i.RCC_APB1PeriphClockCmd  stm32f10x_rcc.o
    0x08000d8c   0x0000001c   Code   RO         1709    i.RCC_APB1PeriphResetCmd  stm32f10x_rcc.o
    0x08000da8   0x0000001c   Code   RO         1710    i.RCC_APB2PeriphClockCmd  stm32f10x_rcc.o
    0x08000dc4   0x0000001c   Code   RO         1711    i.RCC_APB2PeriphResetCmd  stm32f10x_rcc.o
    0x08000de0   0x000000ac   Code   RO         1718    i.RCC_GetClocksFreq  stm32f10x_rcc.o
    0x08000e8c   0x00000090   Code   RO         4872    i.ReverseEscape_C   util.o
    0x08000f1c   0x00000002   Code   RO         3246    i.SVC_Handler       stm32f10x_it.o
    0x08000f1e   0x00000004   Code   RO           24    i.SetSysClock       system_stm32f10x.o
    0x08000f22   0x00000002   PAD
    0x08000f24   0x000000b0   Code   RO           25    i.SetSysClockTo72   system_stm32f10x.o
    0x08000fd4   0x00000050   Code   RO           27    i.SystemInit        system_stm32f10x.o
    0x08001024   0x0000006c   Code   RO         3452    i.TIM4_IRQHandler   usart2.o
    0x08001090   0x00000058   Code   RO         3453    i.TIM4_Init         usart2.o
    0x080010e8   0x00000030   Code   RO         3454    i.TIM4_Set          usart2.o
    0x08001118   0x00000024   Code   RO         3455    i.TIM4_SetARR       usart2.o
    0x0800113c   0x00000006   Code   RO         2337    i.TIM_ClearITPendingBit  stm32f10x_tim.o
    0x08001142   0x00000018   Code   RO         2342    i.TIM_Cmd           stm32f10x_tim.o
    0x0800115a   0x00000018   Code   RO         2363    i.TIM_GetITStatus   stm32f10x_tim.o
    0x08001172   0x00000014   Code   RO         2367    i.TIM_ITConfig      stm32f10x_tim.o
    0x08001186   0x00000004   Code   RO         2407    i.TIM_SetCounter    stm32f10x_tim.o
    0x0800118a   0x00000002   PAD
    0x0800118c   0x0000009c   Code   RO         2413    i.TIM_TimeBaseInit  stm32f10x_tim.o
    0x08001228   0x00000042   Code   RO         3456    i.UART_DMA_Config   usart2.o
    0x0800126a   0x00000022   Code   RO         3457    i.UART_DMA_Enable   usart2.o
    0x0800128c   0x0000005c   Code   RO         3458    i.USART2_IRQHandler  usart2.o
    0x080012e8   0x000000e4   Code   RO         3459    i.USART2_Init       usart2.o
    0x080013cc   0x00000018   Code   RO         2878    i.USART_Cmd         stm32f10x_usart.o
    0x080013e4   0x00000084   Code   RO         3428    i.USART_Config      bsp_usart.o
    0x08001468   0x00000014   Code   RO         2879    i.USART_DMACmd      stm32f10x_usart.o
    0x0800147c   0x000000a4   Code   RO         2880    i.USART_DeInit      stm32f10x_usart.o
    0x08001520   0x0000000e   Code   RO         2881    i.USART_GetFlagStatus  stm32f10x_usart.o
    0x0800152e   0x00000040   Code   RO         2882    i.USART_GetITStatus  stm32f10x_usart.o
    0x0800156e   0x00000036   Code   RO         2884    i.USART_ITConfig    stm32f10x_usart.o
    0x080015a4   0x000000bc   Code   RO         2885    i.USART_Init        stm32f10x_usart.o
    0x08001660   0x00000008   Code   RO         2892    i.USART_ReceiveData  stm32f10x_usart.o
    0x08001668   0x00000008   Code   RO         2895    i.USART_SendData    stm32f10x_usart.o
    0x08001670   0x00000002   Code   RO         3247    i.UsageFault_Handler  stm32f10x_it.o
    0x08001672   0x00000018   Code   RO         3109    i.Usart_SendByte    main.o
    0x0800168a   0x0000001a   Code   RO         3110    i.Usart_SendString  main.o
    0x080016a4   0x00000020   Code   RO         5281    i.__0printf         mc_w.l(printfa.o)
    0x080016c4   0x00000028   Code   RO         5283    i.__0sprintf        mc_w.l(printfa.o)
    0x080016ec   0x00000024   Code   RO         5287    i.__0vsprintf       mc_w.l(printfa.o)
    0x08001710   0x0000000e   Code   RO         5470    i.__scatterload_copy  mc_w.l(handlers.o)
    0x0800171e   0x00000002   Code   RO         5471    i.__scatterload_null  mc_w.l(handlers.o)
    0x08001720   0x0000000e   Code   RO         5472    i.__scatterload_zeroinit  mc_w.l(handlers.o)
    0x0800172e   0x00000002   PAD
    0x08001730   0x00000184   Code   RO         5288    i._fp_digits        mc_w.l(printfa.o)
    0x080018b4   0x000006dc   Code   RO         5289    i._printf_core      mc_w.l(printfa.o)
    0x08001f90   0x00000024   Code   RO         5290    i._printf_post_padding  mc_w.l(printfa.o)
    0x08001fb4   0x0000002e   Code   RO         5291    i._printf_pre_padding  mc_w.l(printfa.o)
    0x08001fe2   0x0000000a   Code   RO         5293    i._sputc            mc_w.l(printfa.o)
    0x08001fec   0x00000030   Code   RO         4522    i.bufferSendChangeByte  jt808_packager.o
    0x0800201c   0x00000018   Code   RO         4523    i.bufferSendPushByte  jt808_packager.o
    0x08002034   0x00000022   Code   RO         4524    i.bufferSendPushBytes  jt808_packager.o
    0x08002056   0x00000002   PAD
    0x08002058   0x0000001c   Code   RO         4525    i.clearBufferSend   jt808_packager.o
    0x08002074   0x00000006   Code   RO         4526    i.copyU16ToU8ArrayToBufferSend  jt808_packager.o
    0x0800207a   0x00000006   Code   RO         4527    i.copyU32ToU8ArrayToBufferSend  jt808_packager.o
    0x08002080   0x00000024   Code   RO         3530    i.ec20_check_cmd    ec20.o
    0x080020a4   0x000001d8   Code   RO         3111    i.ec20_init         main.o
    0x0800227c   0x000000d0   Code   RO         3533    i.ec20_send_cmd     ec20.o
    0x0800234c   0x00000020   Code   RO         4465    i.findMsgIDFromTerminalPackagerCMD  client_manager.o
    0x0800236c   0x00000024   Code   RO         3430    i.fputc             bsp_usart.o
    0x08002390   0x00000050   Code   RO         5309    i.free              mc_w.l(malloc.o)
    0x080023e0   0x0000000c   Code   RO         4768    i.getRegisterCityId  terminal_register.o
    0x080023ec   0x0000000c   Code   RO         4769    i.getRegisterProvinceId  terminal_register.o
    0x080023f8   0x0000000c   Code   RO         4770    i.getRegister_car_plate_color  terminal_register.o
    0x08002404   0x00000008   Code   RO         4771    i.getRegister_car_plate_num  terminal_register.o
    0x0800240c   0x00000008   Code   RO         4772    i.getRegister_manufacturer_id  terminal_register.o
    0x08002414   0x00000008   Code   RO         4773    i.getRegister_terminal_id  terminal_register.o
    0x0800241c   0x00000008   Code   RO         4774    i.getRegister_terminal_model  terminal_register.o
    0x08002424   0x00000030   Code   RO         4672    i.handle_kFillPacketRequest  jt808_parser.o
    0x08002454   0x00000044   Code   RO         4673    i.handle_kGetLocationInformation  jt808_parser.o
    0x08002498   0x00000030   Code   RO         4528    i.handle_kGetLocationInformationResponse  jt808_packager.o
    0x080024c8   0x00000048   Code   RO         4674    i.handle_kGetSpecificTerminalParameters  jt808_parser.o
    0x08002510   0x00000044   Code   RO         4675    i.handle_kGetTerminalParameters  jt808_parser.o
    0x08002554   0x00000030   Code   RO         4529    i.handle_kGetTerminalParametersResponse  jt808_packager.o
    0x08002584   0x0000011c   Code   RO         4530    i.handle_kLocationReport  jt808_packager.o
    0x080026a0   0x000000cc   Code   RO         4676    i.handle_kPlatformGeneralResponse  jt808_parser.o
    0x0800276c   0x0000005c   Code   RO         4677    i.handle_kSetTerminalParameters  jt808_parser.o
    0x080027c8   0x00000044   Code   RO         4531    i.handle_kTerminalAuthentication  jt808_packager.o
    0x0800280c   0x0000003c   Code   RO         4678    i.handle_kTerminalControl  jt808_parser.o
    0x08002848   0x0000004c   Code   RO         4533    i.handle_kTerminalHeartBeat  jt808_packager.o
    0x08002894   0x0000004c   Code   RO         4534    i.handle_kTerminalLogOut  jt808_packager.o
    0x080028e0   0x000000a0   Code   RO         4535    i.handle_kTerminalRegister  jt808_packager.o
    0x08002980   0x00000134   Code   RO         4679    i.handle_kTerminalRegisterResponse  jt808_parser.o
    0x08002ab4   0x00000044   Code   RO         4680    i.handle_kTerminalUpgrade  jt808_parser.o
    0x08002af8   0x00000030   Code   RO         4536    i.handle_kTerminalUpgradeResultReport  jt808_packager.o
    0x08002b28   0x0000032c   Code   RO         4775    i.initRegisterInfo  terminal_register.o
    0x08002e54   0x00000042   Code   RO         4431    i.jt808BcdToStringCompress  bcd.o
    0x08002e96   0x00000002   PAD
    0x08002e98   0x000000d8   Code   RO         4537    i.jt808FrameBodyPackage  jt808_packager.o
    0x08002f70   0x000000d8   Code   RO         4681    i.jt808FrameBodyParse  jt808_parser.o
    0x08003048   0x0000007c   Code   RO         4538    i.jt808FrameHeadPackage  jt808_packager.o
    0x080030c4   0x00000198   Code   RO         4682    i.jt808FrameHeadParse  jt808_parser.o
    0x0800325c   0x000000b8   Code   RO         4539    i.jt808FramePackage  jt808_packager.o
    0x08003314   0x0000019c   Code   RO         4683    i.jt808FrameParse   jt808_parser.o
    0x080034b0   0x00000040   Code   RO         4540    i.jt808MsgBodyLengthFix  jt808_packager.o
    0x080034f0   0x00000060   Code   RO         4541    i.jt808MsgEscape    jt808_packager.o
    0x08003550   0x00000008   Code   RO         4542    i.jt808SetFrameFlagHeader  jt808_packager.o
    0x08003558   0x00000044   Code   RO         4433    i.jt808StringToBcdCompress  bcd.o
    0x0800359c   0x00000250   Code   RO         3112    i.main              main.o
    0x080037ec   0x0000006c   Code   RO         5310    i.malloc            mc_w.l(malloc.o)
    0x08003858   0x000000ac   Code   RO         4467    i.packagingMessage  client_manager.o
    0x08003904   0x00000334   Code   RO         4468    i.parsingMessage    client_manager.o
    0x08003c38   0x0000000c   Code   RO         4469    i.setTerminalPhoneNumber  client_manager.o
    0x08003c44   0x0000003c   Code   RO         3460    i.u2_printf         usart2.o
    0x08003c80   0x00000188   Code   RO         4543    i.updateLocation    jt808_packager.o
    0x08003e08   0x0000000f   Data   RO         4471    .constdata          client_manager.o
    0x08003e17   0x00000111   Data   RO         4545    .constdata          jt808_packager.o
    0x08003f28   0x0000011c   Data   RO         4685    .constdata          jt808_parser.o
    0x08004044   0x0000004e   Data   RO         4472    .conststring        client_manager.o
    0x08004092   0x00000002   PAD
    0x08004094   0x00000020   Data   RO         5468    Region$$Table       anon$$obj.o


    Execution Region RW_IRAM1 (Base: 0x20000000, Size: 0x000081c0, Max: 0x0000c000, ABSOLUTE)

    Base Addr    Size         Type   Attr      Idx    E Section Name        Object

    0x20000000   0x00000014   Data   RW         1738    .data               stm32f10x_rcc.o
    0x20000014   0x00000002   Data   RW         3331    .data               gps_config.o
    0x20000016   0x00000004   Data   RW         3462    .data               usart2.o
    0x2000001a   0x00000001   Data   RW         3536    .data               ec20.o
    0x2000001b   0x00000001   PAD
    0x2000001c   0x00000012   Data   RW         4546    .data               jt808_packager.o
    0x2000002e   0x00000002   PAD
    0x20000030   0x00000004   Data   RW         4547    .data               jt808_packager.o
    0x20000034   0x00000008   Data   RW         4687    .data               jt808_parser.o
    0x2000003c   0x00000056   Data   RW         4784    .data               terminal_register.o
    0x20000092   0x00000002   PAD
    0x20000094   0x00000004   Data   RW         5414    .data               mc_w.l(stdout.o)
    0x20000098   0x00000004   Data   RW         5425    .data               mc_w.l(mvars.o)
    0x2000009c   0x00000004   Data   RW         5426    .data               mc_w.l(mvars.o)
    0x200000a0   0x00000800   Zero   RW         3330    .bss                gps_config.o
    0x200008a0   0x00000800   Zero   RW         3461    .bss                usart2.o
    0x200010a0   0x00000120   Zero   RW         4470    .bss                client_manager.o
    0x200011c0   0x00001000   Zero   RW         4544    .bss                jt808_packager.o
    0x200021c0   0x00001000   Zero   RW         4684    .bss                jt808_parser.o
    0x200031c0   0x00001000   Zero   RW            2    HEAP                startup_stm32f10x_hd.o
    0x200041c0   0x00004000   Zero   RW            1    STACK               startup_stm32f10x_hd.o


==============================================================================

Image component sizes


      Code (inc. data)   RO Data    RW Data    ZI Data      Debug   Object Name

       174          0          0          0          0       2480   bcd.o
        84         10          0          0          0        522   bsp_led.o
       168         16          0          0          0       1183   bsp_usart.o
      1036        724         93          0        288       2941   client_manager.o
         0          0          0          0          0       4500   core_cm3.o
       244         42          0          1          0       2223   ec20.o
       362         30          0          2       2048       3441   gps_config.o
      2038        748        273         22       4096      15614   jt808_packager.o
      2024       1100        284          8       4096       9373   jt808_parser.o
      1132        394          0          0          0      13010   main.o
       120         14          0          0          0       1583   misc.o
        36          8        304          0      20480        860   startup_stm32f10x_hd.o
       416         28          0          0          0       6008   stm32f10x_dma.o
       170          0          0          0          0       2555   stm32f10x_gpio.o
        20          0          0          0          0       3839   stm32f10x_it.o
       312         48          0         20          0       6388   stm32f10x_rcc.o
       234         42          0          0          0       4227   stm32f10x_tim.o
       544         26          0          0          0       7899   stm32f10x_usart.o
       260         26          0          0          0     260157   system_stm32f10x.o
       880        434          0         86          0       5812   terminal_register.o
       760         80          0          4       2048       6769   usart2.o
       308         32          0          0          0       3353   util.o

    ----------------------------------------------------------------------
     11336       3802        988        148      33056     364737   Object Totals
         0          0         32          0          0          0   (incl. Generated)
        14          0          2          5          0          0   (incl. Padding)

    ----------------------------------------------------------------------

      Code (inc. data)   RO Data    RW Data    ZI Data      Debug   Library Member Name

         0          0          0          0          0          0   entry.o
         0          0          0          0          0          0   entry10a.o
         0          0          0          0          0          0   entry11a.o
         8          4          0          0          0          0   entry2.o
         4          0          0          0          0          0   entry5.o
         0          0          0          0          0          0   entry7b.o
         0          0          0          0          0          0   entry8b.o
         8          4          0          0          0          0   entry9a.o
        30          0          0          0          0          0   handlers.o
        36          8          0          0          0         68   init.o
         0          0          0          0          0          0   iusefp.o
        30          0          0          0          0         68   llshl.o
        36          0          0          0          0         68   llsshr.o
        32          0          0          0          0         68   llushr.o
       188         20          0          0          0        160   malloc.o
        36          0          0          0          0         68   memcpya.o
        36          0          0          0          0        108   memseta.o
         0          0          0          8          0          0   mvars.o
      2344        102          0          0          0        684   printfa.o
         0          0          0          4          0          0   stdout.o
        14          0          0          0          0         68   strlen.o
        36          0          0          0          0         80   strstr.o
        44          0          0          0          0         80   uidiv.o
        98          0          0          0          0         92   uldiv.o
        48          0          0          0          0         68   cdrcmple.o
       334          0          0          0          0        148   dadd.o
       222          0          0          0          0        100   ddiv.o
       186          0          0          0          0        176   depilogue.o
        50          0          0          0          0         76   dfixui.o
        48          0          0          0          0         68   dfixul.o
       228          0          0          0          0         96   dmul.o
        40          0          0          0          0         68   ffixui.o
       100          0          0          0          0         76   fmul.o

    ----------------------------------------------------------------------
      4240        138          0         12          0       2488   Library Totals
         4          0          0          0          0          0   (incl. Padding)

    ----------------------------------------------------------------------

      Code (inc. data)   RO Data    RW Data    ZI Data      Debug   Library Name

      2980        138          0         12          0       1612   mc_w.l
      1256          0          0          0          0        876   mf_w.l

    ----------------------------------------------------------------------
      4240        138          0         12          0       2488   Library Totals

    ----------------------------------------------------------------------

==============================================================================


      Code (inc. data)   RO Data    RW Data    ZI Data      Debug   

     15576       3940        988        160      33056     359993   Grand Totals
     15576       3940        988        160      33056     359993   ELF Image Totals
     15576       3940        988        160          0          0   ROM Totals

==============================================================================

    Total RO  Size (Code + RO Data)                16564 (  16.18kB)
    Total RW  Size (RW Data + ZI Data)             33216 (  32.44kB)
    Total ROM Size (Code + RO Data + RW Data)      16724 (  16.33kB)

==============================================================================

