Component: ARM Compiler 5.06 update 3 (build 300) Tool: armlink [4d35c9]

==============================================================================

Section Cross References

    startup_stm32f10x_hd.o(RESET) refers to startup_stm32f10x_hd.o(STACK) for __initial_sp
    startup_stm32f10x_hd.o(RESET) refers to startup_stm32f10x_hd.o(.text) for Reset_Handler
    startup_stm32f10x_hd.o(RESET) refers to stm32f10x_it.o(i.NMI_Handler) for NMI_Handler
    startup_stm32f10x_hd.o(RESET) refers to stm32f10x_it.o(i.HardFault_Handler) for HardFault_Handler
    startup_stm32f10x_hd.o(RESET) refers to stm32f10x_it.o(i.MemManage_Handler) for MemManage_Handler
    startup_stm32f10x_hd.o(RESET) refers to stm32f10x_it.o(i.BusFault_Handler) for BusFault_Handler
    startup_stm32f10x_hd.o(RESET) refers to stm32f10x_it.o(i.UsageFault_Handler) for UsageFault_Handler
    startup_stm32f10x_hd.o(RESET) refers to stm32f10x_it.o(i.SVC_Handler) for SVC_Handler
    startup_stm32f10x_hd.o(RESET) refers to stm32f10x_it.o(i.DebugMon_Handler) for DebugMon_Handler
    startup_stm32f10x_hd.o(RESET) refers to stm32f10x_it.o(i.PendSV_Handler) for PendSV_Handler
    startup_stm32f10x_hd.o(RESET) refers to stm32f10x_it.o(i.DMA1_Channel3_IRQHandler) for DMA1_Channel3_IRQHandler
    startup_stm32f10x_hd.o(RESET) refers to main.o(i.TIM3_IRQHandler) for TIM3_IRQHandler
    startup_stm32f10x_hd.o(RESET) refers to usart2.o(i.TIM4_IRQHandler) for TIM4_IRQHandler
    startup_stm32f10x_hd.o(RESET) refers to usart.o(i.USART1_IRQHandler) for USART1_IRQHandler
    startup_stm32f10x_hd.o(RESET) refers to usart2.o(i.USART2_IRQHandler) for USART2_IRQHandler
    startup_stm32f10x_hd.o(.text) refers to system_stm32f10x.o(i.SystemInit) for SystemInit
    startup_stm32f10x_hd.o(.text) refers to entry.o(.ARM.Collect$$$$00000000) for __main
    system_stm32f10x.o(i.SetSysClock) refers to system_stm32f10x.o(i.SetSysClockTo72) for SetSysClockTo72
    system_stm32f10x.o(i.SystemCoreClockUpdate) refers to system_stm32f10x.o(.data) for .data
    system_stm32f10x.o(i.SystemInit) refers to system_stm32f10x.o(i.SetSysClock) for SetSysClock
    stm32f10x_adc.o(i.ADC_DeInit) refers to stm32f10x_rcc.o(i.RCC_APB2PeriphResetCmd) for RCC_APB2PeriphResetCmd
    stm32f10x_bkp.o(i.BKP_DeInit) refers to stm32f10x_rcc.o(i.RCC_BackupResetCmd) for RCC_BackupResetCmd
    stm32f10x_can.o(i.CAN_DeInit) refers to stm32f10x_rcc.o(i.RCC_APB1PeriphResetCmd) for RCC_APB1PeriphResetCmd
    stm32f10x_can.o(i.CAN_GetITStatus) refers to stm32f10x_can.o(i.CheckITStatus) for CheckITStatus
    stm32f10x_cec.o(i.CEC_DeInit) refers to stm32f10x_rcc.o(i.RCC_APB1PeriphResetCmd) for RCC_APB1PeriphResetCmd
    stm32f10x_dac.o(i.DAC_DeInit) refers to stm32f10x_rcc.o(i.RCC_APB1PeriphResetCmd) for RCC_APB1PeriphResetCmd
    stm32f10x_flash.o(i.FLASH_EnableWriteProtection) refers to stm32f10x_flash.o(i.FLASH_WaitForLastOperation) for FLASH_WaitForLastOperation
    stm32f10x_flash.o(i.FLASH_EraseAllBank1Pages) refers to stm32f10x_flash.o(i.FLASH_WaitForLastBank1Operation) for FLASH_WaitForLastBank1Operation
    stm32f10x_flash.o(i.FLASH_EraseAllPages) refers to stm32f10x_flash.o(i.FLASH_WaitForLastOperation) for FLASH_WaitForLastOperation
    stm32f10x_flash.o(i.FLASH_EraseOptionBytes) refers to stm32f10x_flash.o(i.FLASH_GetReadOutProtectionStatus) for FLASH_GetReadOutProtectionStatus
    stm32f10x_flash.o(i.FLASH_EraseOptionBytes) refers to stm32f10x_flash.o(i.FLASH_WaitForLastOperation) for FLASH_WaitForLastOperation
    stm32f10x_flash.o(i.FLASH_ErasePage) refers to stm32f10x_flash.o(i.FLASH_WaitForLastOperation) for FLASH_WaitForLastOperation
    stm32f10x_flash.o(i.FLASH_ProgramHalfWord) refers to stm32f10x_flash.o(i.FLASH_WaitForLastOperation) for FLASH_WaitForLastOperation
    stm32f10x_flash.o(i.FLASH_ProgramOptionByteData) refers to stm32f10x_flash.o(i.FLASH_WaitForLastOperation) for FLASH_WaitForLastOperation
    stm32f10x_flash.o(i.FLASH_ProgramWord) refers to stm32f10x_flash.o(i.FLASH_WaitForLastOperation) for FLASH_WaitForLastOperation
    stm32f10x_flash.o(i.FLASH_ReadOutProtection) refers to stm32f10x_flash.o(i.FLASH_WaitForLastOperation) for FLASH_WaitForLastOperation
    stm32f10x_flash.o(i.FLASH_UserOptionByteConfig) refers to stm32f10x_flash.o(i.FLASH_WaitForLastOperation) for FLASH_WaitForLastOperation
    stm32f10x_flash.o(i.FLASH_WaitForLastBank1Operation) refers to stm32f10x_flash.o(i.FLASH_GetBank1Status) for FLASH_GetBank1Status
    stm32f10x_flash.o(i.FLASH_WaitForLastOperation) refers to stm32f10x_flash.o(i.FLASH_GetBank1Status) for FLASH_GetBank1Status
    stm32f10x_gpio.o(i.GPIO_AFIODeInit) refers to stm32f10x_rcc.o(i.RCC_APB2PeriphResetCmd) for RCC_APB2PeriphResetCmd
    stm32f10x_gpio.o(i.GPIO_DeInit) refers to stm32f10x_rcc.o(i.RCC_APB2PeriphResetCmd) for RCC_APB2PeriphResetCmd
    stm32f10x_i2c.o(i.I2C_DeInit) refers to stm32f10x_rcc.o(i.RCC_APB1PeriphResetCmd) for RCC_APB1PeriphResetCmd
[...]
    i.nmea_BDGSV2info                        0x08004f98   Section        0  parse.o(i.nmea_BDGSV2info)
    i.nmea_GNGGA2info                        0x0800500c   Section        0  parse.o(i.nmea_GNGGA2info)
    i.nmea_GNGLL2info                        0x08005072   Section        0  parse.o(i.nmea_GNGLL2info)
    i.nmea_GNRMC2info                        0x080050ec   Section        0  parse.o(i.nmea_GNRMC2info)
    i.nmea_GNVTG2info                        0x08005190   Section        0  parse.o(i.nmea_GNVTG2info)
    i.nmea_GNZDA2info                        0x080051c2   Section        0  parse.o(i.nmea_GNZDA2info)
    i.nmea_GPGGA2info                        0x080051da   Section        0  parse.o(i.nmea_GPGGA2info)
    i.nmea_GPGSA2info                        0x0800523c   Section        0  parse.o(i.nmea_GPGSA2info)
    i.nmea_GPGSV2info                        0x080052aa   Section        0  parse.o(i.nmea_GPGSV2info)
    i.nmea_GPRMC2info                        0x0800531c   Section        0  parse.o(i.nmea_GPRMC2info)
    i.nmea_GPTXT2info                        0x080053b0   Section        0  parse.o(i.nmea_GPTXT2info)
    i.nmea_GPVTG2info                        0x08005440   Section        0  parse.o(i.nmea_GPVTG2info)
    i.nmea_atof                              0x08005462   Section        0  tok.o(i.nmea_atof)
    i.nmea_atoi                              0x0800548e   Section        0  tok.o(i.nmea_atoi)
    i.nmea_decode_test                       0x080054bc   Section        0  nema_decode_test.o(i.nmea_decode_test)
    i.nmea_error                             0x080057cc   Section        0  context.o(i.nmea_error)
    i.nmea_find_tail                         0x0800580a   Section        0  parse.o(i.nmea_find_tail)
    i.nmea_info                              0x08005886   Section        0  context.o(i.nmea_info)
    i.nmea_ndeg2degree                       0x080058c4   Section        0  gmath.o(i.nmea_ndeg2degree)
    i.nmea_pack_type                         0x08005920   Section        0  parse.o(i.nmea_pack_type)
    i.nmea_parse                             0x08005a24   Section        0  parser.o(i.nmea_parse)
    i.nmea_parse_BDGSA                       0x08005b1c   Section        0  parse.o(i.nmea_parse_BDGSA)
    i.nmea_parse_BDGSV                       0x08005bf0   Section        0  parse.o(i.nmea_parse_BDGSV)
    i.nmea_parse_GNGGA                       0x08005cac   Section        0  parse.o(i.nmea_parse_GNGGA)
    i.nmea_parse_GNGLL                       0x08005da0   Section        0  parse.o(i.nmea_parse_GNGLL)
    i.nmea_parse_GNRMC                       0x08005e60   Section        0  parse.o(i.nmea_parse_GNRMC)
    i.nmea_parse_GNVTG                       0x08005f58   Section        0  parse.o(i.nmea_parse_GNVTG)
    i.nmea_parse_GNZDA                       0x0800603c   Section        0  parse.o(i.nmea_parse_GNZDA)
    i.nmea_parse_GPGGA                       0x080060fc   Section        0  parse.o(i.nmea_parse_GPGGA)
    i.nmea_parse_GPGSA                       0x080061f0   Section        0  parse.o(i.nmea_parse_GPGSA)
    i.nmea_parse_GPGSV                       0x080062c4   Section        0  parse.o(i.nmea_parse_GPGSV)
    i.nmea_parse_GPRMC                       0x08006380   Section        0  parse.o(i.nmea_parse_GPRMC)
    i.nmea_parse_GPTXT                       0x08006478   Section        0  parse.o(i.nmea_parse_GPTXT)
    i.nmea_parse_GPVTG                       0x080064ec   Section        0  parse.o(i.nmea_parse_GPVTG)
    i.nmea_parser_buff_clear                 0x080065c8   Section        0  parser.o(i.nmea_parser_buff_clear)
    i.nmea_parser_init                       0x080065d2   Section        0  parser.o(i.nmea_parser_init)
    i.nmea_parser_pop                        0x080065f0   Section        0  parser.o(i.nmea_parser_pop)
    i.nmea_parser_push                       0x08006614   Section        0  parser.o(i.nmea_parser_push)
    i.nmea_parser_real_push                  0x08006644   Section        0  parser.o(i.nmea_parser_real_push)
    i.nmea_property                          0x08006a38   Section        0  context.o(i.nmea_property)
    i.nmea_scanf                             0x08006a40   Section        0  tok.o(i.nmea_scanf)
    i.nmea_time_now                          0x08006bf4   Section        0  time.o(i.nmea_time_now)
    i.nmea_trace_buff                        0x08006c0a   Section        0  context.o(i.nmea_trace_buff)
    i.nmea_zero_INFO                         0x08006c26   Section        0  info.o(i.nmea_zero_INFO)
    i.packagingMessage                       0x08006c44   Section        0  client_manager.o(i.packagingMessage)
    i.parsingMessage                         0x08006cbc   Section        0  client_manager.o(i.parsingMessage)
    i.setStatusBit                           0x08006fe0   Section        0  client_manager.o(i.setStatusBit)
    i.setTerminalPhoneNumber                 0x08006ff0   Section        0  client_manager.o(i.setTerminalPhoneNumber)
    i.strtod                                 0x08007014   Section        0  strtod.o(i.strtod)
    i.trace                                  0x08007030   Section        0  gps_config.o(i.trace)
    i.u2_printf                              0x08007070   Section        0  usart2.o(i.u2_printf)
    i.uart_init                              0x080070ac   Section        0  usart.o(i.uart_init)
    i.updateLocation                         0x08007150   Section        0  client_manager.o(i.updateLocation)
    .constdata                               0x080072a8   Section       15  client_manager.o(.constdata)
    __FUNCTION__                             0x080072a8   Data          15  client_manager.o(.constdata)
    .constdata                               0x080072b7   Section      273  jt808_packager.o(.constdata)
    __FUNCTION__                             0x080072b7   Data          32  jt808_packager.o(.constdata)
    __FUNCTION__                             0x080072d7   Data          26  jt808_packager.o(.constdata)
    __FUNCTION__                             0x080072f1   Data          25  jt808_packager.o(.constdata)
    __FUNCTION__                             0x0800730a   Data          23  jt808_packager.o(.constdata)
    __FUNCTION__                             0x08007321   Data          31  jt808_packager.o(.constdata)
    __FUNCTION__                             0x08007340   Data          38  jt808_packager.o(.constdata)
    __FUNCTION__                             0x08007366   Data          36  jt808_packager.o(.constdata)
    __FUNCTION__                             0x0800738a   Data          23  jt808_packager.o(.constdata)
    __FUNCTION__                             0x080073a1   Data          39  jt808_packager.o(.constdata)
    .constdata                               0x080073c8   Section      284  jt808_parser.o(.constdata)
    __FUNCTION__                             0x080073c8   Data          32  jt808_parser.o(.constdata)
    __FUNCTION__                             0x080073e8   Data          26  jt808_parser.o(.constdata)
    __FUNCTION__                             0x08007402   Data          33  jt808_parser.o(.constdata)
    __FUNCTION__                             0x08007423   Data          30  jt808_parser.o(.constdata)
    __FUNCTION__                             0x08007441   Data          30  jt808_parser.o(.constdata)
    __FUNCTION__                             0x0800745f   Data          38  jt808_parser.o(.constdata)
    __FUNCTION__                             0x08007485   Data          24  jt808_parser.o(.constdata)
    __FUNCTION__                             0x0800749d   Data          24  jt808_parser.o(.constdata)
    __FUNCTION__                             0x080074b5   Data          31  jt808_parser.o(.constdata)
    __FUNCTION__                             0x080074d4   Data          16  jt808_parser.o(.constdata)
    .constdata                               0x080074e4   Section      129  ctype_o.o(.constdata)
    .constdata                               0x08007568   Section        4  ctype_o.o(.constdata)
    table                                    0x08007568   Data           4  ctype_o.o(.constdata)
    .conststring                             0x0800756c   Section      238  parse.o(.conststring)
    .conststring                             0x0800765c   Section      148  client_manager.o(.conststring)
    .data                                    0x20000000   Section       20  system_stm32f10x.o(.data)
    .data                                    0x20000014   Section       20  stm32f10x_rcc.o(.data)
    ADCPrescTable                            0x20000014   Data           4  stm32f10x_rcc.o(.data)
    APBAHBPrescTable                         0x20000018   Data          16  stm32f10x_rcc.o(.data)
    .data                                    0x20000028   Section        2  gps_config.o(.data)
    .data                                    0x2000002a   Section        2  usart.o(.data)
    .data                                    0x2000002c   Section        4  usart.o(.data)
    .data                                    0x20000030   Section        1  key.o(.data)
    key_up                                   0x20000030   Data           1  key.o(.data)
    .data                                    0x20000032   Section        4  usart2.o(.data)
    i                                        0x20000032   Data           1  usart2.o(.data)
    .data                                    0x20000036   Section        2  ec20.o(.data)
    .data                                    0x20000038   Section       16  context.o(.data)
    prop                                     0x20000038   Data          16  context.o(.data)
    .data                                    0x20000048   Section       52  parse.o(.data)
    pheads                                   0x20000048   Data          52  parse.o(.data)
    .data                                    0x2000007c   Section        4  delay.o(.data)
    fac_us                                   0x2000007c   Data           1  delay.o(.data)
    fac_ms                                   0x2000007e   Data           2  delay.o(.data)
    .data                                    0x20000080   Section       18  jt808_packager.o(.data)
    .data                                    0x20000094   Section        4  jt808_packager.o(.data)
    .data                                    0x20000098   Section        4  jt808_parser.o(.data)
    .data                                    0x2000009c   Section       20  set_terminal_parameter.o(.data)
    .data                                    0x200000b0   Section        4  mvars.o(.data)
    .data                                    0x200000b4   Section        4  mvars.o(.data)
    .data                                    0x200000b8   Section        4  errno.o(.data)
    _errno                                   0x200000b8   Data           4  errno.o(.data)
    .bss                                     0x200000bc   Section       12  nema_decode_test.o(.bss)
    .bss                                     0x200000c8   Section     2048  gps_config.o(.bss)
    .bss                                     0x200008c8   Section      200  usart.o(.bss)
    .bss                                     0x20000990   Section    10240  usart2.o(.bss)
    .bss                                     0x20003190   Section      256  parse.o(.bss)
    .bss                                     0x20003290   Section      384  client_manager.o(.bss)
    .bss                                     0x20003410   Section     1024  jt808_packager.o(.bss)
    .bss                                     0x20003810   Section     1024  jt808_parser.o(.bss)
    HEAP                                     0x20003c10   Section     4096  startup_stm32f10x_hd.o(HEAP)
    STACK                                    0x20004c10   Section    16384  startup_stm32f10x_hd.o(STACK)

    Global Symbols

    Symbol Name                              Value     Ov Type        Size  Object(Section)

    BuildAttributes$$THM_ISAv4$P$D$K$B$S$PE$A:L22UL41UL21$X:L11$S22US41US21$IEEE1$IW$USESV6$~STKCKD$USESV7$~SHL$OTIME$ROPI$IEEEX$EBA8$MICROLIB$REQ8$PRES8$EABIv2 0x00000000   Number         0  anon$$obj.o ABSOLUTE
    __ARM_use_no_argv                        0x00000000   Number         0  main.o ABSOLUTE
    __use_no_errno                           0x00000000   Number         0  useno.o ABSOLUTE
    __use_no_exception_handling              0x00000000   Number         0  useno.o ABSOLUTE
    __use_no_fp                              0x00000000   Number         0  useno.o ABSOLUTE
    __use_no_heap                            0x00000000   Number         0  useno.o ABSOLUTE
    __use_no_heap_region                     0x00000000   Number         0  useno.o ABSOLUTE
    __use_no_semihosting                     0x00000000   Number         0  useno.o ABSOLUTE
    __use_no_semihosting_swi                 0x00000000   Number         0  useno.o ABSOLUTE
    __use_no_signal_handling                 0x00000000   Number         0  useno.o ABSOLUTE
    _printf_a                                0x00000000   Number         0  stubs.o ABSOLUTE
    _printf_c                                0x00000000   Number         0  stubs.o ABSOLUTE
    _printf_charcount                        0x00000000   Number         0  stubs.o ABSOLUTE
    _printf_d                                0x00000000   Number         0  stubs.o ABSOLUTE
    _printf_e                                0x00000000   Number         0  stubs.o ABSOLUTE
    _printf_f                                0x00000000   Number         0  stubs.o ABSOLUTE
    _printf_flags                            0x00000000   Number         0  stubs.o ABSOLUTE
    _printf_fp_dec                           0x00000000   Number         0  stubs.o ABSOLUTE
    _printf_fp_hex                           0x00000000   Number         0  stubs.o ABSOLUTE
    _printf_g                                0x00000000   Number         0  stubs.o ABSOLUTE
    _printf_i                                0x00000000   Number         0  stubs.o ABSOLUTE
    _printf_int_dec                          0x00000000   Number         0  stubs.o ABSOLUTE
    _printf_l                                0x00000000   Number         0  stubs.o ABSOLUTE
    _printf_lc                               0x00000000   Number         0  stubs.o ABSOLUTE
    _printf_ll                               0x00000000   Number         0  stubs.o ABSOLUTE
    _printf_lld                              0x00000000   Number         0  stubs.o ABSOLUTE
    _printf_lli                              0x00000000   Number         0  stubs.o ABSOLUTE
    _printf_llo                              0x00000000   Number         0  stubs.o ABSOLUTE
    _printf_llu                              0x00000000   Number         0  stubs.o ABSOLUTE
    _printf_llx                              0x00000000   Number         0  stubs.o ABSOLUTE
    _printf_longlong_dec                     0x00000000   Number         0  stubs.o ABSOLUTE
    _printf_longlong_hex                     0x00000000   Number         0  stubs.o ABSOLUTE
    _printf_longlong_oct                     0x00000000   Number         0  stubs.o ABSOLUTE
    _printf_ls                               0x00000000   Number         0  stubs.o ABSOLUTE
    _printf_mbtowc                           0x00000000   Number         0  stubs.o ABSOLUTE
    _printf_n                                0x00000000   Number         0  stubs.o ABSOLUTE
    _printf_o                                0x00000000   Number         0  stubs.o ABSOLUTE
    _printf_p                                0x00000000   Number         0  stubs.o ABSOLUTE
    _printf_percent                          0x00000000   Number         0  stubs.o ABSOLUTE
    _printf_pre_padding                      0x00000000   Number         0  stubs.o ABSOLUTE
    _printf_return_value                     0x00000000   Number         0  stubs.o ABSOLUTE
    _printf_s                                0x00000000   Number         0  stubs.o ABSOLUTE
    _printf_sizespec                         0x00000000   Number         0  stubs.o ABSOLUTE
    _printf_str                              0x00000000   Number         0  stubs.o ABSOLUTE
    _printf_truncate_signed                  0x00000000   Number         0  stubs.o ABSOLUTE
    _printf_truncate_unsigned                0x00000000   Number         0  stubs.o ABSOLUTE
    _printf_u                                0x00000000   Number         0  stubs.o ABSOLUTE
    _printf_wc                               0x00000000   Number         0  stubs.o ABSOLUTE
    _printf_wctomb                           0x00000000   Number         0  stubs.o ABSOLUTE
    _printf_widthprec                        0x00000000   Number         0  stubs.o ABSOLUTE
    _printf_x                                0x00000000   Number         0  stubs.o ABSOLUTE
    __cpp_initialize__aeabi_                  - Undefined Weak Reference
    __cxa_finalize                            - Undefined Weak Reference
    __decompress                              - Undefined Weak Reference
    _clock_init                               - Undefined Weak Reference
    _microlib_exit                            - Undefined Weak Reference
    __Vectors_Size                           0x00000130   Number         0  startup_stm32f10x_hd.o ABSOLUTE
    __Vectors                                0x08000000   Data           4  startup_stm32f10x_hd.o(RESET)
    __Vectors_End                            0x08000130   Data           0  startup_stm32f10x_hd.o(RESET)
    __main                                   0x08000131   Thumb Code     0  entry.o(.ARM.Collect$$$$00000000)
    _main_stk                                0x08000131   Thumb Code     0  entry2.o(.ARM.Collect$$$$00000001)
    _main_scatterload                        0x08000135   Thumb Code     0  entry5.o(.ARM.Collect$$$$00000004)
    __main_after_scatterload                 0x08000139   Thumb Code     0  entry5.o(.ARM.Collect$$$$00000004)
    _main_clock                              0x08000139   Thumb Code     0  entry7b.o(.ARM.Collect$$$$00000008)
    _main_cpp_init                           0x08000139   Thumb Code     0  entry8b.o(.ARM.Collect$$$$0000000A)
    _main_init                               0x08000139   Thumb Code     0  entry9a.o(.ARM.Collect$$$$0000000B)
    __rt_final_cpp                           0x08000141   Thumb Code     0  entry10a.o(.ARM.Collect$$$$0000000D)
    __rt_final_exit                          0x08000141   Thumb Code     0  entry11a.o(.ARM.Collect$$$$0000000F)
    Reset_Handler                            0x08000145   Thumb Code     8  startup_stm32f10x_hd.o(.text)
    SysTick_Handler                          0x0800015d   Thumb Code     2  startup_stm32f10x_hd.o(.text)
    ADC1_2_IRQHandler                        0x0800015f   Thumb Code     0  startup_stm32f10x_hd.o(.text)
    ADC3_IRQHandler                          0x0800015f   Thumb Code     0  startup_stm32f10x_hd.o(.text)
    CAN1_RX1_IRQHandler                      0x0800015f   Thumb Code     0  startup_stm32f10x_hd.o(.text)
    CAN1_SCE_IRQHandler                      0x0800015f   Thumb Code     0  startup_stm32f10x_hd.o(.text)
    DMA1_Channel1_IRQHandler                 0x0800015f   Thumb Code     0  startup_stm32f10x_hd.o(.text)
    DMA1_Channel2_IRQHandler                 0x0800015f   Thumb Code     0  startup_stm32f10x_hd.o(.text)
    DMA1_Channel4_IRQHandler                 0x0800015f   Thumb Code     0  startup_stm32f10x_hd.o(.text)
    DMA1_Channel5_IRQHandler                 0x0800015f   Thumb Code     0  startup_stm32f10x_hd.o(.text)
    DMA1_Channel6_IRQHandler                 0x0800015f   Thumb Code     0  startup_stm32f10x_hd.o(.text)
    DMA1_Channel7_IRQHandler                 0x0800015f   Thumb Code     0  startup_stm32f10x_hd.o(.text)
    DMA2_Channel1_IRQHandler                 0x0800015f   Thumb Code     0  startup_stm32f10x_hd.o(.text)
    DMA2_Channel2_IRQHandler                 0x0800015f   Thumb Code     0  startup_stm32f10x_hd.o(.text)
    DMA2_Channel3_IRQHandler                 0x0800015f   Thumb Code     0  startup_stm32f10x_hd.o(.text)
    DMA2_Channel4_5_IRQHandler               0x0800015f   Thumb Code     0  startup_stm32f10x_hd.o(.text)
    EXTI0_IRQHandler                         0x0800015f   Thumb Code     0  startup_stm32f10x_hd.o(.text)
    EXTI15_10_IRQHandler                     0x0800015f   Thumb Code     0  startup_stm32f10x_hd.o(.text)
    EXTI1_IRQHandler                         0x0800015f   Thumb Code     0  startup_stm32f10x_hd.o(.text)
    EXTI2_IRQHandler                         0x0800015f   Thumb Code     0  startup_stm32f10x_hd.o(.text)
    EXTI3_IRQHandler                         0x0800015f   Thumb Code     0  startup_stm32f10x_hd.o(.text)
    EXTI4_IRQHandler                         0x0800015f   Thumb Code     0  startup_stm32f10x_hd.o(.text)
    EXTI9_5_IRQHandler                       0x0800015f   Thumb Code     0  startup_stm32f10x_hd.o(.text)
    FLASH_IRQHandler                         0x0800015f   Thumb Code     0  startup_stm32f10x_hd.o(.text)
    FSMC_IRQHandler                          0x0800015f   Thumb Code     0  startup_stm32f10x_hd.o(.text)
    I2C1_ER_IRQHandler                       0x0800015f   Thumb Code     0  startup_stm32f10x_hd.o(.text)
    I2C1_EV_IRQHandler                       0x0800015f   Thumb Code     0  startup_stm32f10x_hd.o(.text)
    I2C2_ER_IRQHandler                       0x0800015f   Thumb Code     0  startup_stm32f10x_hd.o(.text)
    I2C2_EV_IRQHandler                       0x0800015f   Thumb Code     0  startup_stm32f10x_hd.o(.text)
    PVD_IRQHandler                           0x0800015f   Thumb Code     0  startup_stm32f10x_hd.o(.text)
    RCC_IRQHandler                           0x0800015f   Thumb Code     0  startup_stm32f10x_hd.o(.text)
    RTCAlarm_IRQHandler                      0x0800015f   Thumb Code     0  startup_stm32f10x_hd.o(.text)
    RTC_IRQHandler                           0x0800015f   Thumb Code     0  startup_stm32f10x_hd.o(.text)
    SDIO_IRQHandler                          0x0800015f   Thumb Code     0  startup_stm32f10x_hd.o(.text)
    SPI1_IRQHandler                          0x0800015f   Thumb Code     0  startup_stm32f10x_hd.o(.text)
    SPI2_IRQHandler                          0x0800015f   Thumb Code     0  startup_stm32f10x_hd.o(.text)
    SPI3_IRQHandler                          0x0800015f   Thumb Code     0  startup_stm32f10x_hd.o(.text)
    TAMPER_IRQHandler                        0x0800015f   Thumb Code     0  startup_stm32f10x_hd.o(.text)
    TIM1_BRK_IRQHandler                      0x0800015f   Thumb Code     0  startup_stm32f10x_hd.o(.text)
    TIM1_CC_IRQHandler                       0x0800015f   Thumb Code     0  startup_stm32f10x_hd.o(.text)
    TIM1_TRG_COM_IRQHandler                  0x0800015f   Thumb Code     0  startup_stm32f10x_hd.o(.text)
    TIM1_UP_IRQHandler                       0x0800015f   Thumb Code     0  startup_stm32f10x_hd.o(.text)
    TIM2_IRQHandler                          0x0800015f   Thumb Code     0  startup_stm32f10x_hd.o(.text)
    TIM5_IRQHandler                          0x0800015f   Thumb Code     0  startup_stm32f10x_hd.o(.text)
    TIM6_IRQHandler                          0x0800015f   Thumb Code     0  startup_stm32f10x_hd.o(.text)
    TIM7_IRQHandler                          0x0800015f   Thumb Code     0  startup_stm32f10x_hd.o(.text)
    TIM8_BRK_IRQHandler                      0x0800015f   Thumb Code     0  startup_stm32f10x_hd.o(.text)
    TIM8_CC_IRQHandler                       0x0800015f   Thumb Code     0  startup_stm32f10x_hd.o(.text)
    TIM8_TRG_COM_IRQHandler                  0x0800015f   Thumb Code     0  startup_stm32f10x_hd.o(.text)
    TIM8_UP_IRQHandler                       0x0800015f   Thumb Code     0  startup_stm32f10x_hd.o(.text)
    UART4_IRQHandler                         0x0800015f   Thumb Code     0  startup_stm32f10x_hd.o(.text)
    UART5_IRQHandler                         0x0800015f   Thumb Code     0  startup_stm32f10x_hd.o(.text)
    USART3_IRQHandler                        0x0800015f   Thumb Code     0  startup_stm32f10x_hd.o(.text)
    USBWakeUp_IRQHandler                     0x0800015f   Thumb Code     0  startup_stm32f10x_hd.o(.text)
    USB_HP_CAN1_TX_IRQHandler                0x0800015f   Thumb Code     0  startup_stm32f10x_hd.o(.text)
    USB_LP_CAN1_RX0_IRQHandler               0x0800015f   Thumb Code     0  startup_stm32f10x_hd.o(.text)
    WWDG_IRQHandler                          0x0800015f   Thumb Code     0  startup_stm32f10x_hd.o(.text)
    __aeabi_uldivmod                         0x08000169   Thumb Code    98  uldiv.o(.text)
    __rt_ctype_table                         0x080001cd   Thumb Code     4  ctype_o.o(.text)
    isspace                                  0x080001d5   Thumb Code    18  isspace_o.o(.text)
    __aeabi_memcpy                           0x080001e7   Thumb Code    36  memcpya.o(.text)
    __aeabi_memcpy4                          0x080001e7   Thumb Code     0  memcpya.o(.text)
    __aeabi_memcpy8                          0x080001e7   Thumb Code     0  memcpya.o(.text)
    __aeabi_memset                           0x0800020b   Thumb Code    14  memseta.o(.text)
    __aeabi_memset4                          0x0800020b   Thumb Code     0  memseta.o(.text)
    __aeabi_memset8                          0x0800020b   Thumb Code     0  memseta.o(.text)
    __aeabi_memclr                           0x08000219   Thumb Code     4  memseta.o(.text)
    __aeabi_memclr4                          0x08000219   Thumb Code     0  memseta.o(.text)
    __aeabi_memclr8                          0x08000219   Thumb Code     0  memseta.o(.text)
    _memset$wrapper                          0x0800021d   Thumb Code    18  memseta.o(.text)
    strstr                                   0x0800022f   Thumb Code    36  strstr.o(.text)
    strlen                                   0x08000253   Thumb Code    14  strlen.o(.text)
    memchr                                   0x08000261   Thumb Code    20  memchr.o(.text)
    memcmp                                   0x08000275   Thumb Code    26  memcmp.o(.text)
    strtol                                   0x0800028f   Thumb Code   112  strtol.o(.text)
    __aeabi_fmul                             0x080002ff   Thumb Code   100  fmul.o(.text)
    __aeabi_dadd                             0x08000363   Thumb Code   322  dadd.o(.text)
    __aeabi_dsub                             0x080004a5   Thumb Code     6  dadd.o(.text)
    __aeabi_drsub                            0x080004ab   Thumb Code     6  dadd.o(.text)
    __aeabi_dmul                             0x080004b1   Thumb Code   228  dmul.o(.text)
    __aeabi_ddiv                             0x08000595   Thumb Code   222  ddiv.o(.text)
    __aeabi_i2d                              0x08000673   Thumb Code    34  dflti.o(.text)
    __aeabi_f2uiz                            0x08000695   Thumb Code    40  ffixui.o(.text)
    __aeabi_d2iz                             0x080006bd   Thumb Code    62  dfixi.o(.text)
    __aeabi_d2uiz                            0x080006fb   Thumb Code    50  dfixui.o(.text)
    __aeabi_cdrcmple                         0x0800072d   Thumb Code    48  cdrcmple.o(.text)
    __aeabi_d2f                              0x0800075d   Thumb Code    56  d2f.o(.text)
    __aeabi_uidiv                            0x08000795   Thumb Code     0  uidiv.o(.text)
    __aeabi_uidivmod                         0x08000795   Thumb Code    44  uidiv.o(.text)
    __aeabi_llsl                             0x080007c1   Thumb Code    30  llshl.o(.text)
    _ll_shift_l                              0x080007c1   Thumb Code     0  llshl.o(.text)
    __aeabi_llsr                             0x080007df   Thumb Code    32  llushr.o(.text)
    _ll_ushift_r                             0x080007df   Thumb Code     0  llushr.o(.text)
    __aeabi_lasr                             0x080007ff   Thumb Code    36  llsshr.o(.text)
    _ll_sshift_r                             0x080007ff   Thumb Code     0  llsshr.o(.text)
    _strtoul                                 0x08000823   Thumb Code   158  _strtoul.o(.text)
    __strtod_int                             0x080008f7   Thumb Code    90  strtod.o(.text)
    __I$use$fp                               0x0800095d   Thumb Code     0  iusefp.o(.text)
    _float_round                             0x0800095d   Thumb Code    18  fepilogue.o(.text)
    _float_epilogue                          0x0800096f   Thumb Code    92  fepilogue.o(.text)
    _double_round                            0x080009cb   Thumb Code    30  depilogue.o(.text)
    _double_epilogue                         0x080009e9   Thumb Code   156  depilogue.o(.text)
    __aeabi_d2ulz                            0x08000a85   Thumb Code    48  dfixul.o(.text)
    __scatterload                            0x08000ab5   Thumb Code    28  init.o(.text)
    __scatterload_rt2                        0x08000ab5   Thumb Code     0  init.o(.text)
    _chval                                   0x08000ad9   Thumb Code    28  _chval.o(.text)
    _scanf_real                              0x08000bf5   Thumb Code     0  scanf_fp.o(.text)
    _scanf_really_real                       0x08000bf5   Thumb Code   556  scanf_fp.o(.text)
    _sgetc                                   0x08000e2d   Thumb Code    30  _sgetc.o(.text)
    _sbackspace                              0x08000e4b   Thumb Code    34  _sgetc.o(.text)
    __aeabi_ul2d                             0x08000e6d   Thumb Code    24  dfltul.o(.text)
    BccCheckSum                              0x08000e85   Thumb Code    22  util.o(i.BccCheckSum)
    BcdToHex                                 0x08000e9b   Thumb Code    18  bcd.o(i.BcdToHex)
    BusFault_Handler                         0x08000ead   Thumb Code     2  stm32f10x_it.o(i.BusFault_Handler)
    DMA1_Channel3_IRQHandler                 0x08000eaf   Thumb Code     4  stm32f10x_it.o(i.DMA1_Channel3_IRQHandler)
    DMA_ClearFlag                            0x08000eb5   Thumb Code    16  stm32f10x_dma.o(i.DMA_ClearFlag)
    DMA_Cmd                                  0x08000ecd   Thumb Code    26  stm32f10x_dma.o(i.DMA_Cmd)
    DMA_DeInit                               0x08000ee9   Thumb Code   238  stm32f10x_dma.o(i.DMA_DeInit)
    DMA_GetITStatus                          0x08000fe1   Thumb Code    26  stm32f10x_dma.o(i.DMA_GetITStatus)
    DMA_ITConfig                             0x08001005   Thumb Code    20  stm32f10x_dma.o(i.DMA_ITConfig)
    DMA_Init                                 0x08001019   Thumb Code    58  stm32f10x_dma.o(i.DMA_Init)
    DMA_SetCurrDataCounter                   0x08001053   Thumb Code     4  stm32f10x_dma.o(i.DMA_SetCurrDataCounter)
    DebugMon_Handler                         0x08001057   Thumb Code     2  stm32f10x_it.o(i.DebugMon_Handler)
    EndianSwap16                             0x08001059   Thumb Code    10  util.o(i.EndianSwap16)
    EndianSwap32                             0x08001063   Thumb Code    24  util.o(i.EndianSwap32)
    Escape_C                                 0x0800107b   Thumb Code   108  util.o(i.Escape_C)
    FLASH_ClearFlag                          0x080010e9   Thumb Code     6  stm32f10x_flash.o(i.FLASH_ClearFlag)
    FLASH_ErasePage                          0x080010f5   Thumb Code    56  stm32f10x_flash.o(i.FLASH_ErasePage)
    FLASH_GetBank1Status                     0x08001131   Thumb Code    34  stm32f10x_flash.o(i.FLASH_GetBank1Status)
    FLASH_Lock                               0x08001159   Thumb Code    12  stm32f10x_flash.o(i.FLASH_Lock)
    FLASH_ProgramHalfWord                    0x08001169   Thumb Code    48  stm32f10x_flash.o(i.FLASH_ProgramHalfWord)
    FLASH_Unlock                             0x0800119d   Thumb Code    12  stm32f10x_flash.o(i.FLASH_Unlock)
    FLASH_WaitForLastOperation               0x080011b5   Thumb Code    32  stm32f10x_flash.o(i.FLASH_WaitForLastOperation)
    FLASH_WriteByte                          0x080011d5   Thumb Code    58  bsp_internal_flash.o(i.FLASH_WriteByte)
    GMTconvert                               0x0800120f   Thumb Code   324  gps_config.o(i.GMTconvert)
    GPIO_Init                                0x08001353   Thumb Code   166  stm32f10x_gpio.o(i.GPIO_Init)
    GPIO_ReadInputDataBit                    0x080013f9   Thumb Code    14  stm32f10x_gpio.o(i.GPIO_ReadInputDataBit)
    GPS_Config                               0x08001407   Thumb Code    14  gps_config.o(i.GPS_Config)
    GPS_ProcessDMAIRQ                        0x080014ad   Thumb Code    58  gps_config.o(i.GPS_ProcessDMAIRQ)
    HardFault_Handler                        0x08001571   Thumb Code     2  stm32f10x_it.o(i.HardFault_Handler)
    HexToBcd                                 0x08001573   Thumb Code    22  bcd.o(i.HexToBcd)
    Internal_ReadFlash                       0x08001589   Thumb Code    18  bsp_internal_flash.o(i.Internal_ReadFlash)
    KEY_Scan                                 0x080015c9   Thumb Code   160  key.o(i.KEY_Scan)
    MemManage_Handler                        0x08001675   Thumb Code     2  stm32f10x_it.o(i.MemManage_Handler)
    NMI_Handler                              0x08001677   Thumb Code     2  stm32f10x_it.o(i.NMI_Handler)
    NVIC_Configuration                       0x08001679   Thumb Code     8  sys.o(i.NVIC_Configuration)
    NVIC_Init                                0x08001681   Thumb Code    96  misc.o(i.NVIC_Init)
    NVIC_PriorityGroupConfig                 0x080016e5   Thumb Code    10  misc.o(i.NVIC_PriorityGroupConfig)
    PendSV_Handler                           0x080016f9   Thumb Code     2  stm32f10x_it.o(i.PendSV_Handler)
    RCC_AHBPeriphClockCmd                    0x080016fd   Thumb Code    22  stm32f10x_rcc.o(i.RCC_AHBPeriphClockCmd)
    RCC_APB1PeriphClockCmd                   0x08001719   Thumb Code    22  stm32f10x_rcc.o(i.RCC_APB1PeriphClockCmd)
    RCC_APB1PeriphResetCmd                   0x08001735   Thumb Code    22  stm32f10x_rcc.o(i.RCC_APB1PeriphResetCmd)
    RCC_APB2PeriphClockCmd                   0x08001751   Thumb Code    22  stm32f10x_rcc.o(i.RCC_APB2PeriphClockCmd)
    RCC_APB2PeriphResetCmd                   0x0800176d   Thumb Code    22  stm32f10x_rcc.o(i.RCC_APB2PeriphResetCmd)
    RCC_GetClocksFreq                        0x08001789   Thumb Code   154  stm32f10x_rcc.o(i.RCC_GetClocksFreq)
    ReverseEscape_C                          0x08001835   Thumb Code   112  util.o(i.ReverseEscape_C)
    SVC_Handler                              0x080018cd   Thumb Code     2  stm32f10x_it.o(i.SVC_Handler)
    SysTick_CLKSourceConfig                  0x08001985   Thumb Code    28  misc.o(i.SysTick_CLKSourceConfig)
    SystemInit                               0x080019a1   Thumb Code    64  system_stm32f10x.o(i.SystemInit)
    TIM3_IRQHandler                          0x080019f1   Thumb Code    34  main.o(i.TIM3_IRQHandler)
    TIM4_IRQHandler                          0x08001a19   Thumb Code    94  usart2.o(i.TIM4_IRQHandler)
    TIM4_Init                                0x08001a85   Thumb Code    82  usart2.o(i.TIM4_Init)
    TIM4_Set                                 0x08001add   Thumb Code    42  usart2.o(i.TIM4_Set)
    TIM4_SetARR                              0x08001b0d   Thumb Code    30  usart2.o(i.TIM4_SetARR)
    TIM_ClearITPendingBit                    0x08001b31   Thumb Code     6  stm32f10x_tim.o(i.TIM_ClearITPendingBit)
    TIM_Cmd                                  0x08001b37   Thumb Code    24  stm32f10x_tim.o(i.TIM_Cmd)
    TIM_GetITStatus                          0x08001b4f   Thumb Code    24  stm32f10x_tim.o(i.TIM_GetITStatus)
    TIM_ITConfig                             0x08001b67   Thumb Code    20  stm32f10x_tim.o(i.TIM_ITConfig)
    TIM_SetCounter                           0x08001b7b   Thumb Code     4  stm32f10x_tim.o(i.TIM_SetCounter)
    TIM_TimeBaseInit                         0x08001b81   Thumb Code   114  stm32f10x_tim.o(i.TIM_TimeBaseInit)
    UART_DMA_Config                          0x08001c1d   Thumb Code    66  usart2.o(i.UART_DMA_Config)
    UART_DMA_Enable                          0x08001c5f   Thumb Code    34  usart2.o(i.UART_DMA_Enable)
    USART1_IRQHandler                        0x08001c81   Thumb Code    92  usart.o(i.USART1_IRQHandler)
    USART2_IRQHandler                        0x08001ce9   Thumb Code    74  usart2.o(i.USART2_IRQHandler)
    USART2_Init                              0x08001d45   Thumb Code   208  usart2.o(i.USART2_Init)
    USART_Cmd                                0x08001e29   Thumb Code    24  stm32f10x_usart.o(i.USART_Cmd)
    USART_DMACmd                             0x08001e41   Thumb Code    20  stm32f10x_usart.o(i.USART_DMACmd)
    USART_DeInit                             0x08001e55   Thumb Code   144  stm32f10x_usart.o(i.USART_DeInit)
    USART_GetFlagStatus                      0x08001ef9   Thumb Code    14  stm32f10x_usart.o(i.USART_GetFlagStatus)
    USART_GetITStatus                        0x08001f07   Thumb Code    64  stm32f10x_usart.o(i.USART_GetITStatus)
    USART_ITConfig                           0x08001f47   Thumb Code    54  stm32f10x_usart.o(i.USART_ITConfig)
    USART_Init                               0x08001f7d   Thumb Code   182  stm32f10x_usart.o(i.USART_Init)
    USART_ReceiveData                        0x08002039   Thumb Code     8  stm32f10x_usart.o(i.USART_ReceiveData)
    USART_SendData                           0x08002041   Thumb Code     8  stm32f10x_usart.o(i.USART_SendData)
    UsageFault_Handler                       0x08002049   Thumb Code     2  stm32f10x_it.o(i.UsageFault_Handler)
    Usart_SendStr_length                     0x08002063   Thumb Code    30  usart2.o(i.Usart_SendStr_length)
    __0printf                                0x08002081   Thumb Code    22  printfa.o(i.__0printf)
    __1printf                                0x08002081   Thumb Code     0  printfa.o(i.__0printf)
    __2printf$full                           0x08002081   Thumb Code     0  printfa.o(i.__0printf)
    __c89printf                              0x08002081   Thumb Code     0  printfa.o(i.__0printf)
    printf                                   0x08002081   Thumb Code     0  printfa.o(i.__0printf)
    __0printf$8                              0x080020a1   Thumb Code    22  printf8.o(i.__0printf$8)
    __1printf$8                              0x080020a1   Thumb Code     0  printf8.o(i.__0printf$8)
    __2printf                                0x080020a1   Thumb Code     0  printf8.o(i.__0printf$8)
    __0sprintf$8                             0x080020c1   Thumb Code    34  printf8.o(i.__0sprintf$8)
    __1sprintf$8                             0x080020c1   Thumb Code     0  printf8.o(i.__0sprintf$8)
    __2sprintf                               0x080020c1   Thumb Code     0  printf8.o(i.__0sprintf$8)
    __0vsnprintf                             0x080020e9   Thumb Code    40  printfa.o(i.__0vsnprintf)
    __1vsnprintf                             0x080020e9   Thumb Code     0  printfa.o(i.__0vsnprintf)
    __2vsnprintf                             0x080020e9   Thumb Code     0  printfa.o(i.__0vsnprintf)
    __c89vsnprintf                           0x080020e9   Thumb Code     0  printfa.o(i.__0vsnprintf)
    vsnprintf                                0x080020e9   Thumb Code     0  printfa.o(i.__0vsnprintf)
    __0vsprintf                              0x08002115   Thumb Code    30  printfa.o(i.__0vsprintf)
    __1vsprintf                              0x08002115   Thumb Code     0  printfa.o(i.__0vsprintf)
    __2vsprintf                              0x08002115   Thumb Code     0  printfa.o(i.__0vsprintf)
    __c89vsprintf                            0x08002115   Thumb Code     0  printfa.o(i.__0vsprintf)
    vsprintf                                 0x08002115   Thumb Code     0  printfa.o(i.__0vsprintf)
    __aeabi_errno_addr                       0x08002139   Thumb Code     4  errno.o(i.__aeabi_errno_addr)
    __rt_errno_addr                          0x08002139   Thumb Code     0  errno.o(i.__aeabi_errno_addr)
    __scatterload_copy                       0x08002141   Thumb Code    14  handlers.o(i.__scatterload_copy)
    __scatterload_null                       0x0800214f   Thumb Code     2  handlers.o(i.__scatterload_null)
    __scatterload_zeroinit                   0x08002151   Thumb Code    14  handlers.o(i.__scatterload_zeroinit)
    _is_digit                                0x080022e5   Thumb Code    14  scanf_fp.o(i._is_digit)
    _nmea_parse_time                         0x080022f5   Thumb Code    94  parse.o(i._nmea_parse_time)
    bufferSendChangeByte                     0x08002f51   Thumb Code    38  jt808_packager.o(i.bufferSendChangeByte)
    bufferSendPushByte                       0x08002f81   Thumb Code    14  jt808_packager.o(i.bufferSendPushByte)
    bufferSendPushBytes                      0x08002f99   Thumb Code    34  jt808_packager.o(i.bufferSendPushBytes)
    clearBufferSend                          0x08002fbd   Thumb Code    20  jt808_packager.o(i.clearBufferSend)
    copyU16ToU8ArrayToBufferSend             0x08002fd9   Thumb Code     6  jt808_packager.o(i.copyU16ToU8ArrayToBufferSend)
    copyU32ToU8ArrayToBufferSend             0x08002fdf   Thumb Code     6  jt808_packager.o(i.copyU32ToU8ArrayToBufferSend)
    delay_init                               0x08002fe5   Thumb Code    46  delay.o(i.delay_init)
    delay_ms                                 0x08003021   Thumb Code    46  delay.o(i.delay_ms)
    ec20_check_cmd                           0x08003055   Thumb Code    28  ec20.o(i.ec20_check_cmd)
    ec20_init                                0x08003079   Thumb Code   292  client_manager.o(i.ec20_init)
    ec20_send_cmd                            0x08003251   Thumb Code   204  ec20.o(i.ec20_send_cmd)
    error                                    0x0800333d   Thumb Code    42  gps_config.o(i.error)
    findMsgIDFromTerminalPackagerCMD         0x0800337d   Thumb Code    28  client_manager.o(i.findMsgIDFromTerminalPackagerCMD)
    findParameterIDFromArray                 0x0800339d   Thumb Code    28  client_manager.o(i.findParameterIDFromArray)
    fputc                                    0x080033bd   Thumb Code    18  usart.o(i.fputc)
    free                                     0x080033d5   Thumb Code    76  malloc.o(i.free)
    gps_info                                 0x08003425   Thumb Code    42  gps_config.o(i.gps_info)
    handle_CarPlateColor                     0x08003465   Thumb Code    84  set_terminal_parameter.o(i.handle_CarPlateColor)
    handle_CarPlateNum                       0x080034bd   Thumb Code   108  set_terminal_parameter.o(i.handle_CarPlateNum)
    handle_CityID                            0x0800352d   Thumb Code   106  set_terminal_parameter.o(i.handle_CityID)
    handle_CornerPointRetransmissionAngle    0x0800359d   Thumb Code   104  set_terminal_parameter.o(i.handle_CornerPointRetransmissionAngle)
    handle_DefaultTimeReportTimeInterval     0x08003609   Thumb Code   104  set_terminal_parameter.o(i.handle_DefaultTimeReportTimeInterval)
    handle_HeartBeatInterval                 0x08003675   Thumb Code   104  set_terminal_parameter.o(i.handle_HeartBeatInterval)
    handle_MainServerAddress                 0x080036e1   Thumb Code   108  set_terminal_parameter.o(i.handle_MainServerAddress)
    handle_MaxSpeed                          0x08003751   Thumb Code   104  set_terminal_parameter.o(i.handle_MaxSpeed)
    handle_ProvinceID                        0x080037bd   Thumb Code   106  set_terminal_parameter.o(i.handle_ProvinceID)
    handle_ServerPort                        0x0800382d   Thumb Code   104  set_terminal_parameter.o(i.handle_ServerPort)
    handle_kFillPacketRequest                0x08003899   Thumb Code    18  jt808_parser.o(i.handle_kFillPacketRequest)
    handle_kGetLocationInformation           0x080038c9   Thumb Code    18  jt808_parser.o(i.handle_kGetLocationInformation)
    handle_kGetLocationInformationResponse   0x0800390d   Thumb Code    18  jt808_packager.o(i.handle_kGetLocationInformationResponse)
    handle_kGetSpecificTerminalParameters    0x0800393d   Thumb Code    18  jt808_parser.o(i.handle_kGetSpecificTerminalParameters)
    handle_kGetTerminalParameters            0x08003985   Thumb Code    18  jt808_parser.o(i.handle_kGetTerminalParameters)
    handle_kGetTerminalParametersResponse    0x080039c9   Thumb Code    18  jt808_packager.o(i.handle_kGetTerminalParametersResponse)
    handle_kLocationReport                   0x080039f9   Thumb Code   230  jt808_packager.o(i.handle_kLocationReport)
    handle_kPlatformGeneralResponse          0x08003b09   Thumb Code    98  jt808_parser.o(i.handle_kPlatformGeneralResponse)
    handle_kSetTerminalParameters            0x08003c39   Thumb Code   142  jt808_parser.o(i.handle_kSetTerminalParameters)
    handle_kTerminalAuthentication           0x08003cfd   Thumb Code    38  jt808_packager.o(i.handle_kTerminalAuthentication)
    handle_kTerminalControl                  0x08003d51   Thumb Code    18  jt808_parser.o(i.handle_kTerminalControl)
    handle_kTerminalHeartBeat                0x08003d8d   Thumb Code    16  jt808_packager.o(i.handle_kTerminalHeartBeat)
    handle_kTerminalLogOut                   0x08003dd9   Thumb Code    16  jt808_packager.o(i.handle_kTerminalLogOut)
    handle_kTerminalRegister                 0x08003e25   Thumb Code   122  jt808_packager.o(i.handle_kTerminalRegister)
    handle_kTerminalRegisterResponse         0x08003ecd   Thumb Code   126  jt808_parser.o(i.handle_kTerminalRegisterResponse)
    handle_kTerminalUpgrade                  0x08004005   Thumb Code    18  jt808_parser.o(i.handle_kTerminalUpgrade)
    handle_kTerminalUpgradeResultReport      0x0800404d   Thumb Code    18  jt808_packager.o(i.handle_kTerminalUpgradeResultReport)
    initLocationInfo                         0x0800407d   Thumb Code    38  client_manager.o(i.initLocationInfo)
    initRegisterInfo                         0x080040fd   Thumb Code   180  terminal_register.o(i.initRegisterInfo)
    initSystemParameters                     0x080042b1   Thumb Code    64  client_manager.o(i.initSystemParameters)
    jt808BcdToStringCompress                 0x08004325   Thumb Code    66  bcd.o(i.jt808BcdToStringCompress)
    jt808FrameBodyPackage                    0x08004369   Thumb Code   166  jt808_packager.o(i.jt808FrameBodyPackage)
    jt808FrameBodyParse                      0x08004445   Thumb Code   166  jt808_parser.o(i.jt808FrameBodyParse)
    jt808FrameHeadPackage                    0x0800451d   Thumb Code   124  jt808_packager.o(i.jt808FrameHeadPackage)
    jt808FrameHeadParse                      0x08004599   Thumb Code   162  jt808_parser.o(i.jt808FrameHeadParse)
    jt808FramePackage                        0x08004729   Thumb Code   108  jt808_packager.o(i.jt808FramePackage)
    jt808FrameParse                          0x080047d1   Thumb Code   228  jt808_parser.o(i.jt808FrameParse)
    jt808LocationReport                      0x080049a1   Thumb Code    32  client_manager.o(i.jt808LocationReport)
    jt808MsgBodyLengthFix                    0x080049e5   Thumb Code    54  jt808_packager.o(i.jt808MsgBodyLengthFix)
    jt808MsgEscape                           0x08004a25   Thumb Code    88  jt808_packager.o(i.jt808MsgEscape)
    jt808ParameterSettingParse               0x08004a85   Thumb Code   136  set_terminal_parameter.o(i.jt808ParameterSettingParse)
    jt808SetFrameFlagHeader                  0x08004b0d   Thumb Code     8  jt808_packager.o(i.jt808SetFrameFlagHeader)
    jt808StringToBcdCompress                 0x08004b15   Thumb Code    68  bcd.o(i.jt808StringToBcdCompress)
    jt808TerminalAuthentication              0x08004b59   Thumb Code   148  client_manager.o(i.jt808TerminalAuthentication)
    jt808TerminalRegister                    0x08004c51   Thumb Code   148  client_manager.o(i.jt808TerminalRegister)
    main                                     0x08004d45   Thumb Code   292  main.o(i.main)
    malloc                                   0x08004ebd   Thumb Code    92  malloc.o(i.malloc)
    nmea_BDGSA2info                          0x08004f29   Thumb Code   112  parse.o(i.nmea_BDGSA2info)
    nmea_BDGSV2info                          0x08004f99   Thumb Code   116  parse.o(i.nmea_BDGSV2info)
    nmea_GNGGA2info                          0x0800500d   Thumb Code   102  parse.o(i.nmea_GNGGA2info)
    nmea_GNGLL2info                          0x08005073   Thumb Code   122  parse.o(i.nmea_GNGLL2info)
    nmea_GNRMC2info                          0x080050ed   Thumb Code   156  parse.o(i.nmea_GNRMC2info)
    nmea_GNVTG2info                          0x08005191   Thumb Code    50  parse.o(i.nmea_GNVTG2info)
    nmea_GNZDA2info                          0x080051c3   Thumb Code    24  parse.o(i.nmea_GNZDA2info)
    nmea_GPGGA2info                          0x080051db   Thumb Code    98  parse.o(i.nmea_GPGGA2info)
    nmea_GPGSA2info                          0x0800523d   Thumb Code   110  parse.o(i.nmea_GPGSA2info)
    nmea_GPGSV2info                          0x080052ab   Thumb Code   114  parse.o(i.nmea_GPGSV2info)
    nmea_GPRMC2info                          0x0800531d   Thumb Code   140  parse.o(i.nmea_GPRMC2info)
    nmea_GPTXT2info                          0x080053b1   Thumb Code    62  parse.o(i.nmea_GPTXT2info)
    nmea_GPVTG2info                          0x08005441   Thumb Code    34  parse.o(i.nmea_GPVTG2info)
    nmea_atof                                0x08005463   Thumb Code    44  tok.o(i.nmea_atof)
    nmea_atoi                                0x0800548f   Thumb Code    46  tok.o(i.nmea_atoi)
    nmea_decode_test                         0x080054bd   Thumb Code   534  nema_decode_test.o(i.nmea_decode_test)
    nmea_error                               0x080057cd   Thumb Code    62  context.o(i.nmea_error)
    nmea_find_tail                           0x0800580b   Thumb Code   124  parse.o(i.nmea_find_tail)
    nmea_info                                0x08005887   Thumb Code    62  context.o(i.nmea_info)
    nmea_ndeg2degree                         0x080058c5   Thumb Code    84  gmath.o(i.nmea_ndeg2degree)
    nmea_pack_type                           0x08005921   Thumb Code   254  parse.o(i.nmea_pack_type)
    nmea_parse                               0x08005a25   Thumb Code   248  parser.o(i.nmea_parse)
    nmea_parse_BDGSA                         0x08005b1d   Thumb Code   130  parse.o(i.nmea_parse_BDGSA)
    nmea_parse_BDGSV                         0x08005bf1   Thumb Code   164  parse.o(i.nmea_parse_BDGSV)
    nmea_parse_GNGGA                         0x08005cad   Thumb Code   146  parse.o(i.nmea_parse_GNGGA)
    nmea_parse_GNGLL                         0x08005da1   Thumb Code   116  parse.o(i.nmea_parse_GNGLL)
    nmea_parse_GNRMC                         0x08005e61   Thumb Code   152  parse.o(i.nmea_parse_GNRMC)
    nmea_parse_GNVTG                         0x08005f59   Thumb Code   134  parse.o(i.nmea_parse_GNVTG)
    nmea_parse_GNZDA                         0x0800603d   Thumb Code   114  parse.o(i.nmea_parse_GNZDA)
    nmea_parse_GPGGA                         0x080060fd   Thumb Code   146  parse.o(i.nmea_parse_GPGGA)
    nmea_parse_GPGSA                         0x080061f1   Thumb Code   130  parse.o(i.nmea_parse_GPGSA)
    nmea_parse_GPGSV                         0x080062c5   Thumb Code   164  parse.o(i.nmea_parse_GPGSV)
    nmea_parse_GPRMC                         0x08006381   Thumb Code   152  parse.o(i.nmea_parse_GPRMC)
    nmea_parse_GPTXT                         0x08006479   Thumb Code    68  parse.o(i.nmea_parse_GPTXT)
    nmea_parse_GPVTG                         0x080064ed   Thumb Code   132  parse.o(i.nmea_parse_GPVTG)
    nmea_parser_buff_clear                   0x080065c9   Thumb Code    10  parser.o(i.nmea_parser_buff_clear)
    nmea_parser_init                         0x080065d3   Thumb Code    30  parser.o(i.nmea_parser_init)
    nmea_parser_pop                          0x080065f1   Thumb Code    36  parser.o(i.nmea_parser_pop)
    nmea_parser_push                         0x08006615   Thumb Code    46  parser.o(i.nmea_parser_push)
    nmea_parser_real_push                    0x08006645   Thumb Code   988  parser.o(i.nmea_parser_real_push)
    nmea_property                            0x08006a39   Thumb Code     4  context.o(i.nmea_property)
    nmea_scanf                               0x08006a41   Thumb Code   436  tok.o(i.nmea_scanf)
    nmea_time_now                            0x08006bf5   Thumb Code    22  time.o(i.nmea_time_now)
    nmea_trace_buff                          0x08006c0b   Thumb Code    28  context.o(i.nmea_trace_buff)
    nmea_zero_INFO                           0x08006c27   Thumb Code    30  info.o(i.nmea_zero_INFO)
    packagingMessage                         0x08006c45   Thumb Code    66  client_manager.o(i.packagingMessage)
    parsingMessage                           0x08006cbd   Thumb Code   232  client_manager.o(i.parsingMessage)
    setStatusBit                             0x08006fe1   Thumb Code    12  client_manager.o(i.setStatusBit)
    setTerminalPhoneNumber                   0x08006ff1   Thumb Code    30  client_manager.o(i.setTerminalPhoneNumber)
    strtod                                   0x08007015   Thumb Code    28  strtod.o(i.strtod)
    trace                                    0x08007031   Thumb Code    42  gps_config.o(i.trace)
    u2_printf                                0x08007071   Thumb Code    50  usart2.o(i.u2_printf)
    uart_init                                0x080070ad   Thumb Code   156  usart.o(i.uart_init)
    updateLocation                           0x08007151   Thumb Code   164  client_manager.o(i.updateLocation)
    __ctype_table                            0x080074e4   Data         129  ctype_o.o(.constdata)
    Region$$Table$$Base                      0x080076f0   Number         0  anon$$obj.o(Region$$Table)
    Region$$Table$$Limit                     0x08007710   Number         0  anon$$obj.o(Region$$Table)
    SystemCoreClock                          0x20000000   Data           4  system_stm32f10x.o(.data)
    AHBPrescTable                            0x20000004   Data          16  system_stm32f10x.o(.data)
    GPS_TransferEnd                          0x20000028   Data           1  gps_config.o(.data)
    GPS_HalfTransferEnd                      0x20000029   Data           1  gps_config.o(.data)
    USART_RX_STA                             0x2000002a   Data           2  usart.o(.data)
    __stdout                                 0x2000002c   Data           4  usart.o(.data)
    USART2_RX_STA                            0x20000034   Data           2  usart2.o(.data)
    Scan_Wtime                               0x20000036   Data           1  ec20.o(.data)
    BT_Scan_mode                             0x20000037   Data           1  ec20.o(.data)
    kTerminalPackagerCMD                     0x20000080   Data          18  jt808_packager.o(.data)
    RealBufferSendSize                       0x20000094   Data           4  jt808_packager.o(.data)
    RealBufferReceiveSize                    0x20000098   Data           4  jt808_parser.o(.data)
    kParameterSettingCMD                     0x2000009c   Data          20  set_terminal_parameter.o(.data)
    __microlib_freelist                      0x200000b0   Data           4  mvars.o(.data)
    __microlib_freelist_initialised          0x200000b4   Data           4  mvars.o(.data)
    bufTime                                  0x200000bc   Data          12  nema_decode_test.o(.bss)
    gps_rbuff                                0x200000c8   Data        2048  gps_config.o(.bss)
    USART_RX_BUF                             0x200008c8   Data         200  usart.o(.bss)
    USART2_TX_BUF                            0x20000990   Data        5120  usart2.o(.bss)
    USART2_RX_BUF                            0x20001d90   Data        5120  usart2.o(.bss)
    txt_buff                                 0x20003190   Data         256  parse.o(.bss)
    parameter_                               0x20003290   Data         384  client_manager.o(.bss)
    BufferSend                               0x20003410   Data        1024  jt808_packager.o(.bss)
    BufferReceive                            0x20003810   Data        1024  jt808_parser.o(.bss)
    __heap_base                              0x20003c10   Data           0  startup_stm32f10x_hd.o(HEAP)
    __heap_limit                             0x20004c10   Data           0  startup_stm32f10x_hd.o(HEAP)
    __initial_sp                             0x20008c10   Data           0  startup_stm32f10x_hd.o(STACK)



==============================================================================

Memory Map of the image

  Image Entry point : 0x08000131

  Load Region LR_IROM1 (Base: 0x08000000, Size: 0x000077cc, Max: 0x00040000, ABSOLUTE)

    Execution Region ER_IROM1 (Base: 0x08000000, Size: 0x00007710, Max: 0x00040000, ABSOLUTE)

    Base Addr    Size         Type   Attr      Idx    E Section Name        Object

    0x08000000   0x00000130   Data   RO            3    RESET               startup_stm32f10x_hd.o
    0x08000130   0x00000000   Code   RO         5895  * .ARM.Collect$$$$00000000  mc_w.l(entry.o)
    0x08000130   0x00000004   Code   RO         6299    .ARM.Collect$$$$00000001  mc_w.l(entry2.o)
    0x08000134   0x00000004   Code   RO         6302    .ARM.Collect$$$$00000004  mc_w.l(entry5.o)
    0x08000138   0x00000000   Code   RO         6304    .ARM.Collect$$$$00000008  mc_w.l(entry7b.o)
    0x08000138   0x00000000   Code   RO         6306    .ARM.Collect$$$$0000000A  mc_w.l(entry8b.o)
    0x08000138   0x00000008   Code   RO         6307    .ARM.Collect$$$$0000000B  mc_w.l(entry9a.o)
    0x08000140   0x00000000   Code   RO         6309    .ARM.Collect$$$$0000000D  mc_w.l(entry10a.o)
    0x08000140   0x00000000   Code   RO         6311    .ARM.Collect$$$$0000000F  mc_w.l(entry11a.o)
    0x08000140   0x00000004   Code   RO         6300    .ARM.Collect$$$$00002712  mc_w.l(entry2.o)
    0x08000144   0x00000024   Code   RO            4    .text               startup_stm32f10x_hd.o
    0x08000168   0x00000062   Code   RO         5898    .text               mc_w.l(uldiv.o)
    0x080001ca   0x00000002   PAD
    0x080001cc   0x00000008   Code   RO         5900    .text               mc_w.l(ctype_o.o)
    0x080001d4   0x00000012   Code   RO         5922    .text               mc_w.l(isspace_o.o)
    0x080001e6   0x00000024   Code   RO         5931    .text               mc_w.l(memcpya.o)
    0x0800020a   0x00000024   Code   RO         5933    .text               mc_w.l(memseta.o)
    0x0800022e   0x00000024   Code   RO         5935    .text               mc_w.l(strstr.o)
    0x08000252   0x0000000e   Code   RO         5937    .text               mc_w.l(strlen.o)
    0x08000260   0x00000014   Code   RO         5939    .text               mc_w.l(memchr.o)
    0x08000274   0x0000001a   Code   RO         5941    .text               mc_w.l(memcmp.o)
    0x0800028e   0x00000070   Code   RO         6234    .text               mc_w.l(strtol.o)
    0x080002fe   0x00000064   Code   RO         6236    .text               mf_w.l(fmul.o)
    0x08000362   0x0000014e   Code   RO         6238    .text               mf_w.l(dadd.o)
    0x080004b0   0x000000e4   Code   RO         6240    .text               mf_w.l(dmul.o)
    0x08000594   0x000000de   Code   RO         6242    .text               mf_w.l(ddiv.o)
    0x08000672   0x00000022   Code   RO         6246    .text               mf_w.l(dflti.o)
    0x08000694   0x00000028   Code   RO         6248    .text               mf_w.l(ffixui.o)
    0x080006bc   0x0000003e   Code   RO         6250    .text               mf_w.l(dfixi.o)
    0x080006fa   0x00000032   Code   RO         6252    .text               mf_w.l(dfixui.o)
    0x0800072c   0x00000030   Code   RO         6256    .text               mf_w.l(cdrcmple.o)
    0x0800075c   0x00000038   Code   RO         6258    .text               mf_w.l(d2f.o)
    0x08000794   0x0000002c   Code   RO         6313    .text               mc_w.l(uidiv.o)
    0x080007c0   0x0000001e   Code   RO         6315    .text               mc_w.l(llshl.o)
    0x080007de   0x00000020   Code   RO         6317    .text               mc_w.l(llushr.o)
    0x080007fe   0x00000024   Code   RO         6319    .text               mc_w.l(llsshr.o)
    0x08000822   0x0000009e   Code   RO         6330    .text               mc_w.l(_strtoul.o)
    0x080008c0   0x0000009c   Code   RO         6332    .text               mc_w.l(strtod.o)
    0x0800095c   0x00000000   Code   RO         6334    .text               mc_w.l(iusefp.o)
    0x0800095c   0x0000006e   Code   RO         6335    .text               mf_w.l(fepilogue.o)
    0x080009ca   0x000000ba   Code   RO         6337    .text               mf_w.l(depilogue.o)
    0x08000a84   0x00000030   Code   RO         6341    .text               mf_w.l(dfixul.o)
    0x08000ab4   0x00000024   Code   RO         6343    .text               mc_w.l(init.o)
    0x08000ad8   0x0000001c   Code   RO         6347    .text               mc_w.l(_chval.o)
    0x08000af4   0x00000338   Code   RO         6349    .text               mc_w.l(scanf_fp.o)
    0x08000e2c   0x00000040   Code   RO         6353    .text               mc_w.l(_sgetc.o)
    0x08000e6c   0x00000018   Code   RO         6360    .text               mf_w.l(dfltul.o)
    0x08000e84   0x00000016   Code   RO         4961    i.BccCheckSum       util.o
    0x08000e9a   0x00000012   Code   RO         4554    i.BcdToHex          bcd.o
    0x08000eac   0x00000002   Code   RO         3253    i.BusFault_Handler  stm32f10x_it.o
    0x08000eae   0x00000004   Code   RO         3254    i.DMA1_Channel3_IRQHandler  stm32f10x_it.o
    0x08000eb2   0x00000002   PAD
    0x08000eb4   0x00000018   Code   RO          866    i.DMA_ClearFlag     stm32f10x_dma.o
    0x08000ecc   0x0000001a   Code   RO          868    i.DMA_Cmd           stm32f10x_dma.o
    0x08000ee6   0x00000002   PAD
    0x08000ee8   0x000000f8   Code   RO          869    i.DMA_DeInit        stm32f10x_dma.o
    0x08000fe0   0x00000024   Code   RO          872    i.DMA_GetITStatus   stm32f10x_dma.o
    0x08001004   0x00000014   Code   RO          873    i.DMA_ITConfig      stm32f10x_dma.o
    0x08001018   0x0000003a   Code   RO          874    i.DMA_Init          stm32f10x_dma.o
    0x08001052   0x00000004   Code   RO          875    i.DMA_SetCurrDataCounter  stm32f10x_dma.o
    0x08001056   0x00000002   Code   RO         3255    i.DebugMon_Handler  stm32f10x_it.o
    0x08001058   0x0000000a   Code   RO         4962    i.EndianSwap16      util.o
    0x08001062   0x00000018   Code   RO         4963    i.EndianSwap32      util.o
    0x0800107a   0x0000006c   Code   RO         4964    i.Escape_C          util.o
    0x080010e6   0x00000002   PAD
    0x080010e8   0x0000000c   Code   RO          992    i.FLASH_ClearFlag   stm32f10x_flash.o
    0x080010f4   0x0000003c   Code   RO          997    i.FLASH_ErasePage   stm32f10x_flash.o
    0x08001130   0x00000028   Code   RO          998    i.FLASH_GetBank1Status  stm32f10x_flash.o
    0x08001158   0x00000010   Code   RO         1007    i.FLASH_Lock        stm32f10x_flash.o
    0x08001168   0x00000034   Code   RO         1010    i.FLASH_ProgramHalfWord  stm32f10x_flash.o
    0x0800119c   0x00000018   Code   RO         1015    i.FLASH_Unlock      stm32f10x_flash.o
    0x080011b4   0x00000020   Code   RO         1019    i.FLASH_WaitForLastOperation  stm32f10x_flash.o
    0x080011d4   0x0000003a   Code   RO         3639    i.FLASH_WriteByte   bsp_internal_flash.o
    0x0800120e   0x00000144   Code   RO         3335    i.GMTconvert        gps_config.o
    0x08001352   0x000000a6   Code   RO         1292    i.GPIO_Init         stm32f10x_gpio.o
    0x080013f8   0x0000000e   Code   RO         1296    i.GPIO_ReadInputDataBit  stm32f10x_gpio.o
    0x08001406   0x0000000e   Code   RO         3336    i.GPS_Config        gps_config.o
    0x08001414   0x00000070   Code   RO         3337    i.GPS_DMA_Config    gps_config.o
    0x08001484   0x00000028   Code   RO         3338    i.GPS_Interrupt_Config  gps_config.o
    0x080014ac   0x00000040   Code   RO         3339    i.GPS_ProcessDMAIRQ  gps_config.o
    0x080014ec   0x00000084   Code   RO         3340    i.GPS_USART_Config  gps_config.o
    0x08001570   0x00000002   Code   RO         3256    i.HardFault_Handler  stm32f10x_it.o
    0x08001572   0x00000016   Code   RO         4555    i.HexToBcd          bcd.o
    0x08001588   0x00000012   Code   RO         3640    i.Internal_ReadFlash  bsp_internal_flash.o
    0x0800159a   0x0000002c   Code   RO         3341    i.IsLeapYear        gps_config.o
    0x080015c6   0x00000002   PAD
    0x080015c8   0x000000ac   Code   RO         3466    i.KEY_Scan          key.o
    0x08001674   0x00000002   Code   RO         3257    i.MemManage_Handler  stm32f10x_it.o
    0x08001676   0x00000002   Code   RO         3258    i.NMI_Handler       stm32f10x_it.o
    0x08001678   0x00000008   Code   RO         4510    i.NVIC_Configuration  sys.o
    0x08001680   0x00000064   Code   RO          137    i.NVIC_Init         misc.o
    0x080016e4   0x00000014   Code   RO          138    i.NVIC_PriorityGroupConfig  misc.o
    0x080016f8   0x00000002   Code   RO         3259    i.PendSV_Handler    stm32f10x_it.o
    0x080016fa   0x00000002   PAD
    0x080016fc   0x0000001c   Code   RO         1707    i.RCC_AHBPeriphClockCmd  stm32f10x_rcc.o
    0x08001718   0x0000001c   Code   RO         1708    i.RCC_APB1PeriphClockCmd  stm32f10x_rcc.o
    0x08001734   0x0000001c   Code   RO         1709    i.RCC_APB1PeriphResetCmd  stm32f10x_rcc.o
    0x08001750   0x0000001c   Code   RO         1710    i.RCC_APB2PeriphClockCmd  stm32f10x_rcc.o
    0x0800176c   0x0000001c   Code   RO         1711    i.RCC_APB2PeriphResetCmd  stm32f10x_rcc.o
    0x08001788   0x000000ac   Code   RO         1718    i.RCC_GetClocksFreq  stm32f10x_rcc.o
    0x08001834   0x00000098   Code   RO         4965    i.ReverseEscape_C   util.o
    0x080018cc   0x00000002   Code   RO         3260    i.SVC_Handler       stm32f10x_it.o
    0x080018ce   0x00000004   Code   RO           24    i.SetSysClock       system_stm32f10x.o
    0x080018d2   0x00000002   PAD
    0x080018d4   0x000000b0   Code   RO           25    i.SetSysClockTo72   system_stm32f10x.o
    0x08001984   0x0000001c   Code   RO          141    i.SysTick_CLKSourceConfig  misc.o
    0x080019a0   0x00000050   Code   RO           27    i.SystemInit        system_stm32f10x.o
    0x080019f0   0x00000028   Code   RO         3108    i.TIM3_IRQHandler   main.o
    0x08001a18   0x0000006c   Code   RO         3488    i.TIM4_IRQHandler   usart2.o
    0x08001a84   0x00000058   Code   RO         3489    i.TIM4_Init         usart2.o
    0x08001adc   0x00000030   Code   RO         3490    i.TIM4_Set          usart2.o
    0x08001b0c   0x00000024   Code   RO         3491    i.TIM4_SetARR       usart2.o
    0x08001b30   0x00000006   Code   RO         2337    i.TIM_ClearITPendingBit  stm32f10x_tim.o
    0x08001b36   0x00000018   Code   RO         2342    i.TIM_Cmd           stm32f10x_tim.o
    0x08001b4e   0x00000018   Code   RO         2363    i.TIM_GetITStatus   stm32f10x_tim.o
    0x08001b66   0x00000014   Code   RO         2367    i.TIM_ITConfig      stm32f10x_tim.o
    0x08001b7a   0x00000004   Code   RO         2407    i.TIM_SetCounter    stm32f10x_tim.o
    0x08001b7e   0x00000002   PAD
    0x08001b80   0x0000009c   Code   RO         2413    i.TIM_TimeBaseInit  stm32f10x_tim.o
    0x08001c1c   0x00000042   Code   RO         3492    i.UART_DMA_Config   usart2.o
    0x08001c5e   0x00000022   Code   RO         3493    i.UART_DMA_Enable   usart2.o
    0x08001c80   0x00000068   Code   RO         3423    i.USART1_IRQHandler  usart.o
    0x08001ce8   0x0000005c   Code   RO         3494    i.USART2_IRQHandler  usart2.o
    0x08001d44   0x000000e4   Code   RO         3495    i.USART2_Init       usart2.o
    0x08001e28   0x00000018   Code   RO         2878    i.USART_Cmd         stm32f10x_usart.o
    0x08001e40   0x00000014   Code   RO         2879    i.USART_DMACmd      stm32f10x_usart.o
    0x08001e54   0x000000a4   Code   RO         2880    i.USART_DeInit      stm32f10x_usart.o
    0x08001ef8   0x0000000e   Code   RO         2881    i.USART_GetFlagStatus  stm32f10x_usart.o
    0x08001f06   0x00000040   Code   RO         2882    i.USART_GetITStatus  stm32f10x_usart.o
    0x08001f46   0x00000036   Code   RO         2884    i.USART_ITConfig    stm32f10x_usart.o
    0x08001f7c   0x000000bc   Code   RO         2885    i.USART_Init        stm32f10x_usart.o
    0x08002038   0x00000008   Code   RO         2892    i.USART_ReceiveData  stm32f10x_usart.o
    0x08002040   0x00000008   Code   RO         2895    i.USART_SendData    stm32f10x_usart.o
    0x08002048   0x00000002   Code   RO         3261    i.UsageFault_Handler  stm32f10x_it.o
    0x0800204a   0x00000018   Code   RO         3496    i.Usart_SendByte    usart2.o
    0x08002062   0x0000001e   Code   RO         3497    i.Usart_SendStr_length  usart2.o
    0x08002080   0x00000020   Code   RO         6178    i.__0printf         mc_w.l(printfa.o)
    0x080020a0   0x00000020   Code   RO         6152    i.__0printf$8       mc_w.l(printf8.o)
    0x080020c0   0x00000028   Code   RO         6154    i.__0sprintf$8      mc_w.l(printf8.o)
    0x080020e8   0x0000002c   Code   RO         6183    i.__0vsnprintf      mc_w.l(printfa.o)
    0x08002114   0x00000024   Code   RO         6184    i.__0vsprintf       mc_w.l(printfa.o)
    0x08002138   0x00000008   Code   RO         6323    i.__aeabi_errno_addr  mc_w.l(errno.o)
    0x08002140   0x0000000e   Code   RO         6364    i.__scatterload_copy  mc_w.l(handlers.o)
    0x0800214e   0x00000002   Code   RO         6365    i.__scatterload_null  mc_w.l(handlers.o)
    0x08002150   0x0000000e   Code   RO         6366    i.__scatterload_zeroinit  mc_w.l(handlers.o)
    0x0800215e   0x00000002   PAD
    0x08002160   0x00000184   Code   RO         6185    i._fp_digits        mc_w.l(printfa.o)
    0x080022e4   0x0000000e   Code   RO         6351    i._is_digit         mc_w.l(scanf_fp.o)
    0x080022f2   0x00000002   PAD
    0x080022f4   0x000000a0   Code   RO         4088    i._nmea_parse_time  parse.o
    0x08002394   0x00000410   Code   RO         6159    i._printf_core      mc_w.l(printf8.o)
    0x080027a4   0x000006dc   Code   RO         6186    i._printf_core      mc_w.l(printfa.o)
    0x08002e80   0x00000024   Code   RO         6160    i._printf_post_padding  mc_w.l(printf8.o)
    0x08002ea4   0x00000024   Code   RO         6187    i._printf_post_padding  mc_w.l(printfa.o)
    0x08002ec8   0x0000002e   Code   RO         6161    i._printf_pre_padding  mc_w.l(printf8.o)
    0x08002ef6   0x0000002e   Code   RO         6188    i._printf_pre_padding  mc_w.l(printfa.o)
    0x08002f24   0x00000016   Code   RO         6189    i._snputc           mc_w.l(printfa.o)
    0x08002f3a   0x0000000a   Code   RO         6163    i._sputc            mc_w.l(printf8.o)
    0x08002f44   0x0000000a   Code   RO         6190    i._sputc            mc_w.l(printfa.o)
    0x08002f4e   0x00000002   PAD
    0x08002f50   0x00000030   Code   RO         4696    i.bufferSendChangeByte  jt808_packager.o
    0x08002f80   0x00000018   Code   RO         4697    i.bufferSendPushByte  jt808_packager.o
    0x08002f98   0x00000022   Code   RO         4698    i.bufferSendPushBytes  jt808_packager.o
    0x08002fba   0x00000002   PAD
    0x08002fbc   0x0000001c   Code   RO         4699    i.clearBufferSend   jt808_packager.o
    0x08002fd8   0x00000006   Code   RO         4700    i.copyU16ToU8ArrayToBufferSend  jt808_packager.o
    0x08002fde   0x00000006   Code   RO         4701    i.copyU32ToU8ArrayToBufferSend  jt808_packager.o
    0x08002fe4   0x0000003c   Code   RO         4525    i.delay_init        delay.o
    0x08003020   0x00000034   Code   RO         4526    i.delay_ms          delay.o
    0x08003054   0x00000024   Code   RO         3588    i.ec20_check_cmd    ec20.o
    0x08003078   0x000001d8   Code   RO         4590    i.ec20_init         client_manager.o
    0x08003250   0x000000ec   Code   RO         3591    i.ec20_send_cmd     ec20.o
    0x0800333c   0x00000040   Code   RO         3342    i.error             gps_config.o
    0x0800337c   0x00000020   Code   RO         4591    i.findMsgIDFromTerminalPackagerCMD  client_manager.o
    0x0800339c   0x00000020   Code   RO         4592    i.findParameterIDFromArray  client_manager.o
    0x080033bc   0x00000018   Code   RO         3425    i.fputc             usart.o
    0x080033d4   0x00000050   Code   RO         6206    i.free              mc_w.l(malloc.o)
    0x08003424   0x00000040   Code   RO         3343    i.gps_info          gps_config.o
    0x08003464   0x00000058   Code   RO         5001    i.handle_CarPlateColor  set_terminal_parameter.o
    0x080034bc   0x00000070   Code   RO         5002    i.handle_CarPlateNum  set_terminal_parameter.o
    0x0800352c   0x00000070   Code   RO         5003    i.handle_CityID     set_terminal_parameter.o
    0x0800359c   0x0000006c   Code   RO         5004    i.handle_CornerPointRetransmissionAngle  set_terminal_parameter.o
    0x08003608   0x0000006c   Code   RO         5005    i.handle_DefaultTimeReportTimeInterval  set_terminal_parameter.o
    0x08003674   0x0000006c   Code   RO         5006    i.handle_HeartBeatInterval  set_terminal_parameter.o
    0x080036e0   0x00000070   Code   RO         5007    i.handle_MainServerAddress  set_terminal_parameter.o
    0x08003750   0x0000006c   Code   RO         5008    i.handle_MaxSpeed   set_terminal_parameter.o
    0x080037bc   0x00000070   Code   RO         5009    i.handle_ProvinceID  set_terminal_parameter.o
    0x0800382c   0x0000006c   Code   RO         5010    i.handle_ServerPort  set_terminal_parameter.o
    0x08003898   0x00000030   Code   RO         4840    i.handle_kFillPacketRequest  jt808_parser.o
    0x080038c8   0x00000044   Code   RO         4841    i.handle_kGetLocationInformation  jt808_parser.o
    0x0800390c   0x00000030   Code   RO         4702    i.handle_kGetLocationInformationResponse  jt808_packager.o
    0x0800393c   0x00000048   Code   RO         4842    i.handle_kGetSpecificTerminalParameters  jt808_parser.o
    0x08003984   0x00000044   Code   RO         4843    i.handle_kGetTerminalParameters  jt808_parser.o
    0x080039c8   0x00000030   Code   RO         4703    i.handle_kGetTerminalParametersResponse  jt808_packager.o
    0x080039f8   0x00000110   Code   RO         4704    i.handle_kLocationReport  jt808_packager.o
    0x08003b08   0x00000130   Code   RO         4844    i.handle_kPlatformGeneralResponse  jt808_parser.o
    0x08003c38   0x000000c4   Code   RO         4845    i.handle_kSetTerminalParameters  jt808_parser.o
    0x08003cfc   0x00000054   Code   RO         4705    i.handle_kTerminalAuthentication  jt808_packager.o
    0x08003d50   0x0000003c   Code   RO         4846    i.handle_kTerminalControl  jt808_parser.o
    0x08003d8c   0x0000004c   Code   RO         4707    i.handle_kTerminalHeartBeat  jt808_packager.o
    0x08003dd8   0x0000004c   Code   RO         4708    i.handle_kTerminalLogOut  jt808_packager.o
    0x08003e24   0x000000a8   Code   RO         4709    i.handle_kTerminalRegister  jt808_packager.o
    0x08003ecc   0x00000138   Code   RO         4847    i.handle_kTerminalRegisterResponse  jt808_parser.o
    0x08004004   0x00000048   Code   RO         4848    i.handle_kTerminalUpgrade  jt808_parser.o
    0x0800404c   0x00000030   Code   RO         4710    i.handle_kTerminalUpgradeResultReport  jt808_packager.o
    0x0800407c   0x00000080   Code   RO         4593    i.initLocationInfo  client_manager.o
    0x080040fc   0x000001b4   Code   RO         4946    i.initRegisterInfo  terminal_register.o
    0x080042b0   0x00000074   Code   RO         4594    i.initSystemParameters  client_manager.o
    0x08004324   0x00000042   Code   RO         4556    i.jt808BcdToStringCompress  bcd.o
    0x08004366   0x00000002   PAD
    0x08004368   0x000000dc   Code   RO         4711    i.jt808FrameBodyPackage  jt808_packager.o
    0x08004444   0x000000d8   Code   RO         4849    i.jt808FrameBodyParse  jt808_parser.o
    0x0800451c   0x0000007c   Code   RO         4712    i.jt808FrameHeadPackage  jt808_packager.o
    0x08004598   0x00000190   Code   RO         4850    i.jt808FrameHeadParse  jt808_parser.o
    0x08004728   0x000000a8   Code   RO         4713    i.jt808FramePackage  jt808_packager.o
    0x080047d0   0x000001d0   Code   RO         4851    i.jt808FrameParse   jt808_parser.o
    0x080049a0   0x00000044   Code   RO         4595    i.jt808LocationReport  client_manager.o
    0x080049e4   0x00000040   Code   RO         4714    i.jt808MsgBodyLengthFix  jt808_packager.o
    0x08004a24   0x00000060   Code   RO         4715    i.jt808MsgEscape    jt808_packager.o
    0x08004a84   0x00000088   Code   RO         5011    i.jt808ParameterSettingParse  set_terminal_parameter.o
    0x08004b0c   0x00000008   Code   RO         4716    i.jt808SetFrameFlagHeader  jt808_packager.o
    0x08004b14   0x00000044   Code   RO         4558    i.jt808StringToBcdCompress  bcd.o
    0x08004b58   0x000000f8   Code   RO         4596    i.jt808TerminalAuthentication  client_manager.o
    0x08004c50   0x000000f4   Code   RO         4597    i.jt808TerminalRegister  client_manager.o
    0x08004d44   0x00000178   Code   RO         3110    i.main              main.o
    0x08004ebc   0x0000006c   Code   RO         6207    i.malloc            mc_w.l(malloc.o)
    0x08004f28   0x00000070   Code   RO         4089    i.nmea_BDGSA2info   parse.o
    0x08004f98   0x00000074   Code   RO         4090    i.nmea_BDGSV2info   parse.o
    0x0800500c   0x00000066   Code   RO         4091    i.nmea_GNGGA2info   parse.o
    0x08005072   0x0000007a   Code   RO         4092    i.nmea_GNGLL2info   parse.o
    0x080050ec   0x000000a4   Code   RO         4093    i.nmea_GNRMC2info   parse.o
    0x08005190   0x00000032   Code   RO         4094    i.nmea_GNVTG2info   parse.o
    0x080051c2   0x00000018   Code   RO         4095    i.nmea_GNZDA2info   parse.o
    0x080051da   0x00000062   Code   RO         4096    i.nmea_GPGGA2info   parse.o
    0x0800523c   0x0000006e   Code   RO         4097    i.nmea_GPGSA2info   parse.o
    0x080052aa   0x00000072   Code   RO         4098    i.nmea_GPGSV2info   parse.o
    0x0800531c   0x00000094   Code   RO         4099    i.nmea_GPRMC2info   parse.o
    0x080053b0   0x00000090   Code   RO         4100    i.nmea_GPTXT2info   parse.o
    0x08005440   0x00000022   Code   RO         4101    i.nmea_GPVTG2info   parse.o
    0x08005462   0x0000002c   Code   RO         4457    i.nmea_atof         tok.o
    0x0800548e   0x0000002e   Code   RO         4458    i.nmea_atoi         tok.o
    0x080054bc   0x00000310   Code   RO         3320    i.nmea_decode_test  nema_decode_test.o
    0x080057cc   0x0000003e   Code   RO         3660    i.nmea_error        context.o
    0x0800580a   0x0000007c   Code   RO         4102    i.nmea_find_tail    parse.o
    0x08005886   0x0000003e   Code   RO         3661    i.nmea_info         context.o
    0x080058c4   0x0000005c   Code   RO         3972    i.nmea_ndeg2degree  gmath.o
    0x08005920   0x00000104   Code   RO         4103    i.nmea_pack_type    parse.o
    0x08005a24   0x000000f8   Code   RO         4283    i.nmea_parse        parser.o
    0x08005b1c   0x000000d4   Code   RO         4104    i.nmea_parse_BDGSA  parse.o
    0x08005bf0   0x000000bc   Code   RO         4105    i.nmea_parse_BDGSV  parse.o
    0x08005cac   0x000000f4   Code   RO         4106    i.nmea_parse_GNGGA  parse.o
    0x08005da0   0x000000c0   Code   RO         4107    i.nmea_parse_GNGLL  parse.o
    0x08005e60   0x000000f8   Code   RO         4108    i.nmea_parse_GNRMC  parse.o
    0x08005f58   0x000000e4   Code   RO         4109    i.nmea_parse_GNVTG  parse.o
    0x0800603c   0x000000c0   Code   RO         4110    i.nmea_parse_GNZDA  parse.o
    0x080060fc   0x000000f4   Code   RO         4111    i.nmea_parse_GPGGA  parse.o
    0x080061f0   0x000000d4   Code   RO         4112    i.nmea_parse_GPGSA  parse.o
    0x080062c4   0x000000bc   Code   RO         4113    i.nmea_parse_GPGSV  parse.o
    0x08006380   0x000000f8   Code   RO         4114    i.nmea_parse_GPRMC  parse.o
    0x08006478   0x00000074   Code   RO         4115    i.nmea_parse_GPTXT  parse.o
    0x080064ec   0x000000dc   Code   RO         4116    i.nmea_parse_GPVTG  parse.o
    0x080065c8   0x0000000a   Code   RO         4284    i.nmea_parser_buff_clear  parser.o
    0x080065d2   0x0000001e   Code   RO         4287    i.nmea_parser_init  parser.o
    0x080065f0   0x00000024   Code   RO         4289    i.nmea_parser_pop   parser.o
    0x08006614   0x0000002e   Code   RO         4290    i.nmea_parser_push  parser.o
    0x08006642   0x00000002   PAD
    0x08006644   0x000003f4   Code   RO         4292    i.nmea_parser_real_push  parser.o
    0x08006a38   0x00000008   Code   RO         3662    i.nmea_property     context.o
    0x08006a40   0x000001b4   Code   RO         4461    i.nmea_scanf        tok.o
    0x08006bf4   0x00000016   Code   RO         4439    i.nmea_time_now     time.o
    0x08006c0a   0x0000001c   Code   RO         3664    i.nmea_trace_buff   context.o
    0x08006c26   0x0000001e   Code   RO         4073    i.nmea_zero_INFO    info.o
    0x08006c44   0x00000078   Code   RO         4599    i.packagingMessage  client_manager.o
    0x08006cbc   0x00000324   Code   RO         4600    i.parsingMessage    client_manager.o
    0x08006fe0   0x00000010   Code   RO         4601    i.setStatusBit      client_manager.o
    0x08006ff0   0x00000024   Code   RO         4602    i.setTerminalPhoneNumber  client_manager.o
    0x08007014   0x0000001c   Code   RO         5884    i.strtod            m_ws.l(strtod.o)
    0x08007030   0x00000040   Code   RO         3344    i.trace             gps_config.o
    0x08007070   0x0000003c   Code   RO         3499    i.u2_printf         usart2.o
    0x080070ac   0x000000a4   Code   RO         3426    i.uart_init         usart.o
    0x08007150   0x00000158   Code   RO         4603    i.updateLocation    client_manager.o
    0x080072a8   0x0000000f   Data   RO         4605    .constdata          client_manager.o
    0x080072b7   0x00000111   Data   RO         4718    .constdata          jt808_packager.o
    0x080073c8   0x0000011c   Data   RO         4853    .constdata          jt808_parser.o
    0x080074e4   0x00000081   Data   RO         5901    .constdata          mc_w.l(ctype_o.o)
    0x08007565   0x00000003   PAD
    0x08007568   0x00000004   Data   RO         5902    .constdata          mc_w.l(ctype_o.o)
    0x0800756c   0x000000ee   Data   RO         4118    .conststring        parse.o
    0x0800765a   0x00000002   PAD
    0x0800765c   0x00000094   Data   RO         4606    .conststring        client_manager.o
    0x080076f0   0x00000020   Data   RO         6362    Region$$Table       anon$$obj.o


    Execution Region RW_IRAM1 (Base: 0x20000000, Size: 0x00008c10, Max: 0x0000c000, ABSOLUTE)

    Base Addr    Size         Type   Attr      Idx    E Section Name        Object

    0x20000000   0x00000014   Data   RW           28    .data               system_stm32f10x.o
    0x20000014   0x00000014   Data   RW         1738    .data               stm32f10x_rcc.o
    0x20000028   0x00000002   Data   RW         3346    .data               gps_config.o
    0x2000002a   0x00000002   Data   RW         3428    .data               usart.o
    0x2000002c   0x00000004   Data   RW         3429    .data               usart.o
    0x20000030   0x00000001   Data   RW         3467    .data               key.o
    0x20000031   0x00000001   PAD
    0x20000032   0x00000004   Data   RW         3501    .data               usart2.o
    0x20000036   0x00000002   Data   RW         3594    .data               ec20.o
    0x20000038   0x00000010   Data   RW         3665    .data               context.o
    0x20000048   0x00000034   Data   RW         4119    .data               parse.o
    0x2000007c   0x00000004   Data   RW         4528    .data               delay.o
    0x20000080   0x00000012   Data   RW         4719    .data               jt808_packager.o
    0x20000092   0x00000002   PAD
    0x20000094   0x00000004   Data   RW         4720    .data               jt808_packager.o
    0x20000098   0x00000004   Data   RW         4855    .data               jt808_parser.o
    0x2000009c   0x00000014   Data   RW         5012    .data               set_terminal_parameter.o
    0x200000b0   0x00000004   Data   RW         6321    .data               mc_w.l(mvars.o)
    0x200000b4   0x00000004   Data   RW         6322    .data               mc_w.l(mvars.o)
    0x200000b8   0x00000004   Data   RW         6326    .data               mc_w.l(errno.o)
    0x200000bc   0x0000000c   Zero   RW         3321    .bss                nema_decode_test.o
    0x200000c8   0x00000800   Zero   RW         3345    .bss                gps_config.o
    0x200008c8   0x000000c8   Zero   RW         3427    .bss                usart.o
    0x20000990   0x00002800   Zero   RW         3500    .bss                usart2.o
    0x20003190   0x00000100   Zero   RW         4117    .bss                parse.o
    0x20003290   0x00000180   Zero   RW         4604    .bss                client_manager.o
    0x20003410   0x00000400   Zero   RW         4717    .bss                jt808_packager.o
    0x20003810   0x00000400   Zero   RW         4852    .bss                jt808_parser.o
    0x20003c10   0x00001000   Zero   RW            2    HEAP                startup_stm32f10x_hd.o
    0x20004c10   0x00004000   Zero   RW            1    STACK               startup_stm32f10x_hd.o


==============================================================================

Image component sizes


      Code (inc. data)   RO Data    RW Data    ZI Data      Debug   Object Name

       174          0          0          0          0       2528   bcd.o
        76          0          0          0          0       1779   bsp_internal_flash.o
      2660       1378        163          0        384       9162   client_manager.o
       160          4          0         16          0       3639   context.o
         0          0          0          0          0       4500   core_cm3.o
       112         20          0          4          0       1188   delay.o
       272         40          0          2          0       2395   ec20.o
         0          0          0          0          0       3796   generate.o
        92          8          0          0          0        575   gmath.o
       922         96          0          2       2048       7189   gps_config.o
        30          0          0          0          0       2085   info.o
      1646        504        273         22       1024      14713   jt808_packager.o
      2280       1250        284          4       1024       9937   jt808_parser.o
       172         12          0          1          0        703   key.o
       416         90          0          0          0      12141   main.o
       148         14          0          0          0       2129   misc.o
       784        250          0          0         12       2237   nema_decode_test.o
      4614       1154        238         52        256      22813   parse.o
      1382         24          0          0          0       6094   parser.o
      1212         44          0         20          0      10551   set_terminal_parameter.o
        36          8        304          0      20480        860   startup_stm32f10x_hd.o
       416         28          0          0          0       6016   stm32f10x_dma.o
       236         36          0          0          0       4076   stm32f10x_flash.o
       180          0          0          0          0       2672   stm32f10x_gpio.o
        20          0          0          0          0       3847   stm32f10x_it.o
       312         48          0         20          0       6392   stm32f10x_rcc.o
       234         42          0          0          0       4243   stm32f10x_tim.o
       544         26          0          0          0       7903   stm32f10x_usart.o
         8          0          0          0          0        425   sys.o
       260         26          0         20          0     266825   system_stm32f10x.o
       436        256          0          0          0       1287   terminal_register.o
        22          0          0          0          0       1340   time.o
       526          0          0          0          0       2797   tok.o
       292         26          0          6        200       3704   usart.o
       814         80          0          4      10240       8044   usart2.o
       316         40          0          0          0       3409   util.o

    ----------------------------------------------------------------------
     21824       5504       1296        176      35668     443994   Object Totals
         0          0         32          0          0          0   (incl. Generated)
        20          0          2          3          0          0   (incl. Padding)

    ----------------------------------------------------------------------

      Code (inc. data)   RO Data    RW Data    ZI Data      Debug   Library Member Name

        28          0          0          0          0         80   strtod.o
        28          0          0          0          0         68   _chval.o
        64          0          0          0          0         84   _sgetc.o
       158          0          0          0          0         92   _strtoul.o
         8          4        133          0          0         68   ctype_o.o
         0          0          0          0          0          0   entry.o
         0          0          0          0          0          0   entry10a.o
         0          0          0          0          0          0   entry11a.o
         8          4          0          0          0          0   entry2.o
         4          0          0          0          0          0   entry5.o
         0          0          0          0          0          0   entry7b.o
         0          0          0          0          0          0   entry8b.o
         8          4          0          0          0          0   entry9a.o
         8          4          0          4          0         68   errno.o
        30          0          0          0          0          0   handlers.o
        36          8          0          0          0         68   init.o
        18          0          0          0          0         76   isspace_o.o
         0          0          0          0          0          0   iusefp.o
        30          0          0          0          0         68   llshl.o
        36          0          0          0          0         68   llsshr.o
        32          0          0          0          0         68   llushr.o
       188         20          0          0          0        160   malloc.o
        20          0          0          0          0         68   memchr.o
        26          0          0          0          0         80   memcmp.o
        36          0          0          0          0         68   memcpya.o
        36          0          0          0          0        108   memseta.o
         0          0          0          8          0          0   mvars.o
      1204         60          0          0          0        504   printf8.o
      2370        100          0          0          0        748   printfa.o
       838         12          0          0          0        216   scanf_fp.o
        14          0          0          0          0         68   strlen.o
        36          0          0          0          0         80   strstr.o
       156         12          0          0          0        120   strtod.o
       112          0          0          0          0         88   strtol.o
        44          0          0          0          0         80   uidiv.o
        98          0          0          0          0         92   uldiv.o
        48          0          0          0          0         68   cdrcmple.o
        56          0          0          0          0         88   d2f.o
       334          0          0          0          0        148   dadd.o
       222          0          0          0          0        100   ddiv.o
       186          0          0          0          0        176   depilogue.o
        62          0          0          0          0         80   dfixi.o
        50          0          0          0          0         76   dfixui.o
        48          0          0          0          0         68   dfixul.o
        34          0          0          0          0         76   dflti.o
        24          0          0          0          0         76   dfltul.o
       228          0          0          0          0         96   dmul.o
       110          0          0          0          0        168   fepilogue.o
        40          0          0          0          0         68   ffixui.o
       100          0          0          0          0         76   fmul.o

    ----------------------------------------------------------------------
      7224        228        136         12          0       4652   Library Totals
         8          0          3          0          0          0   (incl. Padding)

    ----------------------------------------------------------------------

      Code (inc. data)   RO Data    RW Data    ZI Data      Debug   Library Name

        28          0          0          0          0         80   m_ws.l
      5646        228        133         12          0       3208   mc_w.l
      1542          0          0          0          0       1364   mf_w.l

    ----------------------------------------------------------------------
      7224        228        136         12          0       4652   Library Totals

    ----------------------------------------------------------------------

==============================================================================


      Code (inc. data)   RO Data    RW Data    ZI Data      Debug   

     29048       5732       1432        188      35668     436110   Grand Totals
     29048       5732       1432        188      35668     436110   ELF Image Totals
     29048       5732       1432        188          0          0   ROM Totals

==============================================================================

    Total RO  Size (Code + RO Data)                30480 (  29.77kB)
    Total RW  Size (RW Data + ZI Data)             35856 (  35.02kB)
    Total ROM Size (Code + RO Data + RW Data)      30668 (  29.95kB)

==============================================================================

